<html>
<body>
<pre>
<h1>礦ision Build Log</h1>
<h2>Project:</h2>
E:\xiaoche\hanfu_src\makenamu\project\USER\CAN.uvprojx
Project File Date:  12/23/2017

<h2>Output:</h2>
Rebuild target 'CAN'
compiling main.c...
..\HARDWARE\PSTWO\pstwo.h(87): warning:  #1295-D: Deprecated declaration psinput - give arg types
  void psinput(); // 手柄按键输入
main.c(32): warning:  #177-D: variable "key" was declared but never referenced
        u8 key;
main.c(33): warning:  #177-D: variable "mode_change" was declared but never referenced
        u8 mode_change = 0;
main.c(39): warning:  #177-D: variable "speed" was declared but never referenced
        s16 speed,speed1,speed2; 
main.c(39): warning:  #177-D: variable "speed1" was declared but never referenced
        s16 speed,speed1,speed2; 
main.c(39): warning:  #177-D: variable "speed2" was declared but never referenced
        s16 speed,speed1,speed2; 
main.c(40): warning:  #177-D: variable "swerve" was declared but never referenced
        s16 swerve;           //转弯量    
main.c: 7 warnings, 0 errors
compiling stm32f10x_it.c...
compiling system_stm32f10x.c...
compiling drive.c...
..\HARDWARE\PSTWO\pstwo.h(87): warning:  #1295-D: Deprecated declaration psinput - give arg types
  void psinput(); // 手柄按键输入
..\SYSTEM\move\drive.c: 1 warning, 0 errors
compiling led.c...
compiling key.c...
compiling lcd.c...
compiling can.c...
compiling pstwo.c...
..\HARDWARE\PSTWO\pstwo.h(87): warning:  #1295-D: Deprecated declaration psinput - give arg types
  void psinput(); // 手柄按键输入
..\HARDWARE\PSTWO\pstwo.c: 1 warning, 0 errors
compiling rs485.c...
compiling timer.c...
compiling delay.c...
compiling sys.c...
compiling usart.c...
compiling canopen.c...
compiling system.c...
compiling magc.c...
..\SYSTEM\magc\magc.c(44): warning:  #1-D: last line of file ends without a newline
  }
..\SYSTEM\magc\magc.c: 1 warning, 0 errors
compiling core_cm3.c...
assembling startup_stm32f10x_hd.s...
compiling misc.c...
compiling stm32f10x_fsmc.c...
compiling stm32f10x_gpio.c...
compiling stm32f10x_rcc.c...
compiling stm32f10x_can.c...
compiling stm32f10x_usart.c...
compiling stm32f10x_tim.c...
linking...
Program Size: Code=33384 RO-data=624 RW-data=128 ZI-data=34640  
FromELF: creating hex file...
"..\OBJ\CAN.axf" - 0 Error(s), 10 Warning(s).
</pre>
</body>
</html>
 Undefined symbol TIM_ITConfig (referred from timer.o).
..\OBJ\CAN.axf: Error: L6218E: Undefined symbol TIM_TimeBaseInit (referred from timer.o).
Not enough information to list image symbols.
Finished: 1 information, 0 warning and 4 error messages.
"..\OBJ\CAN.axf" - 4 Error(s), 10 Warning(s).
Target not created
