ARM Linker, 5.03 [Build 76] [MDK-ARM Standard]

==============================================================================

Section Cross References

    main.o(.text) refers to delay.o(.text) for delay_init
    main.o(.text) refers to misc.o(.text) for NVIC_PriorityGroupConfig
    main.o(.text) refers to usart.o(.text) for uart_init
    main.o(.text) refers to led.o(.text) for LED_Init
    main.o(.text) refers to system.o(.text) for System_Init
    main.o(.text) refers to can.o(.text) for CAN_Mode_Init
    main.o(.text) refers to canopen.o(.text) for CanOpen_Init
    main.o(.text) refers to system.o(.data) for gHalData
    stm32f10x_it.o(.text) refers to stm32f10x_can.o(.text) for CAN_Receive
    stm32f10x_it.o(.text) refers to system.o(.data) for gHalData
    system_stm32f10x.o(.text) refers to system_stm32f10x.o(.data) for SystemCoreClock
    led.o(.text) refers to stm32f10x_rcc.o(.text) for RCC_APB2PeriphClockCmd
    led.o(.text) refers to stm32f10x_gpio.o(.text) for GPIO_Init
    key.o(.text) refers to stm32f10x_rcc.o(.text) for RCC_APB2PeriphClockCmd
    key.o(.text) refers to stm32f10x_gpio.o(.text) for GPIO_Init
    key.o(.text) refers to delay.o(.text) for delay_ms
    key.o(.text) refers to key.o(.data) for key_up
    lcd.o(.text) refers to _printf_percent.o(.ARM.Collect$$_printf_percent$$00000000) for _printf_percent
    lcd.o(.text) refers to _printf_x.o(.ARM.Collect$$_printf_percent$$0000000C) for _printf_x
    lcd.o(.text) refers to _printf_hex_int.o(.text) for _printf_longlong_hex
    lcd.o(.text) refers to delay.o(.text) for delay_us
    lcd.o(.text) refers to lcd.o(.bss) for lcddev
    lcd.o(.text) refers to lcd.o(.data) for POINT_COLOR
    lcd.o(.text) refers to dflt_clz.o(x$fpl$dfltu) for __aeabi_ui2d
    lcd.o(.text) refers to dmul.o(x$fpl$dmul) for __aeabi_dmul
    lcd.o(.text) refers to dfixu.o(x$fpl$dfixu) for __aeabi_d2uiz
    lcd.o(.text) refers to stm32f10x_rcc.o(.text) for RCC_AHBPeriphClockCmd
    lcd.o(.text) refers to stm32f10x_gpio.o(.text) for GPIO_Init
    lcd.o(.text) refers to stm32f10x_fsmc.o(.text) for FSMC_NORSRAMInit
    lcd.o(.text) refers to noretval__2printf.o(.text) for __2printf
    lcd.o(.text) refers to lcd.o(.constdata) for asc2_1206
    can.o(.text) refers to stm32f10x_rcc.o(.text) for RCC_APB2PeriphClockCmd
    can.o(.text) refers to stm32f10x_gpio.o(.text) for GPIO_Init
    can.o(.text) refers to stm32f10x_can.o(.text) for CAN_Init
    can.o(.text) refers to misc.o(.text) for NVIC_Init
    delay.o(.text) refers to misc.o(.text) for SysTick_CLKSourceConfig
    delay.o(.text) refers to system_stm32f10x.o(.data) for SystemCoreClock
    delay.o(.text) refers to delay.o(.data) for fac_us
    usart.o(.text) refers to stm32f10x_rcc.o(.text) for RCC_APB2PeriphClockCmd
    usart.o(.text) refers to stm32f10x_gpio.o(.text) for GPIO_Init
    usart.o(.text) refers to misc.o(.text) for NVIC_Init
    usart.o(.text) refers to stm32f10x_usart.o(.text) for USART_Init
    usart.o(.text) refers to usart.o(.data) for USART_RX_STA
    usart.o(.text) refers to usart.o(.bss) for USART_RX_BUF
    canopen.o(.text) refers to system.o(.data) for gHalData
    canopen.o(.text) refers to stm32f10x_can.o(.text) for CAN_Transmit
    system.o(.text) refers to system_stm32f10x.o(.text) for SystemInit
    system.o(.text) refers to stm32f10x_rcc.o(.text) for RCC_APB2PeriphClockCmd
    system.o(.text) refers to stm32f10x_gpio.o(.text) for GPIO_Init
    system.o(.text) refers to misc.o(.text) for NVIC_PriorityGroupConfig
    system.o(.text) refers to stm32f10x_usart.o(.text) for USART_Init
    system.o(.text) refers to stm32f10x_can.o(.text) for CAN_DeInit
    system.o(.text) refers to h1_alloc.o(.text) for malloc
    system.o(.text) refers to canopen.o(.text) for SendSDO
    system.o(.text) refers to system.o(.data) for gSysData
    system.o(.text) refers to rt_memclr_w.o(.text) for __aeabi_memclr4
    system.o(.text) refers to dflt_clz.o(x$fpl$dflt) for __aeabi_i2d
    system.o(.text) refers to dmul.o(x$fpl$dmul) for __aeabi_dmul
    system.o(.text) refers to ddiv.o(x$fpl$ddiv) for __aeabi_ddiv
    system.o(.text) refers to daddsub_clz.o(x$fpl$dsub) for __aeabi_dsub
    system.o(.text) refers to daddsub_clz.o(x$fpl$dadd) for __aeabi_dadd
    system.o(.text) refers to sin.o(i.sin) for sin
    system.o(.text) refers to cos.o(i.cos) for cos
    system.o(.text) refers to system.o(.bss) for firstflag
    system.o(.text) refers to dfix.o(x$fpl$dfix) for __aeabi_d2iz
    system.o(.text) refers to drleqf.o(x$fpl$drleqf) for __aeabi_cdrcmple
    system.o(.text) refers to dleqf.o(x$fpl$dleqf) for __aeabi_cdcmple
    system.o(.text) refers to daddsub_clz.o(x$fpl$drsb) for __aeabi_drsub
    system.o(.text) refers to sqrt.o(i.sqrt) for sqrt
    startup_stm32f10x_hd.o(STACK) refers (Special) to heapauxi.o(.text) for __use_two_region_memory
    startup_stm32f10x_hd.o(HEAP) refers (Special) to heapauxi.o(.text) for __use_two_region_memory
[...]
    Local Symbols

    Symbol Name                              Value     Ov Type        Size  Object(Section)

    ../clib/angel/boardlib.s                 0x00000000   Number         0  boardshut.o ABSOLUTE
    ../clib/angel/boardlib.s                 0x00000000   Number         0  boardinit3.o ABSOLUTE
    ../clib/angel/boardlib.s                 0x00000000   Number         0  boardinit1.o ABSOLUTE
    ../clib/angel/boardlib.s                 0x00000000   Number         0  boardinit2.o ABSOLUTE
    ../clib/angel/handlers.s                 0x00000000   Number         0  __scatter_zi.o ABSOLUTE
    ../clib/angel/handlers.s                 0x00000000   Number         0  __scatter_copy.o ABSOLUTE
    ../clib/angel/kernel.s                   0x00000000   Number         0  rtexit2.o ABSOLUTE
    ../clib/angel/kernel.s                   0x00000000   Number         0  rtentry.o ABSOLUTE
    ../clib/angel/kernel.s                   0x00000000   Number         0  rtentry2.o ABSOLUTE
    ../clib/angel/kernel.s                   0x00000000   Number         0  rtentry4.o ABSOLUTE
    ../clib/angel/kernel.s                   0x00000000   Number         0  rtexit.o ABSOLUTE
    ../clib/angel/rt.s                       0x00000000   Number         0  rt_raise.o ABSOLUTE
    ../clib/angel/rt.s                       0x00000000   Number         0  rt_heap_descriptor.o ABSOLUTE
    ../clib/angel/rt.s                       0x00000000   Number         0  rt_heap_descriptor_intlibspace.o ABSOLUTE
    ../clib/angel/rt.s                       0x00000000   Number         0  rt_errno_addr.o ABSOLUTE
    ../clib/angel/rt.s                       0x00000000   Number         0  rt_errno_addr_intlibspace.o ABSOLUTE
    ../clib/angel/scatter.s                  0x00000000   Number         0  __scatter.o ABSOLUTE
    ../clib/angel/startup.s                  0x00000000   Number         0  __main.o ABSOLUTE
    ../clib/angel/sys.s                      0x00000000   Number         0  indicate_semi.o ABSOLUTE
    ../clib/angel/sys.s                      0x00000000   Number         0  use_no_semi.o ABSOLUTE
    ../clib/angel/sys.s                      0x00000000   Number         0  libspace.o ABSOLUTE
    ../clib/angel/sys.s                      0x00000000   Number         0  mutex_dummy.o ABSOLUTE
    ../clib/angel/sys.s                      0x00000000   Number         0  sys_stackheap_outer.o ABSOLUTE
    ../clib/angel/sysapp.c                   0x00000000   Number         0  sys_io.o ABSOLUTE
    ../clib/angel/sysapp.c                   0x00000000   Number         0  sys_exit.o ABSOLUTE
    ../clib/angel/sysapp.c                   0x00000000   Number         0  sys_command.o ABSOLUTE
    ../clib/angel/sysapp.c                   0x00000000   Number         0  sys_wrch.o ABSOLUTE
    ../clib/armsys.c                         0x00000000   Number         0  _get_argv.o ABSOLUTE
    ../clib/armsys.c                         0x00000000   Number         0  no_argv.o ABSOLUTE
    ../clib/armsys.c                         0x00000000   Number         0  _get_argv_nomalloc.o ABSOLUTE
    ../clib/armsys.c                         0x00000000   Number         0  argv_veneer.o ABSOLUTE
    ../clib/armsys.c                         0x00000000   Number         0  argv_veneer.o ABSOLUTE
    ../clib/assert.c                         0x00000000   Number         0  assert_stdio.o ABSOLUTE
    ../clib/fenv.c                           0x00000000   Number         0  _rserrno.o ABSOLUTE
    ../clib/heap1.c                          0x00000000   Number         0  h1_free_mt.o ABSOLUTE
    ../clib/heap1.c                          0x00000000   Number         0  h1_init_mt.o ABSOLUTE
    ../clib/heap1.c                          0x00000000   Number         0  h1_init.o ABSOLUTE
    ../clib/heap1.c                          0x00000000   Number         0  h1_alloc_mt.o ABSOLUTE
    ../clib/heap1.c                          0x00000000   Number         0  h1_extend.o ABSOLUTE
    ../clib/heap1.c                          0x00000000   Number         0  h1_final_mt.o ABSOLUTE
    ../clib/heap1.c                          0x00000000   Number         0  h1_free.o ABSOLUTE
    ../clib/heap1.c                          0x00000000   Number         0  h1_extend_mt.o ABSOLUTE
    ../clib/heap1.c                          0x00000000   Number         0  h1_alloc.o ABSOLUTE
    ../clib/heap1.c                          0x00000000   Number         0  h1_final.o ABSOLUTE
    ../clib/heap2.c                          0x00000000   Number         0  fdtree.o ABSOLUTE
    ../clib/heap2.c                          0x00000000   Number         0  heap2mt.o ABSOLUTE
    ../clib/heap2.c                          0x00000000   Number         0  heap2.o ABSOLUTE
    ../clib/heapalloc.c                      0x00000000   Number         0  maybetermalloc1.o ABSOLUTE
    ../clib/heapalloc.c                      0x00000000   Number         0  heapstubs.o ABSOLUTE
    ../clib/heapalloc.c                      0x00000000   Number         0  free.o ABSOLUTE
    ../clib/heapalloc.c                      0x00000000   Number         0  maybetermalloc1.o ABSOLUTE
    ../clib/heapalloc.c                      0x00000000   Number         0  init_alloc.o ABSOLUTE
    ../clib/heapalloc.c                      0x00000000   Number         0  hguard.o ABSOLUTE
    ../clib/heapalloc.c                      0x00000000   Number         0  maybetermalloc2.o ABSOLUTE
    ../clib/heapalloc.c                      0x00000000   Number         0  maybetermalloc2.o ABSOLUTE
    ../clib/heapalloc.c                      0x00000000   Number         0  malloc.o ABSOLUTE
    ../clib/heapalloc.c                      0x00000000   Number         0  hrguard.o ABSOLUTE
    ../clib/heapalloc.c                      0x00000000   Number         0  term_alloc.o ABSOLUTE
    ../clib/heapaux.c                        0x00000000   Number         0  heapauxa.o ABSOLUTE
    ../clib/heapaux.c                        0x00000000   Number         0  heapauxi.o ABSOLUTE
    ../clib/libinit.s                        0x00000000   Number         0  libinit2.o ABSOLUTE
    ../clib/libinit.s                        0x00000000   Number         0  libinit.o ABSOLUTE
    ../clib/libinit.s                        0x00000000   Number         0  libshutdown2.o ABSOLUTE
    ../clib/libinit.s                        0x00000000   Number         0  libshutdown.o ABSOLUTE
    ../clib/memcpset.s                       0x00000000   Number         0  rt_memcpy_w.o ABSOLUTE
    ../clib/memcpset.s                       0x00000000   Number         0  rt_memclr_w.o ABSOLUTE
    ../clib/memcpset.s                       0x00000000   Number         0  rt_memcpy_v6.o ABSOLUTE
    ../clib/printf.c                         0x00000000   Number         0  __printf_flags_wp.o ABSOLUTE
    ../clib/printf.c                         0x00000000   Number         0  __printf_ss_wp.o ABSOLUTE
    ../clib/printf.c                         0x00000000   Number         0  __printf_flags_ss_wp.o ABSOLUTE
    ../clib/printf.c                         0x00000000   Number         0  __printf_wp.o ABSOLUTE
    ../clib/printf.c                         0x00000000   Number         0  _printf_char_common.o ABSOLUTE
    ../clib/printf.c                         0x00000000   Number         0  _printf_intcommon.o ABSOLUTE
    ../clib/printf.c                         0x00000000   Number         0  _printf_char_file.o ABSOLUTE
    ../clib/printf.c                         0x00000000   Number         0  __2printf.o ABSOLUTE
    ../clib/printf.c                         0x00000000   Number         0  _printf_char_file_locked.o ABSOLUTE
    ../clib/printf.c                         0x00000000   Number         0  __printf_nopercent.o ABSOLUTE
    ../clib/printf.c                         0x00000000   Number         0  noretval__2printf.o ABSOLUTE
    ../clib/printf.c                         0x00000000   Number         0  __printf.o ABSOLUTE
    ../clib/printf.c                         0x00000000   Number         0  _printf_hex_ll.o ABSOLUTE
    ../clib/printf.c                         0x00000000   Number         0  _printf_hex_int.o ABSOLUTE
    ../clib/printf.c                         0x00000000   Number         0  _printf_hex_int_ll.o ABSOLUTE
    ../clib/printf.c                         0x00000000   Number         0  _printf_hex_ptr.o ABSOLUTE
    ../clib/printf.c                         0x00000000   Number         0  _printf_hex_int_ptr.o ABSOLUTE
    ../clib/printf.c                         0x00000000   Number         0  _printf_hex_ll_ptr.o ABSOLUTE
    ../clib/printf.c                         0x00000000   Number         0  _printf_hex_int_ll_ptr.o ABSOLUTE
    ../clib/printf.c                         0x00000000   Number         0  __printf_flags.o ABSOLUTE
    ../clib/printf.c                         0x00000000   Number         0  __printf_ss.o ABSOLUTE
    ../clib/printf.c                         0x00000000   Number         0  __printf_flags_ss.o ABSOLUTE
    ../clib/printf_percent.s                 0x00000000   Number         0  _printf_x.o ABSOLUTE
    ../clib/printf_percent.s                 0x00000000   Number         0  _printf_percent.o ABSOLUTE
    ../clib/printf_percent.s                 0x00000000   Number         0  _printf_percent_end.o ABSOLUTE
    ../clib/signal.c                         0x00000000   Number         0  defsig_exit.o ABSOLUTE
    ../clib/signal.c                         0x00000000   Number         0  defsig_rtred_formal.o ABSOLUTE
    ../clib/signal.c                         0x00000000   Number         0  defsig_rtred_inner.o ABSOLUTE
    ../clib/signal.c                         0x00000000   Number         0  defsig_general.o ABSOLUTE
    ../clib/signal.c                         0x00000000   Number         0  __raise.o ABSOLUTE
    ../clib/signal.c                         0x00000000   Number         0  defsig_rtred_outer.o ABSOLUTE
    ../clib/signal.c                         0x00000000   Number         0  defsig_fpe_inner.o ABSOLUTE
    ../clib/signal.c                         0x00000000   Number         0  defsig_other.o ABSOLUTE
    ../clib/signal.c                         0x00000000   Number         0  defsig_abrt_inner.o ABSOLUTE
    ../clib/signal.c                         0x00000000   Number         0  defsig_segv_inner.o ABSOLUTE
    ../clib/signal.c                         0x00000000   Number         0  defsig_rtmem_inner.o ABSOLUTE
    ../clib/signal.c                         0x00000000   Number         0  defsig_rtmem_formal.o ABSOLUTE
    ../clib/signal.c                         0x00000000   Number         0  defsig_cppl_inner.o ABSOLUTE
    ../clib/signal.c                         0x00000000   Number         0  defsig_rtmem_outer.o ABSOLUTE
    ../clib/signal.c                         0x00000000   Number         0  defsig_pvfn_inner.o ABSOLUTE
    ../clib/signal.c                         0x00000000   Number         0  defsig_stak_inner.o ABSOLUTE
    ../clib/signal.s                         0x00000000   Number         0  defsig.o ABSOLUTE
    ../clib/stdio.c                          0x00000000   Number         0  fopen_locked.o ABSOLUTE
    ../clib/stdio.c                          0x00000000   Number         0  fwritefast_locked.o ABSOLUTE
    ../clib/stdio.c                          0x00000000   Number         0  setvbuf_locked.o ABSOLUTE
    ../clib/stdio.c                          0x00000000   Number         0  fflush.o ABSOLUTE
    ../clib/stdio.c                          0x00000000   Number         0  initio_locked.o ABSOLUTE
    ../clib/stdio.c                          0x00000000   Number         0  ferror_locked.o ABSOLUTE
    ../clib/stdio.c                          0x00000000   Number         0  fflush_locked.o ABSOLUTE
    ../clib/stdio.c                          0x00000000   Number         0  ferror.o ABSOLUTE
    ../clib/stdio.c                          0x00000000   Number         0  fputs_locked.o ABSOLUTE
    ../clib/stdio.c                          0x00000000   Number         0  ftell.o ABSOLUTE
    ../clib/stdio.c                          0x00000000   Number         0  fputs.o ABSOLUTE
    ../clib/stdio.c                          0x00000000   Number         0  fwritefast.o ABSOLUTE
    ../clib/stdio.c                          0x00000000   Number         0  stdio.o ABSOLUTE
    ../clib/stdio.c                          0x00000000   Number         0  fseek.o ABSOLUTE
    ../clib/stdio.c                          0x00000000   Number         0  stdio_streams.o ABSOLUTE
    ../clib/stdio.c                          0x00000000   Number         0  fputc_locked.o ABSOLUTE
    ../clib/stdio.c                          0x00000000   Number         0  flsbuf.o ABSOLUTE
    ../clib/stdio.c                          0x00000000   Number         0  setvbuf.o ABSOLUTE
    ../clib/stdio.c                          0x00000000   Number         0  streamlock.o ABSOLUTE
    ../clib/stdio.c                          0x00000000   Number         0  initio.o ABSOLUTE
    ../clib/stdio.c                          0x00000000   Number         0  fopen.o ABSOLUTE
    ../clib/stdio.c                          0x00000000   Number         0  fputc.o ABSOLUTE
    ../clib/stdio.c                          0x00000000   Number         0  fclose.o ABSOLUTE
    ../clib/stdlib.c                         0x00000000   Number         0  exit.o ABSOLUTE
    ../clib/string.c                         0x00000000   Number         0  strlen.o ABSOLUTE
    ../clib/wchar.c                          0x00000000   Number         0  flsbuf_fwide.o ABSOLUTE
    ../fplib/daddsub.s                       0x00000000   Number         0  daddsub_clz.o ABSOLUTE
    ../fplib/dcheck1.s                       0x00000000   Number         0  dcheck1.o ABSOLUTE
    ../fplib/dcmpi.s                         0x00000000   Number         0  dcmpi.o ABSOLUTE
    ../fplib/ddiv.s                          0x00000000   Number         0  ddiv.o ABSOLUTE
    ../fplib/dfix.s                          0x00000000   Number         0  dfix.o ABSOLUTE
    ../fplib/dfixu.s                         0x00000000   Number         0  dfixu.o ABSOLUTE
    ../fplib/dflt.s                          0x00000000   Number         0  dflt_clz.o ABSOLUTE
    ../fplib/dleqf.s                         0x00000000   Number         0  dleqf.o ABSOLUTE
    ../fplib/dmul.s                          0x00000000   Number         0  dmul.o ABSOLUTE
    ../fplib/dnaninf.s                       0x00000000   Number         0  dnaninf.o ABSOLUTE
    ../fplib/dretinf.s                       0x00000000   Number         0  dretinf.o ABSOLUTE
    ../fplib/drleqf.s                        0x00000000   Number         0  drleqf.o ABSOLUTE
    ../fplib/dsqrt.s                         0x00000000   Number         0  dsqrt_noumaal.o ABSOLUTE
    ../fplib/fpinit.s                        0x00000000   Number         0  fpinit.o ABSOLUTE
    ../fplib/retnan.s                        0x00000000   Number         0  retnan.o ABSOLUTE
    ../fplib/scalbn.s                        0x00000000   Number         0  scalbn.o ABSOLUTE
    ../fplib/trapv.s                         0x00000000   Number         0  trapv.o ABSOLUTE
    ../fplib/usenofp.s                       0x00000000   Number         0  usenofp.o ABSOLUTE
    ../mathlib/cos.c                         0x00000000   Number         0  cos.o ABSOLUTE
    ../mathlib/cos.c                         0x00000000   Number         0  cos_x.o ABSOLUTE
    ../mathlib/cos_i.c                       0x00000000   Number         0  cos_i.o ABSOLUTE
    ../mathlib/dunder.c                      0x00000000   Number         0  dunder.o ABSOLUTE
    ../mathlib/fpclassify.c                  0x00000000   Number         0  fpclassify.o ABSOLUTE
    ../mathlib/poly.c                        0x00000000   Number         0  poly.o ABSOLUTE
    ../mathlib/rred.c                        0x00000000   Number         0  rred.o ABSOLUTE
    ../mathlib/sin.c                         0x00000000   Number         0  sin_x.o ABSOLUTE
    ../mathlib/sin.c                         0x00000000   Number         0  sin.o ABSOLUTE
    ../mathlib/sin_i.c                       0x00000000   Number         0  sin_i_x.o ABSOLUTE
    ../mathlib/sin_i.c                       0x00000000   Number         0  sin_i.o ABSOLUTE
    ../mathlib/sqrt.c                        0x00000000   Number         0  sqrt.o ABSOLUTE
    ../mathlib/sqrt.c                        0x00000000   Number         0  sqrt_x.o ABSOLUTE
    ..\CORE\core_cm3.c                       0x00000000   Number         0  core_cm3.o ABSOLUTE
    ..\CORE\startup_stm32f10x_hd.s           0x00000000   Number         0  startup_stm32f10x_hd.o ABSOLUTE
    ..\HARDWARE\CAN\can.c                    0x00000000   Number         0  can.o ABSOLUTE
    ..\HARDWARE\KEY\key.c                    0x00000000   Number         0  key.o ABSOLUTE
    ..\HARDWARE\LCD\lcd.c                    0x00000000   Number         0  lcd.o ABSOLUTE
    ..\HARDWARE\LED\led.c                    0x00000000   Number         0  led.o ABSOLUTE
    ..\STM32F10x_FWLib\src\misc.c            0x00000000   Number         0  misc.o ABSOLUTE
    ..\STM32F10x_FWLib\src\stm32f10x_can.c   0x00000000   Number         0  stm32f10x_can.o ABSOLUTE
    ..\STM32F10x_FWLib\src\stm32f10x_fsmc.c  0x00000000   Number         0  stm32f10x_fsmc.o ABSOLUTE
    ..\STM32F10x_FWLib\src\stm32f10x_gpio.c  0x00000000   Number         0  stm32f10x_gpio.o ABSOLUTE
    ..\STM32F10x_FWLib\src\stm32f10x_rcc.c   0x00000000   Number         0  stm32f10x_rcc.o ABSOLUTE
    ..\STM32F10x_FWLib\src\stm32f10x_usart.c 0x00000000   Number         0  stm32f10x_usart.o ABSOLUTE
    ..\SYSTEM\delay\delay.c                  0x00000000   Number         0  delay.o ABSOLUTE
    ..\SYSTEM\sys\sys.c                      0x00000000   Number         0  sys.o ABSOLUTE
    ..\SYSTEM\usart\usart.c                  0x00000000   Number         0  usart.o ABSOLUTE
    ..\\CORE\\core_cm3.c                     0x00000000   Number         0  core_cm3.o ABSOLUTE
    ..\\SYSTEM\\sys\\sys.c                   0x00000000   Number         0  sys.o ABSOLUTE
    canopen.c                                0x00000000   Number         0  canopen.o ABSOLUTE
    dc.s                                     0x00000000   Number         0  dc.o ABSOLUTE
    main.c                                   0x00000000   Number         0  main.o ABSOLUTE
    stm32f10x_it.c                           0x00000000   Number         0  stm32f10x_it.o ABSOLUTE
    system.c                                 0x00000000   Number         0  system.o ABSOLUTE
    system_stm32f10x.c                       0x00000000   Number         0  system_stm32f10x.o ABSOLUTE
    RESET                                    0x08000000   Section      304  startup_stm32f10x_hd.o(RESET)
    !!!main                                  0x08000130   Section        8  __main.o(!!!main)
    !!!scatter                               0x08000138   Section       52  __scatter.o(!!!scatter)
    !!handler_copy                           0x0800016c   Section       26  __scatter_copy.o(!!handler_copy)
    !!handler_zi                             0x08000188   Section       28  __scatter_zi.o(!!handler_zi)
    .ARM.Collect$$libinit$$00000000          0x080001a4   Section        2  libinit.o(.ARM.Collect$$libinit$$00000000)
    .ARM.Collect$$libinit$$00000002          0x080001a6   Section        0  libinit2.o(.ARM.Collect$$libinit$$00000002)
    .ARM.Collect$$libinit$$00000003          0x080001a6   Section        8  libinit2.o(.ARM.Collect$$libinit$$00000003)
    .ARM.Collect$$libinit$$00000008          0x080001ae   Section        0  libinit2.o(.ARM.Collect$$libinit$$00000008)
    .ARM.Collect$$libinit$$0000000A          0x080001ae   Section        0  libinit2.o(.ARM.Collect$$libinit$$0000000A)
    .ARM.Collect$$libinit$$0000000C          0x080001ae   Section        0  libinit2.o(.ARM.Collect$$libinit$$0000000C)
    .ARM.Collect$$libinit$$0000000F          0x080001ae   Section        0  libinit2.o(.ARM.Collect$$libinit$$0000000F)
    .ARM.Collect$$libinit$$00000011          0x080001ae   Section        0  libinit2.o(.ARM.Collect$$libinit$$00000011)
    .ARM.Collect$$libinit$$00000013          0x080001ae   Section        0  libinit2.o(.ARM.Collect$$libinit$$00000013)
    .ARM.Collect$$libinit$$00000015          0x080001ae   Section        0  libinit2.o(.ARM.Collect$$libinit$$00000015)
    .ARM.Collect$$libinit$$00000017          0x080001ae   Section        0  libinit2.o(.ARM.Collect$$libinit$$00000017)
    .ARM.Collect$$libinit$$00000019          0x080001ae   Section        0  libinit2.o(.ARM.Collect$$libinit$$00000019)
    .ARM.Collect$$libinit$$0000001B          0x080001ae   Section        0  libinit2.o(.ARM.Collect$$libinit$$0000001B)
    .ARM.Collect$$libinit$$0000001D          0x080001ae   Section        0  libinit2.o(.ARM.Collect$$libinit$$0000001D)
    .ARM.Collect$$libinit$$0000001F          0x080001ae   Section        0  libinit2.o(.ARM.Collect$$libinit$$0000001F)
    .ARM.Collect$$libinit$$00000021          0x080001ae   Section        0  libinit2.o(.ARM.Collect$$libinit$$00000021)
    .ARM.Collect$$libinit$$00000023          0x080001ae   Section        0  libinit2.o(.ARM.Collect$$libinit$$00000023)
    .ARM.Collect$$libinit$$0000002A          0x080001ae   Section        0  libinit2.o(.ARM.Collect$$libinit$$0000002A)
    .ARM.Collect$$libinit$$0000002C          0x080001ae   Section        0  libinit2.o(.ARM.Collect$$libinit$$0000002C)
    .ARM.Collect$$libinit$$0000002E          0x080001ae   Section        0  libinit2.o(.ARM.Collect$$libinit$$0000002E)
    .ARM.Collect$$libinit$$00000030          0x080001ae   Section        0  libinit2.o(.ARM.Collect$$libinit$$00000030)
    .ARM.Collect$$libinit$$00000031          0x080001ae   Section        2  libinit2.o(.ARM.Collect$$libinit$$00000031)
    .ARM.Collect$$libshutdown$$00000000      0x080001b0   Section        2  libshutdown.o(.ARM.Collect$$libshutdown$$00000000)
    .ARM.Collect$$libshutdown$$00000003      0x080001b2   Section        0  libshutdown2.o(.ARM.Collect$$libshutdown$$00000003)
    .ARM.Collect$$libshutdown$$00000006      0x080001b2   Section        0  libshutdown2.o(.ARM.Collect$$libshutdown$$00000006)
    .ARM.Collect$$libshutdown$$00000009      0x080001b2   Section        0  libshutdown2.o(.ARM.Collect$$libshutdown$$00000009)
    .ARM.Collect$$libshutdown$$0000000B      0x080001b2   Section        0  libshutdown2.o(.ARM.Collect$$libshutdown$$0000000B)
    .ARM.Collect$$libshutdown$$0000000E      0x080001b2   Section        0  libshutdown2.o(.ARM.Collect$$libshutdown$$0000000E)
    .ARM.Collect$$libshutdown$$0000000F      0x080001b2   Section        2  libshutdown2.o(.ARM.Collect$$libshutdown$$0000000F)
    .ARM.Collect$$rtentry$$00000000          0x080001b4   Section        0  rtentry.o(.ARM.Collect$$rtentry$$00000000)
    .ARM.Collect$$rtentry$$00000002          0x080001b4   Section        0  rtentry2.o(.ARM.Collect$$rtentry$$00000002)
    .ARM.Collect$$rtentry$$00000004          0x080001b4   Section        6  rtentry4.o(.ARM.Collect$$rtentry$$00000004)
    .ARM.Collect$$rtentry$$00000009          0x080001ba   Section        0  rtentry2.o(.ARM.Collect$$rtentry$$00000009)
    .ARM.Collect$$rtentry$$0000000A          0x080001ba   Section        4  rtentry2.o(.ARM.Collect$$rtentry$$0000000A)
    .ARM.Collect$$rtentry$$0000000C          0x080001be   Section        0  rtentry2.o(.ARM.Collect$$rtentry$$0000000C)
    .ARM.Collect$$rtentry$$0000000D          0x080001be   Section        8  rtentry2.o(.ARM.Collect$$rtentry$$0000000D)
    .ARM.Collect$$rtexit$$00000000           0x080001c6   Section        2  rtexit.o(.ARM.Collect$$rtexit$$00000000)
    .ARM.Collect$$rtexit$$00000002           0x080001c8   Section        0  rtexit2.o(.ARM.Collect$$rtexit$$00000002)
    .ARM.Collect$$rtexit$$00000003           0x080001c8   Section        4  rtexit2.o(.ARM.Collect$$rtexit$$00000003)
    .ARM.Collect$$rtexit$$00000004           0x080001cc   Section        6  rtexit2.o(.ARM.Collect$$rtexit$$00000004)
    .emb_text                                0x080001d4   Section        0  maybetermalloc1.o(.emb_text)
    .text                                    0x080001d4   Section        0  main.o(.text)
    .text                                    0x0800025c   Section        0  stm32f10x_it.o(.text)
    .text                                    0x080003e0   Section        0  system_stm32f10x.o(.text)
    SetSysClockTo72                          0x080003e1   Thumb Code   212  system_stm32f10x.o(.text)
    SetSysClock                              0x080004b5   Thumb Code     8  system_stm32f10x.o(.text)
    .text                                    0x080005bc   Section        0  led.o(.text)
    .text                                    0x08000608   Section        0  can.o(.text)
    .text                                    0x080007a0   Section        0  delay.o(.text)
    .text                                    0x08000870   Section        0  usart.o(.text)
    .text                                    0x08000994   Section        0  canopen.o(.text)
    .text                                    0x0800101c   Section        0  system.o(.text)
    .text                                    0x080041c8   Section       64  startup_stm32f10x_hd.o(.text)
    .text                                    0x08004208   Section        0  misc.o(.text)
    .text                                    0x080042e4   Section        0  stm32f10x_gpio.o(.text)
    .text                                    0x0800463c   Section        0  stm32f10x_rcc.o(.text)
    .text                                    0x080049e0   Section        0  stm32f10x_can.o(.text)
    CheckITStatus                            0x080051e3   Thumb Code    16  stm32f10x_can.o(.text)
    .text                                    0x080053cc   Section        0  stm32f10x_usart.o(.text)
    .text                                    0x080057d4   Section        0  h1_alloc.o(.text)
    .text                                    0x08005832   Section       78  rt_memclr_w.o(.text)
    .text                                    0x08005880   Section        0  heapauxi.o(.text)
    .text                                    0x08005888   Section        8  rt_heap_descriptor_intlibspace.o(.text)
    .text                                    0x08005890   Section        0  hguard.o(.text)
    .text                                    0x08005894   Section        0  init_alloc.o(.text)
    .text                                    0x0800591e   Section        0  h1_init.o(.text)
    .text                                    0x0800592c   Section        0  h1_free.o(.text)
    .text                                    0x0800597a   Section        0  _rserrno.o(.text)
    .text                                    0x08005990   Section        8  libspace.o(.text)
    .text                                    0x08005998   Section        8  rt_errno_addr_intlibspace.o(.text)
    .text                                    0x080059a0   Section        0  h1_extend.o(.text)
    .text                                    0x080059d4   Section        0  defsig_rtmem_outer.o(.text)
    .text                                    0x080059e2   Section        2  use_no_semi.o(.text)
    .text                                    0x080059e4   Section        0  indicate_semi.o(.text)
    .text                                    0x080059e4   Section       74  sys_stackheap_outer.o(.text)
    .text                                    0x08005a2e   Section        0  exit.o(.text)
    .text                                    0x08005a3a   Section        0  defsig_exit.o(.text)
    .text                                    0x08005a44   Section        0  defsig_rtmem_inner.o(.text)
    .text                                    0x08005a94   Section        0  sys_exit.o(.text)
    .text                                    0x08005aa0   Section        0  defsig_general.o(.text)
    .text                                    0x08005ad2   Section        0  sys_wrch.o(.text)
    i.__ARM_fpclassify                       0x08005ae0   Section        0  fpclassify.o(i.__ARM_fpclassify)
    i.__ieee754_rem_pio2                     0x08005b08   Section        0  rred.o(i.__ieee754_rem_pio2)
    i.__kernel_cos                           0x08005e90   Section        0  cos_i.o(i.__kernel_cos)
    i.__kernel_poly                          0x08005f8c   Section        0  poly.o(i.__kernel_poly)
    i.__kernel_sin                           0x08006038   Section        0  sin_i.o(i.__kernel_sin)
    i.__mathlib_dbl_underflow                0x08006124   Section        0  dunder.o(i.__mathlib_dbl_underflow)
    i.cos                                    0x08006134   Section        0  cos.o(i.cos)
    i.sin                                    0x080061e0   Section        0  sin.o(i.sin)
    i.sqrt                                   0x08006290   Section        0  sqrt.o(i.sqrt)
    x$fpl$dadd                               0x080062dc   Section      336  daddsub_clz.o(x$fpl$dadd)
    _dadd1                                   0x080062ed   Thumb Code     0  daddsub_clz.o(x$fpl$dadd)
    x$fpl$dcheck1                            0x0800642c   Section       16  dcheck1.o(x$fpl$dcheck1)
    x$fpl$dcmpinf                            0x0800643c   Section       24  dcmpi.o(x$fpl$dcmpinf)
    x$fpl$ddiv                               0x08006454   Section      688  ddiv.o(x$fpl$ddiv)
    ddiv_entry                               0x0800645b   Thumb Code     0  ddiv.o(x$fpl$ddiv)
    x$fpl$dfix                               0x08006704   Section       94  dfix.o(x$fpl$dfix)
    x$fpl$dflt                               0x08006762   Section       46  dflt_clz.o(x$fpl$dflt)
    x$fpl$dfltu                              0x08006790   Section       38  dflt_clz.o(x$fpl$dfltu)
    x$fpl$dleqf                              0x080067b8   Section      120  dleqf.o(x$fpl$dleqf)
    x$fpl$dmul                               0x08006830   Section      340  dmul.o(x$fpl$dmul)
    x$fpl$dnaninf                            0x08006984   Section      156  dnaninf.o(x$fpl$dnaninf)
    x$fpl$dretinf                            0x08006a20   Section       12  dretinf.o(x$fpl$dretinf)
    x$fpl$drleqf                             0x08006a2c   Section      108  drleqf.o(x$fpl$drleqf)
    x$fpl$drsb                               0x08006a98   Section       22  daddsub_clz.o(x$fpl$drsb)
    x$fpl$dsqrt                              0x08006ab0   Section      460  dsqrt_noumaal.o(x$fpl$dsqrt)
    x$fpl$dsub                               0x08006c7c   Section      468  daddsub_clz.o(x$fpl$dsub)
    _dsub1                                   0x08006c8d   Thumb Code     0  daddsub_clz.o(x$fpl$dsub)
    x$fpl$retnan                             0x08006e50   Section      100  retnan.o(x$fpl$retnan)
    x$fpl$scalbn                             0x08006eb4   Section       92  scalbn.o(x$fpl$scalbn)
    x$fpl$trapveneer                         0x08006f10   Section       48  trapv.o(x$fpl$trapveneer)
    .constdata                               0x08006f40   Section       48  cos_i.o(.constdata)
    x$fpl$usenofp                            0x08006f40   Section        0  usenofp.o(x$fpl$usenofp)
    C                                        0x08006f40   Data          48  cos_i.o(.constdata)
    .constdata                               0x08006f70   Section      200  rred.o(.constdata)
    pio2s                                    0x08006f70   Data          48  rred.o(.constdata)
    twooverpi                                0x08006fa0   Data         152  rred.o(.constdata)
    .constdata                               0x08007038   Section       40  sin_i.o(.constdata)
    S                                        0x08007038   Data          40  sin_i.o(.constdata)
    .data                                    0x20000000   Section       20  system_stm32f10x.o(.data)
    .data                                    0x20000014   Section        4  delay.o(.data)
    fac_us                                   0x20000014   Data           1  delay.o(.data)
    fac_ms                                   0x20000016   Data           2  delay.o(.data)
    .data                                    0x20000018   Section        2  usart.o(.data)
    .data                                    0x2000001c   Section       40  system.o(.data)
    segstate                                 0x20000020   Data           4  system.o(.data)
    finishnum                                0x20000024   Data           4  system.o(.data)
    flagssss                                 0x20000028   Data           1  system.o(.data)
    .data                                    0x20000044   Section       20  stm32f10x_rcc.o(.data)
    APBAHBPrescTable                         0x20000044   Data          16  stm32f10x_rcc.o(.data)
    ADCPrescTable                            0x20000054   Data           4  stm32f10x_rcc.o(.data)
    .bss                                     0x20000058   Section      200  usart.o(.bss)
    .bss                                     0x20000120   Section      476  system.o(.bss)
    firstflag                                0x200002c4   Data          16  system.o(.bss)
    finish                                   0x200002d4   Data          40  system.o(.bss)
    .bss                                     0x200002fc   Section       96  libspace.o(.bss)
    HEAP                                     0x20000360   Section    32768  startup_stm32f10x_hd.o(HEAP)
    Heap_Mem                                 0x20000360   Data       32768  startup_stm32f10x_hd.o(HEAP)
    STACK                                    0x20008360   Section     1024  startup_stm32f10x_hd.o(STACK)
    Stack_Mem                                0x20008360   Data        1024  startup_stm32f10x_hd.o(STACK)
    __initial_sp                             0x20008760   Data           0  startup_stm32f10x_hd.o(STACK)

    Global Symbols

    Symbol Name                              Value     Ov Type        Size  Object(Section)

    BuildAttributes$$THM_ISAv4$P$D$K$B$S$PE$A:L22UL41UL21$X:L11$S22US41US21$IEEE1$IW$USESV6$~STKCKD$USESV7$~SHL$OTIME$ROPI$IEEEX$EBA8$UX$STANDARDLIB$REQ8$PRES8$EABIv2 0x00000000   Number         0  anon$$obj.o ABSOLUTE
    __ARM_use_no_argv                        0x00000000   Number         0  main.o ABSOLUTE
    __ARM_exceptions_init                     - Undefined Weak Reference
    __alloca_initialize                       - Undefined Weak Reference
    __cpp_initialize__aeabi_                  - Undefined Weak Reference
    __cxa_finalize                            - Undefined Weak Reference
    __rt_locale                               - Undefined Weak Reference
    __sigvec_lookup                           - Undefined Weak Reference
    __user_heap_extent                        - Undefined Weak Reference
    _atexit_init                              - Undefined Weak Reference
    _call_atexit_fns                          - Undefined Weak Reference
    _clock_init                               - Undefined Weak Reference
    _fp_trap_init                             - Undefined Weak Reference
    _fp_trap_shutdown                         - Undefined Weak Reference
    _get_lc_collate                           - Undefined Weak Reference
    _get_lc_ctype                             - Undefined Weak Reference
    _get_lc_monetary                          - Undefined Weak Reference
    _get_lc_numeric                           - Undefined Weak Reference
    _get_lc_time                              - Undefined Weak Reference
    _getenv_init                              - Undefined Weak Reference
    _handle_redirection                       - Undefined Weak Reference
    _mutex_acquire                            - Undefined Weak Reference
    _mutex_free                               - Undefined Weak Reference
    _mutex_release                            - Undefined Weak Reference
    _printf_post_padding                      - Undefined Weak Reference
    _printf_pre_padding                       - Undefined Weak Reference
    _printf_truncate_unsigned                 - Undefined Weak Reference
    _rand_init                                - Undefined Weak Reference
    _signal_finish                            - Undefined Weak Reference
    _signal_init                              - Undefined Weak Reference
    __Vectors_Size                           0x00000130   Number         0  startup_stm32f10x_hd.o ABSOLUTE
    __Vectors                                0x08000000   Data           4  startup_stm32f10x_hd.o(RESET)
    __Vectors_End                            0x08000130   Data           0  startup_stm32f10x_hd.o(RESET)
    __main                                   0x08000131   Thumb Code     8  __main.o(!!!main)
    __scatterload                            0x08000139   Thumb Code     0  __scatter.o(!!!scatter)
    __scatterload_rt2                        0x08000139   Thumb Code    44  __scatter.o(!!!scatter)
    __scatterload_rt2_thumb_only             0x08000139   Thumb Code     0  __scatter.o(!!!scatter)
    __scatterload_null                       0x08000147   Thumb Code     0  __scatter.o(!!!scatter)
    __scatterload_copy                       0x0800016d   Thumb Code    26  __scatter_copy.o(!!handler_copy)
    __scatterload_zeroinit                   0x08000189   Thumb Code    28  __scatter_zi.o(!!handler_zi)
    __rt_lib_init                            0x080001a5   Thumb Code     0  libinit.o(.ARM.Collect$$libinit$$00000000)
    __rt_lib_init_fp_1                       0x080001a7   Thumb Code     0  libinit2.o(.ARM.Collect$$libinit$$00000002)
    __rt_lib_init_heap_2                     0x080001a7   Thumb Code     0  libinit2.o(.ARM.Collect$$libinit$$00000003)
    __rt_lib_init_alloca_1                   0x080001af   Thumb Code     0  libinit2.o(.ARM.Collect$$libinit$$0000002C)
    __rt_lib_init_argv_1                     0x080001af   Thumb Code     0  libinit2.o(.ARM.Collect$$libinit$$0000002A)
    __rt_lib_init_atexit_1                   0x080001af   Thumb Code     0  libinit2.o(.ARM.Collect$$libinit$$00000019)
    __rt_lib_init_clock_1                    0x080001af   Thumb Code     0  libinit2.o(.ARM.Collect$$libinit$$0000001F)
    __rt_lib_init_cpp_1                      0x080001af   Thumb Code     0  libinit2.o(.ARM.Collect$$libinit$$00000030)
    __rt_lib_init_exceptions_1               0x080001af   Thumb Code     0  libinit2.o(.ARM.Collect$$libinit$$0000002E)
    __rt_lib_init_fp_trap_1                  0x080001af   Thumb Code     0  libinit2.o(.ARM.Collect$$libinit$$0000001D)
    __rt_lib_init_getenv_1                   0x080001af   Thumb Code     0  libinit2.o(.ARM.Collect$$libinit$$00000021)
    __rt_lib_init_heap_1                     0x080001af   Thumb Code     0  libinit2.o(.ARM.Collect$$libinit$$00000008)
    __rt_lib_init_lc_collate_1               0x080001af   Thumb Code     0  libinit2.o(.ARM.Collect$$libinit$$0000000F)
    __rt_lib_init_lc_ctype_1                 0x080001af   Thumb Code     0  libinit2.o(.ARM.Collect$$libinit$$00000011)
    __rt_lib_init_lc_monetary_1              0x080001af   Thumb Code     0  libinit2.o(.ARM.Collect$$libinit$$00000013)
    __rt_lib_init_lc_numeric_1               0x080001af   Thumb Code     0  libinit2.o(.ARM.Collect$$libinit$$00000015)
    __rt_lib_init_lc_time_1                  0x080001af   Thumb Code     0  libinit2.o(.ARM.Collect$$libinit$$00000017)
    __rt_lib_init_rand_1                     0x080001af   Thumb Code     0  libinit2.o(.ARM.Collect$$libinit$$0000000C)
    __rt_lib_init_return                     0x080001af   Thumb Code     0  libinit2.o(.ARM.Collect$$libinit$$00000031)
    __rt_lib_init_signal_1                   0x080001af   Thumb Code     0  libinit2.o(.ARM.Collect$$libinit$$0000001B)
    __rt_lib_init_stdio_1                    0x080001af   Thumb Code     0  libinit2.o(.ARM.Collect$$libinit$$00000023)
    __rt_lib_init_user_alloc_1               0x080001af   Thumb Code     0  libinit2.o(.ARM.Collect$$libinit$$0000000A)
    __rt_lib_shutdown                        0x080001b1   Thumb Code     0  libshutdown.o(.ARM.Collect$$libshutdown$$00000000)
    __rt_lib_shutdown_fp_trap_1              0x080001b3   Thumb Code     0  libshutdown2.o(.ARM.Collect$$libshutdown$$00000006)
    __rt_lib_shutdown_heap_1                 0x080001b3   Thumb Code     0  libshutdown2.o(.ARM.Collect$$libshutdown$$0000000E)
    __rt_lib_shutdown_return                 0x080001b3   Thumb Code     0  libshutdown2.o(.ARM.Collect$$libshutdown$$0000000F)
    __rt_lib_shutdown_signal_1               0x080001b3   Thumb Code     0  libshutdown2.o(.ARM.Collect$$libshutdown$$00000009)
    __rt_lib_shutdown_stdio_1                0x080001b3   Thumb Code     0  libshutdown2.o(.ARM.Collect$$libshutdown$$00000003)
    __rt_lib_shutdown_user_alloc_1           0x080001b3   Thumb Code     0  libshutdown2.o(.ARM.Collect$$libshutdown$$0000000B)
    __rt_entry                               0x080001b5   Thumb Code     0  rtentry.o(.ARM.Collect$$rtentry$$00000000)
    __rt_entry_presh_1                       0x080001b5   Thumb Code     0  rtentry2.o(.ARM.Collect$$rtentry$$00000002)
    __rt_entry_sh                            0x080001b5   Thumb Code     0  rtentry4.o(.ARM.Collect$$rtentry$$00000004)
    __rt_entry_li                            0x080001bb   Thumb Code     0  rtentry2.o(.ARM.Collect$$rtentry$$0000000A)
    __rt_entry_postsh_1                      0x080001bb   Thumb Code     0  rtentry2.o(.ARM.Collect$$rtentry$$00000009)
    __rt_entry_main                          0x080001bf   Thumb Code     0  rtentry2.o(.ARM.Collect$$rtentry$$0000000D)
    __rt_entry_postli_1                      0x080001bf   Thumb Code     0  rtentry2.o(.ARM.Collect$$rtentry$$0000000C)
    __rt_exit                                0x080001c7   Thumb Code     0  rtexit.o(.ARM.Collect$$rtexit$$00000000)
    __rt_exit_ls                             0x080001c9   Thumb Code     0  rtexit2.o(.ARM.Collect$$rtexit$$00000003)
    __rt_exit_prels_1                        0x080001c9   Thumb Code     0  rtexit2.o(.ARM.Collect$$rtexit$$00000002)
    __rt_exit_exit                           0x080001cd   Thumb Code     0  rtexit2.o(.ARM.Collect$$rtexit$$00000004)
    _maybe_terminate_alloc                   0x080001d5   Thumb Code     0  maybetermalloc1.o(.emb_text)
    main                                     0x080001d5   Thumb Code   124  main.o(.text)
    NMI_Handler                              0x0800025d   Thumb Code     2  stm32f10x_it.o(.text)
    HardFault_Handler                        0x0800025f   Thumb Code     4  stm32f10x_it.o(.text)
    MemManage_Handler                        0x08000263   Thumb Code     4  stm32f10x_it.o(.text)
    BusFault_Handler                         0x08000267   Thumb Code     4  stm32f10x_it.o(.text)
    UsageFault_Handler                       0x0800026b   Thumb Code     4  stm32f10x_it.o(.text)
    SVC_Handler                              0x0800026f   Thumb Code     2  stm32f10x_it.o(.text)
    DebugMon_Handler                         0x08000271   Thumb Code     2  stm32f10x_it.o(.text)
    PendSV_Handler                           0x08000273   Thumb Code     2  stm32f10x_it.o(.text)
    SysTick_Handler                          0x08000275   Thumb Code     2  stm32f10x_it.o(.text)
    USB_LP_CAN1_RX0_IRQHandler               0x08000277   Thumb Code   352  stm32f10x_it.o(.text)
    SystemInit                               0x080004bd   Thumb Code    78  system_stm32f10x.o(.text)
    SystemCoreClockUpdate                    0x0800050b   Thumb Code   142  system_stm32f10x.o(.text)
    LED_Init                                 0x080005bd   Thumb Code    68  led.o(.text)
    CAN_Mode_Init                            0x08000609   Thumb Code   240  can.o(.text)
    Can_Send_Msg                             0x080006f9   Thumb Code   104  can.o(.text)
    Can_Receive_Msg                          0x08000761   Thumb Code    56  can.o(.text)
    delay_init                               0x080007a1   Thumb Code    50  delay.o(.text)
    delay_us                                 0x080007d3   Thumb Code    70  delay.o(.text)
    delay_ms                                 0x08000819   Thumb Code    70  delay.o(.text)
    uart_init                                0x08000871   Thumb Code   152  usart.o(.text)
    USART1_IRQHandler                        0x08000909   Thumb Code   122  usart.o(.text)
    ObjectConfig                             0x08000995   Thumb Code     8  canopen.o(.text)
    CanOpen_Init                             0x0800099d   Thumb Code   708  canopen.o(.text)
    SendSDO                                  0x08000c61   Thumb Code   542  canopen.o(.text)
    ReadSDO                                  0x08000e7f   Thumb Code   126  canopen.o(.text)
    PreOPtoOP                                0x08000efd   Thumb Code    46  canopen.o(.text)
    OPtoPreOP                                0x08000f2b   Thumb Code    46  canopen.o(.text)
    SendSYNC                                 0x08000f59   Thumb Code    48  canopen.o(.text)
    SendPDO                                  0x08000f89   Thumb Code   140  canopen.o(.text)
    RCC_Configuration                        0x0800101d   Thumb Code    48  system.o(.text)
    GPIO_Configuration                       0x0800104d   Thumb Code   326  system.o(.text)
    NVIC_Configuration                       0x08001193   Thumb Code   156  system.o(.text)
    Delay                                    0x0800122f   Thumb Code    18  system.o(.text)
    Usart1_Init                              0x08001241   Thumb Code   124  system.o(.text)
    Usart2_Init                              0x080012bd   Thumb Code   132  system.o(.text)
    Usart4_Init                              0x08001341   Thumb Code   124  system.o(.text)
    CAN_Configuration                        0x080013bd   Thumb Code   244  system.o(.text)
    Device_Init                              0x080014b1   Thumb Code   156  system.o(.text)
    System_Init                              0x0800154d   Thumb Code   286  system.o(.text)
    RTU_CRC                                  0x0800166b   Thumb Code    78  system.o(.text)
    Drivers_Init                             0x080016b9   Thumb Code   800  system.o(.text)
    CalMotor                                 0x080019d9   Thumb Code  1260  system.o(.text)
    Obstacle                                 0x08001ec5   Thumb Code     2  system.o(.text)
    MagIO_Check                              0x08001ec7   Thumb Code     2  system.o(.text)
    Status_Handle                            0x08001ec9   Thumb Code     2  system.o(.text)
    Command_Handle                           0x08001ecb   Thumb Code  8710  system.o(.text)
    Data_Send                                0x080040d1   Thumb Code   222  system.o(.text)
    Status_UpLoad                            0x080041af   Thumb Code     8  system.o(.text)
    Reset_Handler                            0x080041c9   Thumb Code     8  startup_stm32f10x_hd.o(.text)
    ADC1_2_IRQHandler                        0x080041e3   Thumb Code     0  startup_stm32f10x_hd.o(.text)
    ADC3_IRQHandler                          0x080041e3   Thumb Code     0  startup_stm32f10x_hd.o(.text)
    CAN1_RX1_IRQHandler                      0x080041e3   Thumb Code     0  startup_stm32f10x_hd.o(.text)
    CAN1_SCE_IRQHandler                      0x080041e3   Thumb Code     0  startup_stm32f10x_hd.o(.text)
    DMA1_Channel1_IRQHandler                 0x080041e3   Thumb Code     0  startup_stm32f10x_hd.o(.text)
    DMA1_Channel2_IRQHandler                 0x080041e3   Thumb Code     0  startup_stm32f10x_hd.o(.text)
    DMA1_Channel3_IRQHandler                 0x080041e3   Thumb Code     0  startup_stm32f10x_hd.o(.text)
    DMA1_Channel4_IRQHandler                 0x080041e3   Thumb Code     0  startup_stm32f10x_hd.o(.text)
    DMA1_Channel5_IRQHandler                 0x080041e3   Thumb Code     0  startup_stm32f10x_hd.o(.text)
    DMA1_Channel6_IRQHandler                 0x080041e3   Thumb Code     0  startup_stm32f10x_hd.o(.text)
    DMA1_Channel7_IRQHandler                 0x080041e3   Thumb Code     0  startup_stm32f10x_hd.o(.text)
    DMA2_Channel1_IRQHandler                 0x080041e3   Thumb Code     0  startup_stm32f10x_hd.o(.text)
    DMA2_Channel2_IRQHandler                 0x080041e3   Thumb Code     0  startup_stm32f10x_hd.o(.text)
    DMA2_Channel3_IRQHandler                 0x080041e3   Thumb Code     0  startup_stm32f10x_hd.o(.text)
    DMA2_Channel4_5_IRQHandler               0x080041e3   Thumb Code     0  startup_stm32f10x_hd.o(.text)
    EXTI0_IRQHandler                         0x080041e3   Thumb Code     0  startup_stm32f10x_hd.o(.text)
    EXTI15_10_IRQHandler                     0x080041e3   Thumb Code     0  startup_stm32f10x_hd.o(.text)
    EXTI1_IRQHandler                         0x080041e3   Thumb Code     0  startup_stm32f10x_hd.o(.text)
    EXTI2_IRQHandler                         0x080041e3   Thumb Code     0  startup_stm32f10x_hd.o(.text)
    EXTI3_IRQHandler                         0x080041e3   Thumb Code     0  startup_stm32f10x_hd.o(.text)
    EXTI4_IRQHandler                         0x080041e3   Thumb Code     0  startup_stm32f10x_hd.o(.text)
    EXTI9_5_IRQHandler                       0x080041e3   Thumb Code     0  startup_stm32f10x_hd.o(.text)
    FLASH_IRQHandler                         0x080041e3   Thumb Code     0  startup_stm32f10x_hd.o(.text)
    FSMC_IRQHandler                          0x080041e3   Thumb Code     0  startup_stm32f10x_hd.o(.text)
    I2C1_ER_IRQHandler                       0x080041e3   Thumb Code     0  startup_stm32f10x_hd.o(.text)
    I2C1_EV_IRQHandler                       0x080041e3   Thumb Code     0  startup_stm32f10x_hd.o(.text)
    I2C2_ER_IRQHandler                       0x080041e3   Thumb Code     0  startup_stm32f10x_hd.o(.text)
    I2C2_EV_IRQHandler                       0x080041e3   Thumb Code     0  startup_stm32f10x_hd.o(.text)
    PVD_IRQHandler                           0x080041e3   Thumb Code     0  startup_stm32f10x_hd.o(.text)
    RCC_IRQHandler                           0x080041e3   Thumb Code     0  startup_stm32f10x_hd.o(.text)
    RTCAlarm_IRQHandler                      0x080041e3   Thumb Code     0  startup_stm32f10x_hd.o(.text)
    RTC_IRQHandler                           0x080041e3   Thumb Code     0  startup_stm32f10x_hd.o(.text)
    SDIO_IRQHandler                          0x080041e3   Thumb Code     0  startup_stm32f10x_hd.o(.text)
    SPI1_IRQHandler                          0x080041e3   Thumb Code     0  startup_stm32f10x_hd.o(.text)
    SPI2_IRQHandler                          0x080041e3   Thumb Code     0  startup_stm32f10x_hd.o(.text)
    SPI3_IRQHandler                          0x080041e3   Thumb Code     0  startup_stm32f10x_hd.o(.text)
    TAMPER_IRQHandler                        0x080041e3   Thumb Code     0  startup_stm32f10x_hd.o(.text)
    TIM1_BRK_IRQHandler                      0x080041e3   Thumb Code     0  startup_stm32f10x_hd.o(.text)
    TIM1_CC_IRQHandler                       0x080041e3   Thumb Code     0  startup_stm32f10x_hd.o(.text)
    TIM1_TRG_COM_IRQHandler                  0x080041e3   Thumb Code     0  startup_stm32f10x_hd.o(.text)
    TIM1_UP_IRQHandler                       0x080041e3   Thumb Code     0  startup_stm32f10x_hd.o(.text)
    TIM2_IRQHandler                          0x080041e3   Thumb Code     0  startup_stm32f10x_hd.o(.text)
    TIM3_IRQHandler                          0x080041e3   Thumb Code     0  startup_stm32f10x_hd.o(.text)
    TIM4_IRQHandler                          0x080041e3   Thumb Code     0  startup_stm32f10x_hd.o(.text)
    TIM5_IRQHandler                          0x080041e3   Thumb Code     0  startup_stm32f10x_hd.o(.text)
    TIM6_IRQHandler                          0x080041e3   Thumb Code     0  startup_stm32f10x_hd.o(.text)
    TIM7_IRQHandler                          0x080041e3   Thumb Code     0  startup_stm32f10x_hd.o(.text)
    TIM8_BRK_IRQHandler                      0x080041e3   Thumb Code     0  startup_stm32f10x_hd.o(.text)
    TIM8_CC_IRQHandler                       0x080041e3   Thumb Code     0  startup_stm32f10x_hd.o(.text)
    TIM8_TRG_COM_IRQHandler                  0x080041e3   Thumb Code     0  startup_stm32f10x_hd.o(.text)
    TIM8_UP_IRQHandler                       0x080041e3   Thumb Code     0  startup_stm32f10x_hd.o(.text)
    UART4_IRQHandler                         0x080041e3   Thumb Code     0  startup_stm32f10x_hd.o(.text)
    UART5_IRQHandler                         0x080041e3   Thumb Code     0  startup_stm32f10x_hd.o(.text)
    USART2_IRQHandler                        0x080041e3   Thumb Code     0  startup_stm32f10x_hd.o(.text)
    USART3_IRQHandler                        0x080041e3   Thumb Code     0  startup_stm32f10x_hd.o(.text)
    USBWakeUp_IRQHandler                     0x080041e3   Thumb Code     0  startup_stm32f10x_hd.o(.text)
    USB_HP_CAN1_TX_IRQHandler                0x080041e3   Thumb Code     0  startup_stm32f10x_hd.o(.text)
    WWDG_IRQHandler                          0x080041e3   Thumb Code     0  startup_stm32f10x_hd.o(.text)
    __user_initial_stackheap                 0x080041e5   Thumb Code     0  startup_stm32f10x_hd.o(.text)
    NVIC_PriorityGroupConfig                 0x08004209   Thumb Code    10  misc.o(.text)
    NVIC_Init                                0x08004213   Thumb Code   102  misc.o(.text)
    NVIC_SetVectorTable                      0x08004279   Thumb Code    14  misc.o(.text)
    NVIC_SystemLPConfig                      0x08004287   Thumb Code    34  misc.o(.text)
    SysTick_CLKSourceConfig                  0x080042a9   Thumb Code    40  misc.o(.text)
    GPIO_DeInit                              0x080042e5   Thumb Code   172  stm32f10x_gpio.o(.text)
    GPIO_AFIODeInit                          0x08004391   Thumb Code    20  stm32f10x_gpio.o(.text)
    GPIO_Init                                0x080043a5   Thumb Code   274  stm32f10x_gpio.o(.text)
    GPIO_StructInit                          0x080044b7   Thumb Code    16  stm32f10x_gpio.o(.text)
    GPIO_ReadInputDataBit                    0x080044c7   Thumb Code    18  stm32f10x_gpio.o(.text)
    GPIO_ReadInputData                       0x080044d9   Thumb Code     8  stm32f10x_gpio.o(.text)
    GPIO_ReadOutputDataBit                   0x080044e1   Thumb Code    18  stm32f10x_gpio.o(.text)
    GPIO_ReadOutputData                      0x080044f3   Thumb Code     8  stm32f10x_gpio.o(.text)
    GPIO_SetBits                             0x080044fb   Thumb Code     4  stm32f10x_gpio.o(.text)
    GPIO_ResetBits                           0x080044ff   Thumb Code     4  stm32f10x_gpio.o(.text)
    GPIO_WriteBit                            0x08004503   Thumb Code    10  stm32f10x_gpio.o(.text)
    GPIO_Write                               0x0800450d   Thumb Code     4  stm32f10x_gpio.o(.text)
    GPIO_PinLockConfig                       0x08004511   Thumb Code    18  stm32f10x_gpio.o(.text)
    GPIO_EventOutputConfig                   0x08004523   Thumb Code    26  stm32f10x_gpio.o(.text)
    GPIO_EventOutputCmd                      0x0800453d   Thumb Code     6  stm32f10x_gpio.o(.text)
    GPIO_PinRemapConfig                      0x08004543   Thumb Code   138  stm32f10x_gpio.o(.text)
    GPIO_EXTILineConfig                      0x080045cd   Thumb Code    66  stm32f10x_gpio.o(.text)
    GPIO_ETH_MediaInterfaceConfig            0x0800460f   Thumb Code     6  stm32f10x_gpio.o(.text)
    RCC_DeInit                               0x0800463d   Thumb Code    64  stm32f10x_rcc.o(.text)
    RCC_HSEConfig                            0x0800467d   Thumb Code    70  stm32f10x_rcc.o(.text)
    RCC_GetFlagStatus                        0x080046c3   Thumb Code    56  stm32f10x_rcc.o(.text)
    RCC_WaitForHSEStartUp                    0x080046fb   Thumb Code    56  stm32f10x_rcc.o(.text)
    RCC_AdjustHSICalibrationValue            0x08004733   Thumb Code    20  stm32f10x_rcc.o(.text)
    RCC_HSICmd                               0x08004747   Thumb Code     6  stm32f10x_rcc.o(.text)
    RCC_PLLConfig                            0x0800474d   Thumb Code    24  stm32f10x_rcc.o(.text)
    RCC_PLLCmd                               0x08004765   Thumb Code     6  stm32f10x_rcc.o(.text)
    RCC_SYSCLKConfig                         0x0800476b   Thumb Code    18  stm32f10x_rcc.o(.text)
    RCC_GetSYSCLKSource                      0x0800477d   Thumb Code    10  stm32f10x_rcc.o(.text)
    RCC_HCLKConfig                           0x08004787   Thumb Code    18  stm32f10x_rcc.o(.text)
    RCC_PCLK1Config                          0x08004799   Thumb Code    18  stm32f10x_rcc.o(.text)
    RCC_PCLK2Config                          0x080047ab   Thumb Code    20  stm32f10x_rcc.o(.text)
    RCC_ITConfig                             0x080047bf   Thumb Code    26  stm32f10x_rcc.o(.text)
    RCC_USBCLKConfig                         0x080047d9   Thumb Code     6  stm32f10x_rcc.o(.text)
    RCC_ADCCLKConfig                         0x080047df   Thumb Code    18  stm32f10x_rcc.o(.text)
    RCC_LSEConfig                            0x080047f1   Thumb Code    44  stm32f10x_rcc.o(.text)
    RCC_LSICmd                               0x0800481d   Thumb Code     6  stm32f10x_rcc.o(.text)
    RCC_RTCCLKConfig                         0x08004823   Thumb Code    12  stm32f10x_rcc.o(.text)
    RCC_RTCCLKCmd                            0x0800482f   Thumb Code     8  stm32f10x_rcc.o(.text)
    RCC_GetClocksFreq                        0x08004837   Thumb Code   192  stm32f10x_rcc.o(.text)
    RCC_AHBPeriphClockCmd                    0x080048f7   Thumb Code    26  stm32f10x_rcc.o(.text)
    RCC_APB2PeriphClockCmd                   0x08004911   Thumb Code    26  stm32f10x_rcc.o(.text)
    RCC_APB1PeriphClockCmd                   0x0800492b   Thumb Code    26  stm32f10x_rcc.o(.text)
    RCC_APB2PeriphResetCmd                   0x08004945   Thumb Code    26  stm32f10x_rcc.o(.text)
    RCC_APB1PeriphResetCmd                   0x0800495f   Thumb Code    26  stm32f10x_rcc.o(.text)
    RCC_BackupResetCmd                       0x08004979   Thumb Code     8  stm32f10x_rcc.o(.text)
    RCC_ClockSecuritySystemCmd               0x08004981   Thumb Code     6  stm32f10x_rcc.o(.text)
    RCC_MCOConfig                            0x08004987   Thumb Code     6  stm32f10x_rcc.o(.text)
    RCC_ClearFlag                            0x0800498d   Thumb Code    14  stm32f10x_rcc.o(.text)
    RCC_GetITStatus                          0x0800499b   Thumb Code    20  stm32f10x_rcc.o(.text)
    RCC_ClearITPendingBit                    0x080049af   Thumb Code     6  stm32f10x_rcc.o(.text)
    CAN_DeInit                               0x080049e1   Thumb Code    50  stm32f10x_can.o(.text)
    CAN_Init                                 0x08004a13   Thumb Code   276  stm32f10x_can.o(.text)
    CAN_FilterInit                           0x08004b27   Thumb Code   258  stm32f10x_can.o(.text)
    CAN_StructInit                           0x08004c29   Thumb Code    32  stm32f10x_can.o(.text)
    CAN_SlaveStartBank                       0x08004c49   Thumb Code    48  stm32f10x_can.o(.text)
    CAN_DBGFreeze                            0x08004c79   Thumb Code    22  stm32f10x_can.o(.text)
    CAN_TTComModeCmd                         0x08004c8f   Thumb Code   118  stm32f10x_can.o(.text)
    CAN_Transmit                             0x08004d05   Thumb Code   304  stm32f10x_can.o(.text)
    CAN_TransmitStatus                       0x08004e35   Thumb Code   138  stm32f10x_can.o(.text)
    CAN_CancelTransmit                       0x08004ebf   Thumb Code    48  stm32f10x_can.o(.text)
    CAN_Receive                              0x08004eef   Thumb Code   240  stm32f10x_can.o(.text)
    CAN_FIFORelease                          0x08004fdf   Thumb Code    22  stm32f10x_can.o(.text)
    CAN_MessagePending                       0x08004ff5   Thumb Code    30  stm32f10x_can.o(.text)
    CAN_OperatingModeRequest                 0x08005013   Thumb Code   162  stm32f10x_can.o(.text)
    CAN_Sleep                                0x080050b5   Thumb Code    30  stm32f10x_can.o(.text)
    CAN_WakeUp                               0x080050d3   Thumb Code    48  stm32f10x_can.o(.text)
    CAN_GetLastErrorCode                     0x08005103   Thumb Code    12  stm32f10x_can.o(.text)
    CAN_GetReceiveErrorCounter               0x0800510f   Thumb Code    10  stm32f10x_can.o(.text)
    CAN_GetLSBTransmitErrorCounter           0x08005119   Thumb Code    12  stm32f10x_can.o(.text)
    CAN_ITConfig                             0x08005125   Thumb Code    18  stm32f10x_can.o(.text)
    CAN_GetFlagStatus                        0x08005137   Thumb Code   120  stm32f10x_can.o(.text)
    CAN_ClearFlag                            0x080051af   Thumb Code    52  stm32f10x_can.o(.text)
    CAN_GetITStatus                          0x080051f3   Thumb Code   308  stm32f10x_can.o(.text)
    CAN_ClearITPendingBit                    0x08005327   Thumb Code   162  stm32f10x_can.o(.text)
    USART_DeInit                             0x080053cd   Thumb Code   134  stm32f10x_usart.o(.text)
    USART_Init                               0x08005453   Thumb Code   210  stm32f10x_usart.o(.text)
    USART_StructInit                         0x08005525   Thumb Code    24  stm32f10x_usart.o(.text)
    USART_ClockInit                          0x0800553d   Thumb Code    34  stm32f10x_usart.o(.text)
    USART_ClockStructInit                    0x0800555f   Thumb Code    12  stm32f10x_usart.o(.text)
    USART_Cmd                                0x0800556b   Thumb Code    24  stm32f10x_usart.o(.text)
    USART_ITConfig                           0x08005583   Thumb Code    74  stm32f10x_usart.o(.text)
    USART_DMACmd                             0x080055cd   Thumb Code    18  stm32f10x_usart.o(.text)
    USART_SetAddress                         0x080055df   Thumb Code    18  stm32f10x_usart.o(.text)
    USART_WakeUpConfig                       0x080055f1   Thumb Code    18  stm32f10x_usart.o(.text)
    USART_ReceiverWakeUpCmd                  0x08005603   Thumb Code    24  stm32f10x_usart.o(.text)
    USART_LINBreakDetectLengthConfig         0x0800561b   Thumb Code    18  stm32f10x_usart.o(.text)
    USART_LINCmd                             0x0800562d   Thumb Code    24  stm32f10x_usart.o(.text)
    USART_SendData                           0x08005645   Thumb Code     8  stm32f10x_usart.o(.text)
    USART_ReceiveData                        0x0800564d   Thumb Code    10  stm32f10x_usart.o(.text)
    USART_SendBreak                          0x08005657   Thumb Code    10  stm32f10x_usart.o(.text)
    USART_SetGuardTime                       0x08005661   Thumb Code    16  stm32f10x_usart.o(.text)
    USART_SetPrescaler                       0x08005671   Thumb Code    16  stm32f10x_usart.o(.text)
    USART_SmartCardCmd                       0x08005681   Thumb Code    24  stm32f10x_usart.o(.text)
    USART_SmartCardNACKCmd                   0x08005699   Thumb Code    24  stm32f10x_usart.o(.text)
    USART_HalfDuplexCmd                      0x080056b1   Thumb Code    24  stm32f10x_usart.o(.text)
    USART_OverSampling8Cmd                   0x080056c9   Thumb Code    22  stm32f10x_usart.o(.text)
    USART_OneBitMethodCmd                    0x080056df   Thumb Code    24  stm32f10x_usart.o(.text)
    USART_IrDAConfig                         0x080056f7   Thumb Code    18  stm32f10x_usart.o(.text)
    USART_IrDACmd                            0x08005709   Thumb Code    24  stm32f10x_usart.o(.text)
    USART_GetFlagStatus                      0x08005721   Thumb Code    26  stm32f10x_usart.o(.text)
    USART_ClearFlag                          0x0800573b   Thumb Code    18  stm32f10x_usart.o(.text)
    USART_GetITStatus                        0x0800574d   Thumb Code    84  stm32f10x_usart.o(.text)
    USART_ClearITPendingBit                  0x080057a1   Thumb Code    52  stm32f10x_usart.o(.text)
    malloc                                   0x080057d5   Thumb Code    94  h1_alloc.o(.text)
    __aeabi_memclr4                          0x08005833   Thumb Code     0  rt_memclr_w.o(.text)
    __aeabi_memclr8                          0x08005833   Thumb Code     0  rt_memclr_w.o(.text)
    __rt_memclr_w                            0x08005833   Thumb Code    78  rt_memclr_w.o(.text)
    _memset_w                                0x08005837   Thumb Code     0  rt_memclr_w.o(.text)
    __use_two_region_memory                  0x08005881   Thumb Code     2  heapauxi.o(.text)
    __rt_heap_escrow                         0x08005883   Thumb Code     2  heapauxi.o(.text)
    __rt_heap_expand                         0x08005885   Thumb Code     2  heapauxi.o(.text)
    __rt_heap_descriptor                     0x08005889   Thumb Code     8  rt_heap_descriptor_intlibspace.o(.text)
    __use_no_heap                            0x08005891   Thumb Code     2  hguard.o(.text)
    __heap$guard                             0x08005893   Thumb Code     2  hguard.o(.text)
    _terminate_user_alloc                    0x08005895   Thumb Code     2  init_alloc.o(.text)
    _init_user_alloc                         0x08005897   Thumb Code     2  init_alloc.o(.text)
    __Heap_Full                              0x08005899   Thumb Code    34  init_alloc.o(.text)
    __Heap_Broken                            0x080058bb   Thumb Code     6  init_alloc.o(.text)
    _init_alloc                              0x080058c1   Thumb Code    94  init_alloc.o(.text)
    __Heap_Initialize                        0x0800591f   Thumb Code    10  h1_init.o(.text)
    __Heap_DescSize                          0x08005929   Thumb Code     4  h1_init.o(.text)
    free                                     0x0800592d   Thumb Code    78  h1_free.o(.text)
    __read_errno                             0x0800597b   Thumb Code    10  _rserrno.o(.text)
    __set_errno                              0x08005985   Thumb Code    12  _rserrno.o(.text)
    __user_libspace                          0x08005991   Thumb Code     8  libspace.o(.text)
    __user_perproc_libspace                  0x08005991   Thumb Code     0  libspace.o(.text)
    __user_perthread_libspace                0x08005991   Thumb Code     0  libspace.o(.text)
    __aeabi_errno_addr                       0x08005999   Thumb Code     8  rt_errno_addr_intlibspace.o(.text)
    __errno$intlibspace                      0x08005999   Thumb Code     0  rt_errno_addr_intlibspace.o(.text)
    __rt_errno_addr$intlibspace              0x08005999   Thumb Code     0  rt_errno_addr_intlibspace.o(.text)
    __Heap_ProvideMemory                     0x080059a1   Thumb Code    52  h1_extend.o(.text)
    __rt_SIGRTMEM                            0x080059d5   Thumb Code    14  defsig_rtmem_outer.o(.text)
    __I$use$semihosting                      0x080059e3   Thumb Code     0  use_no_semi.o(.text)
    __use_no_semihosting_swi                 0x080059e3   Thumb Code     2  use_no_semi.o(.text)
    __semihosting_library_function           0x080059e5   Thumb Code     0  indicate_semi.o(.text)
    __user_setup_stackheap                   0x080059e5   Thumb Code    74  sys_stackheap_outer.o(.text)
    exit                                     0x08005a2f   Thumb Code    12  exit.o(.text)
    __sig_exit                               0x08005a3b   Thumb Code    10  defsig_exit.o(.text)
    __rt_SIGRTMEM_inner                      0x08005a45   Thumb Code    22  defsig_rtmem_inner.o(.text)
    _sys_exit                                0x08005a95   Thumb Code     8  sys_exit.o(.text)
    __default_signal_display                 0x08005aa1   Thumb Code    50  defsig_general.o(.text)
    _ttywrch                                 0x08005ad3   Thumb Code    14  sys_wrch.o(.text)
    __ARM_fpclassify                         0x08005ae1   Thumb Code    40  fpclassify.o(i.__ARM_fpclassify)
    __ieee754_rem_pio2                       0x08005b09   Thumb Code   832  rred.o(i.__ieee754_rem_pio2)
    __kernel_cos                             0x08005e91   Thumb Code   230  cos_i.o(i.__kernel_cos)
    __kernel_poly                            0x08005f8d   Thumb Code   170  poly.o(i.__kernel_poly)
    __kernel_sin                             0x08006039   Thumb Code   224  sin_i.o(i.__kernel_sin)
    __mathlib_dbl_underflow                  0x08006125   Thumb Code    10  dunder.o(i.__mathlib_dbl_underflow)
    cos                                      0x08006135   Thumb Code   164  cos.o(i.cos)
    sin                                      0x080061e1   Thumb Code   166  sin.o(i.sin)
    sqrt                                     0x08006291   Thumb Code    76  sqrt.o(i.sqrt)
    __aeabi_dadd                             0x080062dd   Thumb Code     0  daddsub_clz.o(x$fpl$dadd)
    _dadd                                    0x080062dd   Thumb Code   332  daddsub_clz.o(x$fpl$dadd)
    __fpl_dcheck_NaN1                        0x0800642d   Thumb Code    10  dcheck1.o(x$fpl$dcheck1)
    __fpl_dcmp_Inf                           0x0800643d   Thumb Code    24  dcmpi.o(x$fpl$dcmpinf)
    __aeabi_ddiv                             0x08006455   Thumb Code     0  ddiv.o(x$fpl$ddiv)
    _ddiv                                    0x08006455   Thumb Code   552  ddiv.o(x$fpl$ddiv)
    __aeabi_d2iz                             0x08006705   Thumb Code     0  dfix.o(x$fpl$dfix)
    _dfix                                    0x08006705   Thumb Code    94  dfix.o(x$fpl$dfix)
    __aeabi_i2d                              0x08006763   Thumb Code     0  dflt_clz.o(x$fpl$dflt)
    _dflt                                    0x08006763   Thumb Code    46  dflt_clz.o(x$fpl$dflt)
    __aeabi_ui2d                             0x08006791   Thumb Code     0  dflt_clz.o(x$fpl$dfltu)
    _dfltu                                   0x08006791   Thumb Code    38  dflt_clz.o(x$fpl$dfltu)
    __aeabi_cdcmple                          0x080067b9   Thumb Code     0  dleqf.o(x$fpl$dleqf)
    _dcmple                                  0x080067b9   Thumb Code   120  dleqf.o(x$fpl$dleqf)
    __fpl_dcmple_InfNaN                      0x0800681b   Thumb Code     0  dleqf.o(x$fpl$dleqf)
    __aeabi_dmul                             0x08006831   Thumb Code     0  dmul.o(x$fpl$dmul)
    _dmul                                    0x08006831   Thumb Code   332  dmul.o(x$fpl$dmul)
    __fpl_dnaninf                            0x08006985   Thumb Code   156  dnaninf.o(x$fpl$dnaninf)
    __fpl_dretinf                            0x08006a21   Thumb Code    12  dretinf.o(x$fpl$dretinf)
    __aeabi_cdrcmple                         0x08006a2d   Thumb Code     0  drleqf.o(x$fpl$drleqf)
    _drcmple                                 0x08006a2d   Thumb Code   108  drleqf.o(x$fpl$drleqf)
    __aeabi_drsub                            0x08006a99   Thumb Code     0  daddsub_clz.o(x$fpl$drsb)
    _drsb                                    0x08006a99   Thumb Code    22  daddsub_clz.o(x$fpl$drsb)
    _dsqrt                                   0x08006ab1   Thumb Code   456  dsqrt_noumaal.o(x$fpl$dsqrt)
    __aeabi_dsub                             0x08006c7d   Thumb Code     0  daddsub_clz.o(x$fpl$dsub)
    _dsub                                    0x08006c7d   Thumb Code   464  daddsub_clz.o(x$fpl$dsub)
    __fpl_return_NaN                         0x08006e51   Thumb Code   100  retnan.o(x$fpl$retnan)
    __ARM_scalbn                             0x08006eb5   Thumb Code    92  scalbn.o(x$fpl$scalbn)
    __fpl_cmpreturn                          0x08006f11   Thumb Code    48  trapv.o(x$fpl$trapveneer)
    __I$use$fp                               0x08006f40   Number         0  usenofp.o(x$fpl$usenofp)
    Region$$Table$$Base                      0x08007060   Number         0  anon$$obj.o(Region$$Table)
    Region$$Table$$Limit                     0x08007080   Number         0  anon$$obj.o(Region$$Table)
    SystemCoreClock                          0x20000000   Data           4  system_stm32f10x.o(.data)
    AHBPrescTable                            0x20000004   Data          16  system_stm32f10x.o(.data)
    USART_RX_STA                             0x20000018   Data           2  usart.o(.data)
    R485End                                  0x2000001c   Data           4  system.o(.data)
    gSysData                                 0x2000002c   Data           4  system.o(.data)
    gComData                                 0x20000030   Data           4  system.o(.data)
    gInnerData                               0x20000034   Data           4  system.o(.data)
    gHalData                                 0x20000038   Data           4  system.o(.data)
    gDownData                                0x2000003c   Data           4  system.o(.data)
    gUpData                                  0x20000040   Data           4  system.o(.data)
    USART_RX_BUF                             0x20000058   Data         200  usart.o(.bss)
    g_RxUpBuf                                0x20000120   Data         160  system.o(.bss)
    g_RxBufferC                              0x200001c0   Data         110  system.o(.bss)
    g_RxStation                              0x2000022e   Data         150  system.o(.bss)
    __libspace_start                         0x200002fc   Data          96  libspace.o(.bss)
    __temporary_stack_top$libspace           0x2000035c   Data           0  libspace.o(.bss)



==============================================================================

Memory Map of the image

  Image Entry point : 0x08000131

  Load Region LR_IROM1 (Base: 0x08000000, Size: 0x000070d8, Max: 0x00080000, ABSOLUTE)

    Execution Region ER_IROM1 (Base: 0x08000000, Size: 0x00007080, Max: 0x00080000, ABSOLUTE)

    Base Addr    Size         Type   Attr      Idx    E Section Name        Object

    0x08000000   0x00000130   Data   RO          368    RESET               startup_stm32f10x_hd.o
    0x08000130   0x00000008   Code   RO          558  * !!!main             c_w.l(__main.o)
    0x08000138   0x00000034   Code   RO          941    !!!scatter          c_w.l(__scatter.o)
    0x0800016c   0x0000001a   Code   RO          943    !!handler_copy      c_w.l(__scatter_copy.o)
    0x08000186   0x00000002   PAD
    0x08000188   0x0000001c   Code   RO          945    !!handler_zi        c_w.l(__scatter_zi.o)
    0x080001a4   0x00000002   Code   RO          849    .ARM.Collect$$libinit$$00000000  c_w.l(libinit.o)
    0x080001a6   0x00000000   Code   RO          666    .ARM.Collect$$libinit$$00000002  c_w.l(libinit2.o)
    0x080001a6   0x00000008   Code   RO          667    .ARM.Collect$$libinit$$00000003  c_w.l(libinit2.o)
    0x080001ae   0x00000000   Code   RO          669    .ARM.Collect$$libinit$$00000008  c_w.l(libinit2.o)
    0x080001ae   0x00000000   Code   RO          671    .ARM.Collect$$libinit$$0000000A  c_w.l(libinit2.o)
    0x080001ae   0x00000000   Code   RO          673    .ARM.Collect$$libinit$$0000000C  c_w.l(libinit2.o)
    0x080001ae   0x00000000   Code   RO          676    .ARM.Collect$$libinit$$0000000F  c_w.l(libinit2.o)
    0x080001ae   0x00000000   Code   RO          678    .ARM.Collect$$libinit$$00000011  c_w.l(libinit2.o)
    0x080001ae   0x00000000   Code   RO          680    .ARM.Collect$$libinit$$00000013  c_w.l(libinit2.o)
    0x080001ae   0x00000000   Code   RO          682    .ARM.Collect$$libinit$$00000015  c_w.l(libinit2.o)
    0x080001ae   0x00000000   Code   RO          684    .ARM.Collect$$libinit$$00000017  c_w.l(libinit2.o)
    0x080001ae   0x00000000   Code   RO          686    .ARM.Collect$$libinit$$00000019  c_w.l(libinit2.o)
    0x080001ae   0x00000000   Code   RO          688    .ARM.Collect$$libinit$$0000001B  c_w.l(libinit2.o)
    0x080001ae   0x00000000   Code   RO          690    .ARM.Collect$$libinit$$0000001D  c_w.l(libinit2.o)
    0x080001ae   0x00000000   Code   RO          692    .ARM.Collect$$libinit$$0000001F  c_w.l(libinit2.o)
    0x080001ae   0x00000000   Code   RO          694    .ARM.Collect$$libinit$$00000021  c_w.l(libinit2.o)
    0x080001ae   0x00000000   Code   RO          696    .ARM.Collect$$libinit$$00000023  c_w.l(libinit2.o)
    0x080001ae   0x00000000   Code   RO          700    .ARM.Collect$$libinit$$0000002A  c_w.l(libinit2.o)
    0x080001ae   0x00000000   Code   RO          702    .ARM.Collect$$libinit$$0000002C  c_w.l(libinit2.o)
    0x080001ae   0x00000000   Code   RO          704    .ARM.Collect$$libinit$$0000002E  c_w.l(libinit2.o)
    0x080001ae   0x00000000   Code   RO          706    .ARM.Collect$$libinit$$00000030  c_w.l(libinit2.o)
    0x080001ae   0x00000002   Code   RO          707    .ARM.Collect$$libinit$$00000031  c_w.l(libinit2.o)
    0x080001b0   0x00000002   Code   RO          938    .ARM.Collect$$libshutdown$$00000000  c_w.l(libshutdown.o)
    0x080001b2   0x00000000   Code   RO          852    .ARM.Collect$$libshutdown$$00000003  c_w.l(libshutdown2.o)
    0x080001b2   0x00000000   Code   RO          855    .ARM.Collect$$libshutdown$$00000006  c_w.l(libshutdown2.o)
    0x080001b2   0x00000000   Code   RO          858    .ARM.Collect$$libshutdown$$00000009  c_w.l(libshutdown2.o)
    0x080001b2   0x00000000   Code   RO          860    .ARM.Collect$$libshutdown$$0000000B  c_w.l(libshutdown2.o)
    0x080001b2   0x00000000   Code   RO          863    .ARM.Collect$$libshutdown$$0000000E  c_w.l(libshutdown2.o)
    0x080001b2   0x00000002   Code   RO          864    .ARM.Collect$$libshutdown$$0000000F  c_w.l(libshutdown2.o)
    0x080001b4   0x00000000   Code   RO          616    .ARM.Collect$$rtentry$$00000000  c_w.l(rtentry.o)
    0x080001b4   0x00000000   Code   RO          739    .ARM.Collect$$rtentry$$00000002  c_w.l(rtentry2.o)
    0x080001b4   0x00000006   Code   RO          751    .ARM.Collect$$rtentry$$00000004  c_w.l(rtentry4.o)
    0x080001ba   0x00000000   Code   RO          741    .ARM.Collect$$rtentry$$00000009  c_w.l(rtentry2.o)
    0x080001ba   0x00000004   Code   RO          742    .ARM.Collect$$rtentry$$0000000A  c_w.l(rtentry2.o)
    0x080001be   0x00000000   Code   RO          744    .ARM.Collect$$rtentry$$0000000C  c_w.l(rtentry2.o)
    0x080001be   0x00000008   Code   RO          745    .ARM.Collect$$rtentry$$0000000D  c_w.l(rtentry2.o)
    0x080001c6   0x00000002   Code   RO          871    .ARM.Collect$$rtexit$$00000000  c_w.l(rtexit.o)
    0x080001c8   0x00000000   Code   RO          902    .ARM.Collect$$rtexit$$00000002  c_w.l(rtexit2.o)
    0x080001c8   0x00000004   Code   RO          903    .ARM.Collect$$rtexit$$00000003  c_w.l(rtexit2.o)
    0x080001cc   0x00000006   Code   RO          904    .ARM.Collect$$rtexit$$00000004  c_w.l(rtexit2.o)
    0x080001d2   0x00000002   PAD
    0x080001d4   0x00000000   Code   RO          760    .emb_text           c_w.l(maybetermalloc1.o)
    0x080001d4   0x00000088   Code   RO            1    .text               main.o
    0x0800025c   0x00000184   Code   RO          141    .text               stm32f10x_it.o
    0x080003e0   0x000001dc   Code   RO          185    .text               system_stm32f10x.o
    0x080005bc   0x0000004c   Code   RO          203    .text               led.o
    0x08000608   0x00000198   Code   RO          251    .text               can.o
    0x080007a0   0x000000d0   Code   RO          267    .text               delay.o
    0x08000870   0x00000124   Code   RO          298    .text               usart.o
    0x08000994   0x00000688   Code   RO          317    .text               canopen.o
    0x0800101c   0x000031ac   Code   RO          329    .text               system.o
    0x080041c8   0x00000040   Code   RO          369    .text               startup_stm32f10x_hd.o
    0x08004208   0x000000dc   Code   RO          373    .text               misc.o
    0x080042e4   0x00000358   Code   RO          397    .text               stm32f10x_gpio.o
    0x0800463c   0x000003a4   Code   RO          409    .text               stm32f10x_rcc.o
    0x080049e0   0x000009ec   Code   RO          423    .text               stm32f10x_can.o
    0x080053cc   0x00000408   Code   RO          435    .text               stm32f10x_usart.o
    0x080057d4   0x0000005e   Code   RO          451    .text               c_w.l(h1_alloc.o)
    0x08005832   0x0000004e   Code   RO          554    .text               c_w.l(rt_memclr_w.o)
    0x08005880   0x00000006   Code   RO          556    .text               c_w.l(heapauxi.o)
    0x08005886   0x00000002   PAD
    0x08005888   0x00000008   Code   RO          620    .text               c_w.l(rt_heap_descriptor_intlibspace.o)
    0x08005890   0x00000004   Code   RO          622    .text               c_w.l(hguard.o)
    0x08005894   0x0000008a   Code   RO          624    .text               c_w.l(init_alloc.o)
    0x0800591e   0x0000000e   Code   RO          630    .text               c_w.l(h1_init.o)
    0x0800592c   0x0000004e   Code   RO          632    .text               c_w.l(h1_free.o)
    0x0800597a   0x00000016   Code   RO          648    .text               c_w.l(_rserrno.o)
    0x08005990   0x00000008   Code   RO          735    .text               c_w.l(libspace.o)
    0x08005998   0x00000008   Code   RO          756    .text               c_w.l(rt_errno_addr_intlibspace.o)
    0x080059a0   0x00000034   Code   RO          762    .text               c_w.l(h1_extend.o)
    0x080059d4   0x0000000e   Code   RO          782    .text               c_w.l(defsig_rtmem_outer.o)
    0x080059e2   0x00000002   Code   RO          806    .text               c_w.l(use_no_semi.o)
    0x080059e4   0x00000000   Code   RO          808    .text               c_w.l(indicate_semi.o)
    0x080059e4   0x0000004a   Code   RO          809    .text               c_w.l(sys_stackheap_outer.o)
    0x08005a2e   0x0000000c   Code   RO          830    .text               c_w.l(exit.o)
    0x08005a3a   0x0000000a   Code   RO          832    .text               c_w.l(defsig_exit.o)
    0x08005a44   0x00000050   Code   RO          838    .text               c_w.l(defsig_rtmem_inner.o)
    0x08005a94   0x0000000c   Code   RO          869    .text               c_w.l(sys_exit.o)
    0x08005aa0   0x00000032   Code   RO          889    .text               c_w.l(defsig_general.o)
    0x08005ad2   0x0000000e   Code   RO          899    .text               c_w.l(sys_wrch.o)
    0x08005ae0   0x00000028   Code   RO          797    i.__ARM_fpclassify  m_ws.l(fpclassify.o)
    0x08005b08   0x00000388   Code   RO          722    i.__ieee754_rem_pio2  m_ws.l(rred.o)
    0x08005e90   0x000000fc   Code   RO          719    i.__kernel_cos      m_ws.l(cos_i.o)
    0x08005f8c   0x000000aa   Code   RO          799    i.__kernel_poly     m_ws.l(poly.o)
    0x08006036   0x00000002   PAD
    0x08006038   0x000000ec   Code   RO          727    i.__kernel_sin      m_ws.l(sin_i.o)
    0x08006124   0x00000010   Code   RO          795    i.__mathlib_dbl_underflow  m_ws.l(dunder.o)
    0x08006134   0x000000ac   Code   RO          591    i.cos               m_ws.l(cos.o)
    0x080061e0   0x000000b0   Code   RO          599    i.sin               m_ws.l(sin.o)
    0x08006290   0x0000004c   Code   RO          607    i.sqrt              m_ws.l(sqrt.o)
    0x080062dc   0x00000150   Code   RO          560    x$fpl$dadd          fz_ws.l(daddsub_clz.o)
    0x0800642c   0x00000010   Code   RO          791    x$fpl$dcheck1       fz_ws.l(dcheck1.o)
    0x0800643c   0x00000018   Code   RO          708    x$fpl$dcmpinf       fz_ws.l(dcmpi.o)
    0x08006454   0x000002b0   Code   RO          567    x$fpl$ddiv          fz_ws.l(ddiv.o)
    0x08006704   0x0000005e   Code   RO          570    x$fpl$dfix          fz_ws.l(dfix.o)
    0x08006762   0x0000002e   Code   RO          579    x$fpl$dflt          fz_ws.l(dflt_clz.o)
    0x08006790   0x00000026   Code   RO          578    x$fpl$dfltu         fz_ws.l(dflt_clz.o)
    0x080067b6   0x00000002   PAD
    0x080067b8   0x00000078   Code   RO          584    x$fpl$dleqf         fz_ws.l(dleqf.o)
    0x08006830   0x00000154   Code   RO          586    x$fpl$dmul          fz_ws.l(dmul.o)
    0x08006984   0x0000009c   Code   RO          710    x$fpl$dnaninf       fz_ws.l(dnaninf.o)
    0x08006a20   0x0000000c   Code   RO          712    x$fpl$dretinf       fz_ws.l(dretinf.o)
    0x08006a2c   0x0000006c   Code   RO          588    x$fpl$drleqf        fz_ws.l(drleqf.o)
    0x08006a98   0x00000016   Code   RO          561    x$fpl$drsb          fz_ws.l(daddsub_clz.o)
    0x08006aae   0x00000002   PAD
    0x08006ab0   0x000001cc   Code   RO          714    x$fpl$dsqrt         fz_ws.l(dsqrt_noumaal.o)
    0x08006c7c   0x000001d4   Code   RO          562    x$fpl$dsub          fz_ws.l(daddsub_clz.o)
    0x08006e50   0x00000064   Code   RO          867    x$fpl$retnan        fz_ws.l(retnan.o)
    0x08006eb4   0x0000005c   Code   RO          716    x$fpl$scalbn        fz_ws.l(scalbn.o)
    0x08006f10   0x00000030   Code   RO          897    x$fpl$trapveneer    fz_ws.l(trapv.o)
    0x08006f40   0x00000000   Code   RO          718    x$fpl$usenofp       fz_ws.l(usenofp.o)
    0x08006f40   0x00000030   Data   RO          720    .constdata          m_ws.l(cos_i.o)
    0x08006f70   0x000000c8   Data   RO          724    .constdata          m_ws.l(rred.o)
    0x08007038   0x00000028   Data   RO          728    .constdata          m_ws.l(sin_i.o)
    0x08007060   0x00000020   Data   RO          939    Region$$Table       anon$$obj.o


    Execution Region RW_IRAM1 (Base: 0x20000000, Size: 0x00008760, Max: 0x00010000, ABSOLUTE)

    Base Addr    Size         Type   Attr      Idx    E Section Name        Object

    0x20000000   0x00000014   Data   RW          186    .data               system_stm32f10x.o
    0x20000014   0x00000004   Data   RW          268    .data               delay.o
    0x20000018   0x00000002   Data   RW          300    .data               usart.o
    0x2000001a   0x00000002   PAD
    0x2000001c   0x00000028   Data   RW          331    .data               system.o
    0x20000044   0x00000014   Data   RW          410    .data               stm32f10x_rcc.o
    0x20000058   0x000000c8   Zero   RW          299    .bss                usart.o
    0x20000120   0x000001dc   Zero   RW          330    .bss                system.o
    0x200002fc   0x00000060   Zero   RW          736    .bss                c_w.l(libspace.o)
    0x2000035c   0x00000004   PAD
    0x20000360   0x00008000   Zero   RW          367    HEAP                startup_stm32f10x_hd.o
    0x20008360   0x00000400   Zero   RW          366    STACK               startup_stm32f10x_hd.o


==============================================================================

Image component sizes


      Code (inc. data)   RO Data    RW Data    ZI Data      Debug   Object Name

       408          8          0          0          0       2005   can.o
      1672         12          0          0          0       2449   canopen.o
       208         18          0          4          0        895   delay.o
        76          8          0          0          0        435   led.o
       136         12          0          0          0     241083   main.o
       220         20          0          0          0       1673   misc.o
        64         26        304          0      33792        732   startup_stm32f10x_hd.o
      2540         38          0          0          0       7724   stm32f10x_can.o
       856         40          0          0          0       5517   stm32f10x_gpio.o
       388         10          0          0          0     212653   stm32f10x_it.o
       932         44          0         20          0       8624   stm32f10x_rcc.o
      1032         22          0          0          0       8244   stm32f10x_usart.o
         0          0          0          0          0         32   sys.o
     12716        614          0         40        476      25101   system.o
       476         36          0         20          0       1547   system_stm32f10x.o
       292         18          0          2        200       1330   usart.o

    ----------------------------------------------------------------------
     22016        926        336         88      34468     520044   Object Totals
         0          0         32          0          0          0   (incl. Generated)
         0          0          0          2          0          0   (incl. Padding)

    ----------------------------------------------------------------------

      Code (inc. data)   RO Data    RW Data    ZI Data      Debug   Library Member Name

         8          0          0          0          0         68   __main.o
        52          8          0          0          0          0   __scatter.o
        26          0          0          0          0          0   __scatter_copy.o
        28          0          0          0          0          0   __scatter_zi.o
        22          0          0          0          0        100   _rserrno.o
        10          0          0          0          0         68   defsig_exit.o
        50          0          0          0          0         88   defsig_general.o
        80         58          0          0          0         76   defsig_rtmem_inner.o
        14          0          0          0          0         80   defsig_rtmem_outer.o
        12          0          0          0          0         72   exit.o
        94          0          0          0          0         80   h1_alloc.o
        52          0          0          0          0         68   h1_extend.o
        78          0          0          0          0         80   h1_free.o
        14          0          0          0          0         84   h1_init.o
         6          0          0          0          0        152   heapauxi.o
         4          0          0          0          0        136   hguard.o
         0          0          0          0          0          0   indicate_semi.o
       138          0          0          0          0        168   init_alloc.o
         2          0          0          0          0          0   libinit.o
        10          0          0          0          0          0   libinit2.o
         2          0          0          0          0          0   libshutdown.o
         2          0          0          0          0          0   libshutdown2.o
         8          4          0          0         96         68   libspace.o
         0          0          0          0          0          0   maybetermalloc1.o
         8          4          0          0          0         68   rt_errno_addr_intlibspace.o
         8          4          0          0          0         68   rt_heap_descriptor_intlibspace.o
        78          0          0          0          0         80   rt_memclr_w.o
         0          0          0          0          0          0   rtentry.o
        12          0          0          0          0          0   rtentry2.o
         6          0          0          0          0          0   rtentry4.o
         2          0          0          0          0          0   rtexit.o
        10          0          0          0          0          0   rtexit2.o
        12          4          0          0          0         68   sys_exit.o
        74          0          0          0          0         80   sys_stackheap_outer.o
        14          0          0          0          0         76   sys_wrch.o
         2          0          0          0          0         68   use_no_semi.o
       826         16          0          0          0        348   daddsub_clz.o
        16          4          0          0          0         68   dcheck1.o
        24          0          0          0          0         68   dcmpi.o
       688        140          0          0          0        208   ddiv.o
        94          4          0          0          0         92   dfix.o
        84          0          0          0          0        136   dflt_clz.o
       120          4          0          0          0         92   dleqf.o
       340         12          0          0          0        104   dmul.o
       156          4          0          0          0         92   dnaninf.o
        12          0          0          0          0         68   dretinf.o
       108          0          0          0          0         80   drleqf.o
       460         56          0          0          0        120   dsqrt_noumaal.o
       100          0          0          0          0         68   retnan.o
        92          0          0          0          0         68   scalbn.o
        48          0          0          0          0         68   trapv.o
         0          0          0          0          0          0   usenofp.o
       172          8          0          0          0        112   cos.o
       252         22         48          0          0        124   cos_i.o
        16          6          0          0          0         68   dunder.o
        40          0          0          0          0         68   fpclassify.o
       170          0          0          0          0         96   poly.o
       904         72        200          0          0        140   rred.o
       176         10          0          0          0        116   sin.o
       236         12         40          0          0        128   sin_i.o
        76          0          0          0          0         84   sqrt.o

    ----------------------------------------------------------------------
      6160        452        288          0        100       4512   Library Totals
        12          0          0          0          4          0   (incl. Padding)

    ----------------------------------------------------------------------

      Code (inc. data)   RO Data    RW Data    ZI Data      Debug   Library Name

       938         82          0          0         96       1896   c_w.l
      3168        240          0          0          0       1680   fz_ws.l
      2042        130        288          0          0        936   m_ws.l

    ----------------------------------------------------------------------
      6160        452        288          0        100       4512   Library Totals

    ----------------------------------------------------------------------

==============================================================================


      Code (inc. data)   RO Data    RW Data    ZI Data      Debug   

     28176       1378        624         88      34568     520864   Grand Totals
     28176       1378        624         88      34568     520864   ELF Image Totals
     28176       1378        624         88          0          0   ROM Totals

==============================================================================

    Total RO  Size (Code + RO Data)                28800 (  28.13kB)
    Total RW  Size (RW Data + ZI Data)             34656 (  33.84kB)
    Total ROM Size (Code + RO Data + RW Data)      28888 (  28.21kB)

==============================================================================

