ARM Linker, 5.03 [Build 76] [MDK-ARM Standard]

==============================================================================

Section Cross References

    main.o(.text) refers to pstwo.o(.text) for PS2_Init
    main.o(.text) refers to delay.o(.text) for delay_init
    main.o(.text) refers to misc.o(.text) for NVIC_PriorityGroupConfig
    main.o(.text) refers to led.o(.text) for LED_Init
    main.o(.text) refers to rs485.o(.text) for RS485_Init
    main.o(.text) refers to system.o(.text) for System_Init
    main.o(.text) refers to can.o(.text) for CAN_Mode_Init
    main.o(.text) refers to canopen.o(.text) for CanOpen_Init
    main.o(.text) refers to timer.o(.text) for TIM2_Int_Init
    main.o(.text) refers to magc.o(.text) for Main2Magc
    main.o(.text) refers to drive.o(.text) for move_process
    main.o(.text) refers to pstwo.o(.data) for psinputstat
    main.o(.text) refers to drive.o(.data) for Para_Speed
    main.o(.text) refers to timer.o(.data) for READMAGCDELAY
    stm32f10x_it.o(.text) refers to stm32f10x_can.o(.text) for CAN_Receive
    stm32f10x_it.o(.text) refers to system.o(.data) for gHalData
    system_stm32f10x.o(.text) refers to system_stm32f10x.o(.data) for SystemCoreClock
    drive.o(.text) refers to dflt_clz.o(x$fpl$dflt) for __aeabi_i2d
    drive.o(.text) refers to dmul.o(x$fpl$dmul) for __aeabi_dmul
    drive.o(.text) refers to system.o(.data) for gHalData
    drive.o(.text) refers to rs485.o(.data) for USART_RX_STA
    drive.o(.text) refers to timer.o(.data) for MAGCNOTRESPDELAY
    drive.o(.text) refers to rs485.o(.bss) for USART_RX_BUF
    drive.o(.text) refers to magc.o(.data) for magc_piont
    drive.o(.text) refers to drive.o(.data) for auto_run_stop_stat
    drive.o(.text) refers to pstwo.o(.data) for psinputstat
    led.o(.text) refers to stm32f10x_rcc.o(.text) for RCC_APB2PeriphClockCmd
    led.o(.text) refers to stm32f10x_gpio.o(.text) for GPIO_Init
    key.o(.text) refers to stm32f10x_rcc.o(.text) for RCC_APB2PeriphClockCmd
    key.o(.text) refers to stm32f10x_gpio.o(.text) for GPIO_Init
    key.o(.text) refers to delay.o(.text) for delay_ms
    key.o(.text) refers to key.o(.data) for key_up
    lcd.o(.text) refers to _printf_percent.o(.ARM.Collect$$_printf_percent$$00000000) for _printf_percent
    lcd.o(.text) refers to _printf_x.o(.ARM.Collect$$_printf_percent$$0000000C) for _printf_x
    lcd.o(.text) refers to _printf_hex_int.o(.text) for _printf_longlong_hex
    lcd.o(.text) refers to delay.o(.text) for delay_us
    lcd.o(.text) refers to lcd.o(.bss) for lcddev
    lcd.o(.text) refers to lcd.o(.data) for POINT_COLOR
    lcd.o(.text) refers to dflt_clz.o(x$fpl$dfltu) for __aeabi_ui2d
    lcd.o(.text) refers to dmul.o(x$fpl$dmul) for __aeabi_dmul
    lcd.o(.text) refers to dfixu.o(x$fpl$dfixu) for __aeabi_d2uiz
    lcd.o(.text) refers to stm32f10x_rcc.o(.text) for RCC_AHBPeriphClockCmd
    lcd.o(.text) refers to stm32f10x_gpio.o(.text) for GPIO_Init
    lcd.o(.text) refers to stm32f10x_fsmc.o(.text) for FSMC_NORSRAMInit
    lcd.o(.text) refers to noretval__2printf.o(.text) for __2printf
    lcd.o(.text) refers to lcd.o(.constdata) for asc2_1206
    can.o(.text) refers to stm32f10x_rcc.o(.text) for RCC_APB2PeriphClockCmd
    can.o(.text) refers to stm32f10x_gpio.o(.text) for GPIO_Init
    can.o(.text) refers to stm32f10x_can.o(.text) for CAN_Init
    can.o(.text) refers to misc.o(.text) for NVIC_Init
    pstwo.o(.text) refers to delay.o(.text) for delay_us
    pstwo.o(.text) refers to pstwo.o(.bss) for Data
    pstwo.o(.text) refers to pstwo.o(.data) for Comd
    pstwo.o(.text) refers to timer.o(.data) for PS2DELAY
    rs485.o(.text) refers to stm32f10x_usart.o(.text) for USART_GetITStatus
    rs485.o(.text) refers to stm32f10x_rcc.o(.text) for RCC_APB2PeriphClockCmd
    rs485.o(.text) refers to stm32f10x_gpio.o(.text) for GPIO_Init
    rs485.o(.text) refers to misc.o(.text) for NVIC_Init
    rs485.o(.text) refers to delay.o(.text) for delay_ms
    rs485.o(.text) refers to rs485.o(.data) for USART_RX_STA
    rs485.o(.text) refers to rs485.o(.bss) for USART_RX_BUF
    timer.o(.text) refers to stm32f10x_rcc.o(.text) for RCC_APB1PeriphClockCmd
    timer.o(.text) refers to stm32f10x_tim.o(.text) for TIM_TimeBaseInit
    timer.o(.text) refers to misc.o(.text) for NVIC_Init
    timer.o(.text) refers to timer.o(.data) for PS2DELAY
    delay.o(.text) refers to misc.o(.text) for SysTick_CLKSourceConfig
    delay.o(.text) refers to system_stm32f10x.o(.data) for SystemCoreClock
    delay.o(.text) refers to delay.o(.data) for fac_us
    canopen.o(.text) refers to system.o(.data) for gHalData
    canopen.o(.text) refers to stm32f10x_can.o(.text) for CAN_Transmit
    system.o(.text) refers to system_stm32f10x.o(.text) for SystemInit
    system.o(.text) refers to stm32f10x_rcc.o(.text) for RCC_APB2PeriphClockCmd
    system.o(.text) refers to stm32f10x_gpio.o(.text) for GPIO_Init
    system.o(.text) refers to misc.o(.text) for NVIC_PriorityGroupConfig
[...]
    ../mathlib/dunder.c                      0x00000000   Number         0  dunder.o ABSOLUTE
    ../mathlib/fpclassify.c                  0x00000000   Number         0  fpclassify.o ABSOLUTE
    ../mathlib/poly.c                        0x00000000   Number         0  poly.o ABSOLUTE
    ../mathlib/rred.c                        0x00000000   Number         0  rred.o ABSOLUTE
    ../mathlib/sin.c                         0x00000000   Number         0  sin_x.o ABSOLUTE
    ../mathlib/sin.c                         0x00000000   Number         0  sin.o ABSOLUTE
    ../mathlib/sin_i.c                       0x00000000   Number         0  sin_i.o ABSOLUTE
    ../mathlib/sin_i.c                       0x00000000   Number         0  sin_i_x.o ABSOLUTE
    ../mathlib/sqrt.c                        0x00000000   Number         0  sqrt_x.o ABSOLUTE
    ../mathlib/sqrt.c                        0x00000000   Number         0  sqrt.o ABSOLUTE
    ..\CORE\core_cm3.c                       0x00000000   Number         0  core_cm3.o ABSOLUTE
    ..\CORE\startup_stm32f10x_hd.s           0x00000000   Number         0  startup_stm32f10x_hd.o ABSOLUTE
    ..\HARDWARE\CAN\can.c                    0x00000000   Number         0  can.o ABSOLUTE
    ..\HARDWARE\KEY\key.c                    0x00000000   Number         0  key.o ABSOLUTE
    ..\HARDWARE\LCD\lcd.c                    0x00000000   Number         0  lcd.o ABSOLUTE
    ..\HARDWARE\LED\led.c                    0x00000000   Number         0  led.o ABSOLUTE
    ..\HARDWARE\PSTWO\pstwo.c                0x00000000   Number         0  pstwo.o ABSOLUTE
    ..\HARDWARE\RS485\rs485.c                0x00000000   Number         0  rs485.o ABSOLUTE
    ..\HARDWARE\TIMER\timer.c                0x00000000   Number         0  timer.o ABSOLUTE
    ..\STM32F10x_FWLib\src\misc.c            0x00000000   Number         0  misc.o ABSOLUTE
    ..\STM32F10x_FWLib\src\stm32f10x_can.c   0x00000000   Number         0  stm32f10x_can.o ABSOLUTE
    ..\STM32F10x_FWLib\src\stm32f10x_fsmc.c  0x00000000   Number         0  stm32f10x_fsmc.o ABSOLUTE
    ..\STM32F10x_FWLib\src\stm32f10x_gpio.c  0x00000000   Number         0  stm32f10x_gpio.o ABSOLUTE
    ..\STM32F10x_FWLib\src\stm32f10x_rcc.c   0x00000000   Number         0  stm32f10x_rcc.o ABSOLUTE
    ..\STM32F10x_FWLib\src\stm32f10x_tim.c   0x00000000   Number         0  stm32f10x_tim.o ABSOLUTE
    ..\STM32F10x_FWLib\src\stm32f10x_usart.c 0x00000000   Number         0  stm32f10x_usart.o ABSOLUTE
    ..\SYSTEM\delay\delay.c                  0x00000000   Number         0  delay.o ABSOLUTE
    ..\SYSTEM\magc\magc.c                    0x00000000   Number         0  magc.o ABSOLUTE
    ..\SYSTEM\move\drive.c                   0x00000000   Number         0  drive.o ABSOLUTE
    ..\SYSTEM\sys\sys.c                      0x00000000   Number         0  sys.o ABSOLUTE
    ..\SYSTEM\usart\usart.c                  0x00000000   Number         0  usart.o ABSOLUTE
    ..\\CORE\\core_cm3.c                     0x00000000   Number         0  core_cm3.o ABSOLUTE
    ..\\SYSTEM\\sys\\sys.c                   0x00000000   Number         0  sys.o ABSOLUTE
    canopen.c                                0x00000000   Number         0  canopen.o ABSOLUTE
    dc.s                                     0x00000000   Number         0  dc.o ABSOLUTE
    main.c                                   0x00000000   Number         0  main.o ABSOLUTE
    stm32f10x_it.c                           0x00000000   Number         0  stm32f10x_it.o ABSOLUTE
    system.c                                 0x00000000   Number         0  system.o ABSOLUTE
    system_stm32f10x.c                       0x00000000   Number         0  system_stm32f10x.o ABSOLUTE
    RESET                                    0x08000000   Section      304  startup_stm32f10x_hd.o(RESET)
    !!!main                                  0x08000130   Section        8  __main.o(!!!main)
    !!!scatter                               0x08000138   Section       52  __scatter.o(!!!scatter)
    !!handler_copy                           0x0800016c   Section       26  __scatter_copy.o(!!handler_copy)
    !!handler_zi                             0x08000188   Section       28  __scatter_zi.o(!!handler_zi)
    .ARM.Collect$$libinit$$00000000          0x080001a4   Section        2  libinit.o(.ARM.Collect$$libinit$$00000000)
    .ARM.Collect$$libinit$$00000002          0x080001a6   Section        0  libinit2.o(.ARM.Collect$$libinit$$00000002)
    .ARM.Collect$$libinit$$00000003          0x080001a6   Section        8  libinit2.o(.ARM.Collect$$libinit$$00000003)
    .ARM.Collect$$libinit$$00000008          0x080001ae   Section        0  libinit2.o(.ARM.Collect$$libinit$$00000008)
    .ARM.Collect$$libinit$$0000000A          0x080001ae   Section        0  libinit2.o(.ARM.Collect$$libinit$$0000000A)
    .ARM.Collect$$libinit$$0000000C          0x080001ae   Section        0  libinit2.o(.ARM.Collect$$libinit$$0000000C)
    .ARM.Collect$$libinit$$0000000F          0x080001ae   Section        0  libinit2.o(.ARM.Collect$$libinit$$0000000F)
    .ARM.Collect$$libinit$$00000011          0x080001ae   Section        0  libinit2.o(.ARM.Collect$$libinit$$00000011)
    .ARM.Collect$$libinit$$00000013          0x080001ae   Section        0  libinit2.o(.ARM.Collect$$libinit$$00000013)
    .ARM.Collect$$libinit$$00000015          0x080001ae   Section        0  libinit2.o(.ARM.Collect$$libinit$$00000015)
    .ARM.Collect$$libinit$$00000017          0x080001ae   Section        0  libinit2.o(.ARM.Collect$$libinit$$00000017)
    .ARM.Collect$$libinit$$00000019          0x080001ae   Section        0  libinit2.o(.ARM.Collect$$libinit$$00000019)
    .ARM.Collect$$libinit$$0000001B          0x080001ae   Section        0  libinit2.o(.ARM.Collect$$libinit$$0000001B)
    .ARM.Collect$$libinit$$0000001D          0x080001ae   Section        0  libinit2.o(.ARM.Collect$$libinit$$0000001D)
    .ARM.Collect$$libinit$$0000001F          0x080001ae   Section        0  libinit2.o(.ARM.Collect$$libinit$$0000001F)
    .ARM.Collect$$libinit$$00000021          0x080001ae   Section        0  libinit2.o(.ARM.Collect$$libinit$$00000021)
    .ARM.Collect$$libinit$$00000023          0x080001ae   Section        0  libinit2.o(.ARM.Collect$$libinit$$00000023)
    .ARM.Collect$$libinit$$0000002A          0x080001ae   Section        0  libinit2.o(.ARM.Collect$$libinit$$0000002A)
    .ARM.Collect$$libinit$$0000002C          0x080001ae   Section        0  libinit2.o(.ARM.Collect$$libinit$$0000002C)
    .ARM.Collect$$libinit$$0000002E          0x080001ae   Section        0  libinit2.o(.ARM.Collect$$libinit$$0000002E)
    .ARM.Collect$$libinit$$00000030          0x080001ae   Section        0  libinit2.o(.ARM.Collect$$libinit$$00000030)
    .ARM.Collect$$libinit$$00000031          0x080001ae   Section        2  libinit2.o(.ARM.Collect$$libinit$$00000031)
    .ARM.Collect$$libshutdown$$00000000      0x080001b0   Section        2  libshutdown.o(.ARM.Collect$$libshutdown$$00000000)
    .ARM.Collect$$libshutdown$$00000003      0x080001b2   Section        0  libshutdown2.o(.ARM.Collect$$libshutdown$$00000003)
    .ARM.Collect$$libshutdown$$00000006      0x080001b2   Section        0  libshutdown2.o(.ARM.Collect$$libshutdown$$00000006)
    .ARM.Collect$$libshutdown$$00000009      0x080001b2   Section        0  libshutdown2.o(.ARM.Collect$$libshutdown$$00000009)
    .ARM.Collect$$libshutdown$$0000000B      0x080001b2   Section        0  libshutdown2.o(.ARM.Collect$$libshutdown$$0000000B)
    .ARM.Collect$$libshutdown$$0000000E      0x080001b2   Section        0  libshutdown2.o(.ARM.Collect$$libshutdown$$0000000E)
    .ARM.Collect$$libshutdown$$0000000F      0x080001b2   Section        2  libshutdown2.o(.ARM.Collect$$libshutdown$$0000000F)
    .ARM.Collect$$rtentry$$00000000          0x080001b4   Section        0  rtentry.o(.ARM.Collect$$rtentry$$00000000)
    .ARM.Collect$$rtentry$$00000002          0x080001b4   Section        0  rtentry2.o(.ARM.Collect$$rtentry$$00000002)
    .ARM.Collect$$rtentry$$00000004          0x080001b4   Section        6  rtentry4.o(.ARM.Collect$$rtentry$$00000004)
    .ARM.Collect$$rtentry$$00000009          0x080001ba   Section        0  rtentry2.o(.ARM.Collect$$rtentry$$00000009)
    .ARM.Collect$$rtentry$$0000000A          0x080001ba   Section        4  rtentry2.o(.ARM.Collect$$rtentry$$0000000A)
    .ARM.Collect$$rtentry$$0000000C          0x080001be   Section        0  rtentry2.o(.ARM.Collect$$rtentry$$0000000C)
    .ARM.Collect$$rtentry$$0000000D          0x080001be   Section        8  rtentry2.o(.ARM.Collect$$rtentry$$0000000D)
    .ARM.Collect$$rtexit$$00000000           0x080001c6   Section        2  rtexit.o(.ARM.Collect$$rtexit$$00000000)
    .ARM.Collect$$rtexit$$00000002           0x080001c8   Section        0  rtexit2.o(.ARM.Collect$$rtexit$$00000002)
    .ARM.Collect$$rtexit$$00000003           0x080001c8   Section        4  rtexit2.o(.ARM.Collect$$rtexit$$00000003)
    .ARM.Collect$$rtexit$$00000004           0x080001cc   Section        6  rtexit2.o(.ARM.Collect$$rtexit$$00000004)
    .emb_text                                0x080001d4   Section        0  maybetermalloc1.o(.emb_text)
    .text                                    0x080001d4   Section        0  main.o(.text)
    .text                                    0x080002ac   Section        0  stm32f10x_it.o(.text)
    .text                                    0x08000430   Section        0  system_stm32f10x.o(.text)
    SetSysClockTo72                          0x08000431   Thumb Code   212  system_stm32f10x.o(.text)
    SetSysClock                              0x08000505   Thumb Code     8  system_stm32f10x.o(.text)
    .text                                    0x0800060c   Section        0  drive.o(.text)
    .text                                    0x080009e8   Section        0  led.o(.text)
    .text                                    0x08000a34   Section        0  can.o(.text)
    .text                                    0x08000bcc   Section        0  pstwo.o(.text)
    .text                                    0x08000e2c   Section        0  rs485.o(.text)
    .text                                    0x08001018   Section        0  timer.o(.text)
    .text                                    0x0800115c   Section        0  delay.o(.text)
    .text                                    0x0800122c   Section        0  canopen.o(.text)
    .text                                    0x080018b4   Section        0  system.o(.text)
    .text                                    0x08004a58   Section        0  magc.o(.text)
    .text                                    0x08004ac8   Section       64  startup_stm32f10x_hd.o(.text)
    .text                                    0x08004b08   Section        0  misc.o(.text)
    .text                                    0x08004be4   Section        0  stm32f10x_gpio.o(.text)
    .text                                    0x08004f3c   Section        0  stm32f10x_rcc.o(.text)
    .text                                    0x080052e0   Section        0  stm32f10x_can.o(.text)
    CheckITStatus                            0x08005ae3   Thumb Code    16  stm32f10x_can.o(.text)
    .text                                    0x08005ccc   Section        0  stm32f10x_usart.o(.text)
    .text                                    0x080060d4   Section        0  stm32f10x_tim.o(.text)
    TI4_Config                               0x0800657b   Thumb Code   130  stm32f10x_tim.o(.text)
    TI3_Config                               0x0800660f   Thumb Code   122  stm32f10x_tim.o(.text)
    TI2_Config                               0x080066a3   Thumb Code   130  stm32f10x_tim.o(.text)
    TI1_Config                               0x08006737   Thumb Code   108  stm32f10x_tim.o(.text)
    .text                                    0x08006eee   Section        0  h1_alloc.o(.text)
    .text                                    0x08006f4c   Section       78  rt_memclr_w.o(.text)
    .text                                    0x08006f9a   Section        0  heapauxi.o(.text)
    .text                                    0x08006fa0   Section        8  rt_heap_descriptor_intlibspace.o(.text)
    .text                                    0x08006fa8   Section        0  hguard.o(.text)
    .text                                    0x08006fac   Section        0  init_alloc.o(.text)
    .text                                    0x08007036   Section        0  h1_init.o(.text)
    .text                                    0x08007044   Section        0  h1_free.o(.text)
    .text                                    0x08007092   Section        0  _rserrno.o(.text)
    .text                                    0x080070a8   Section        8  libspace.o(.text)
    .text                                    0x080070b0   Section        8  rt_errno_addr_intlibspace.o(.text)
    .text                                    0x080070b8   Section        0  h1_extend.o(.text)
    .text                                    0x080070ec   Section        0  defsig_rtmem_outer.o(.text)
    .text                                    0x080070fa   Section        2  use_no_semi.o(.text)
    .text                                    0x080070fc   Section        0  indicate_semi.o(.text)
    .text                                    0x080070fc   Section       74  sys_stackheap_outer.o(.text)
    .text                                    0x08007146   Section        0  exit.o(.text)
    .text                                    0x08007152   Section        0  defsig_exit.o(.text)
    .text                                    0x0800715c   Section        0  defsig_rtmem_inner.o(.text)
    .text                                    0x080071ac   Section        0  sys_exit.o(.text)
    .text                                    0x080071b8   Section        0  defsig_general.o(.text)
    .text                                    0x080071ea   Section        0  sys_wrch.o(.text)
    i.__ARM_fpclassify                       0x080071f8   Section        0  fpclassify.o(i.__ARM_fpclassify)
    i.__ieee754_rem_pio2                     0x08007220   Section        0  rred.o(i.__ieee754_rem_pio2)
    i.__kernel_cos                           0x080075a8   Section        0  cos_i.o(i.__kernel_cos)
    i.__kernel_poly                          0x080076a4   Section        0  poly.o(i.__kernel_poly)
    i.__kernel_sin                           0x08007750   Section        0  sin_i.o(i.__kernel_sin)
    i.__mathlib_dbl_underflow                0x0800783c   Section        0  dunder.o(i.__mathlib_dbl_underflow)
    i.cos                                    0x0800784c   Section        0  cos.o(i.cos)
    i.sin                                    0x080078f8   Section        0  sin.o(i.sin)
    i.sqrt                                   0x080079a8   Section        0  sqrt.o(i.sqrt)
    x$fpl$dadd                               0x080079f4   Section      336  daddsub_clz.o(x$fpl$dadd)
    _dadd1                                   0x08007a05   Thumb Code     0  daddsub_clz.o(x$fpl$dadd)
    x$fpl$dcheck1                            0x08007b44   Section       16  dcheck1.o(x$fpl$dcheck1)
    x$fpl$dcmpinf                            0x08007b54   Section       24  dcmpi.o(x$fpl$dcmpinf)
    x$fpl$ddiv                               0x08007b6c   Section      688  ddiv.o(x$fpl$ddiv)
    ddiv_entry                               0x08007b73   Thumb Code     0  ddiv.o(x$fpl$ddiv)
    x$fpl$dfix                               0x08007e1c   Section       94  dfix.o(x$fpl$dfix)
    x$fpl$dflt                               0x08007e7a   Section       46  dflt_clz.o(x$fpl$dflt)
    x$fpl$dfltu                              0x08007ea8   Section       38  dflt_clz.o(x$fpl$dfltu)
    x$fpl$dleqf                              0x08007ed0   Section      120  dleqf.o(x$fpl$dleqf)
    x$fpl$dmul                               0x08007f48   Section      340  dmul.o(x$fpl$dmul)
    x$fpl$dnaninf                            0x0800809c   Section      156  dnaninf.o(x$fpl$dnaninf)
    x$fpl$dretinf                            0x08008138   Section       12  dretinf.o(x$fpl$dretinf)
    x$fpl$drleqf                             0x08008144   Section      108  drleqf.o(x$fpl$drleqf)
    x$fpl$drsb                               0x080081b0   Section       22  daddsub_clz.o(x$fpl$drsb)
    x$fpl$dsqrt                              0x080081c8   Section      460  dsqrt_noumaal.o(x$fpl$dsqrt)
    x$fpl$dsub                               0x08008394   Section      468  daddsub_clz.o(x$fpl$dsub)
    _dsub1                                   0x080083a5   Thumb Code     0  daddsub_clz.o(x$fpl$dsub)
    x$fpl$retnan                             0x08008568   Section      100  retnan.o(x$fpl$retnan)
    x$fpl$scalbn                             0x080085cc   Section       92  scalbn.o(x$fpl$scalbn)
    x$fpl$trapveneer                         0x08008628   Section       48  trapv.o(x$fpl$trapveneer)
    .constdata                               0x08008658   Section       48  cos_i.o(.constdata)
    x$fpl$usenofp                            0x08008658   Section        0  usenofp.o(x$fpl$usenofp)
    C                                        0x08008658   Data          48  cos_i.o(.constdata)
    .constdata                               0x08008688   Section      200  rred.o(.constdata)
    pio2s                                    0x08008688   Data          48  rred.o(.constdata)
    twooverpi                                0x080086b8   Data         152  rred.o(.constdata)
    .constdata                               0x08008750   Section       40  sin_i.o(.constdata)
    S                                        0x08008750   Data          40  sin_i.o(.constdata)
    .data                                    0x20000000   Section       20  system_stm32f10x.o(.data)
    .data                                    0x20000014   Section       13  drive.o(.data)
    trundir                                  0x20000020   Data           1  drive.o(.data)
    .data                                    0x20000022   Section       40  pstwo.o(.data)
    stat                                     0x20000044   Data           1  pstwo.o(.data)
    .data                                    0x2000004a   Section        3  rs485.o(.data)
    .data                                    0x2000004d   Section        4  timer.o(.data)
    .data                                    0x20000052   Section        4  delay.o(.data)
    fac_us                                   0x20000052   Data           1  delay.o(.data)
    fac_ms                                   0x20000054   Data           2  delay.o(.data)
    .data                                    0x20000058   Section       40  system.o(.data)
    segstate                                 0x2000005c   Data           4  system.o(.data)
    finishnum                                0x20000060   Data           4  system.o(.data)
    flagssss                                 0x20000064   Data           1  system.o(.data)
    motornum                                 0x20000065   Data           1  system.o(.data)
    .data                                    0x20000080   Section        3  magc.o(.data)
    .data                                    0x20000083   Section       20  stm32f10x_rcc.o(.data)
    APBAHBPrescTable                         0x20000083   Data          16  stm32f10x_rcc.o(.data)
    ADCPrescTable                            0x20000093   Data           4  stm32f10x_rcc.o(.data)
    .bss                                     0x20000098   Section        9  pstwo.o(.bss)
    .bss                                     0x200000a1   Section      128  rs485.o(.bss)
    .bss                                     0x20000124   Section      476  system.o(.bss)
    firstflag                                0x200002c8   Data          16  system.o(.bss)
    finish                                   0x200002d8   Data          40  system.o(.bss)
    .bss                                     0x20000300   Section       96  libspace.o(.bss)
    HEAP                                     0x20000360   Section    32768  startup_stm32f10x_hd.o(HEAP)
    Heap_Mem                                 0x20000360   Data       32768  startup_stm32f10x_hd.o(HEAP)
    STACK                                    0x20008360   Section     1024  startup_stm32f10x_hd.o(STACK)
    Stack_Mem                                0x20008360   Data        1024  startup_stm32f10x_hd.o(STACK)
    __initial_sp                             0x20008760   Data           0  startup_stm32f10x_hd.o(STACK)

    Global Symbols

    Symbol Name                              Value     Ov Type        Size  Object(Section)

    BuildAttributes$$THM_ISAv4$P$D$K$B$S$PE$A:L22UL41UL21$X:L11$S22US41US21$IEEE1$IW$USESV6$~STKCKD$USESV7$~SHL$OTIME$ROPI$IEEEX$EBA8$UX$STANDARDLIB$REQ8$PRES8$EABIv2 0x00000000   Number         0  anon$$obj.o ABSOLUTE
    __ARM_use_no_argv                        0x00000000   Number         0  main.o ABSOLUTE
    __ARM_exceptions_init                     - Undefined Weak Reference
    __alloca_initialize                       - Undefined Weak Reference
    __cpp_initialize__aeabi_                  - Undefined Weak Reference
    __cxa_finalize                            - Undefined Weak Reference
    __rt_locale                               - Undefined Weak Reference
    __sigvec_lookup                           - Undefined Weak Reference
    __user_heap_extent                        - Undefined Weak Reference
    _atexit_init                              - Undefined Weak Reference
    _call_atexit_fns                          - Undefined Weak Reference
    _clock_init                               - Undefined Weak Reference
    _fp_trap_init                             - Undefined Weak Reference
    _fp_trap_shutdown                         - Undefined Weak Reference
    _get_lc_collate                           - Undefined Weak Reference
    _get_lc_ctype                             - Undefined Weak Reference
    _get_lc_monetary                          - Undefined Weak Reference
    _get_lc_numeric                           - Undefined Weak Reference
    _get_lc_time                              - Undefined Weak Reference
    _getenv_init                              - Undefined Weak Reference
    _handle_redirection                       - Undefined Weak Reference
    _mutex_acquire                            - Undefined Weak Reference
    _mutex_free                               - Undefined Weak Reference
    _mutex_release                            - Undefined Weak Reference
    _printf_post_padding                      - Undefined Weak Reference
    _printf_pre_padding                       - Undefined Weak Reference
    _printf_truncate_unsigned                 - Undefined Weak Reference
    _rand_init                                - Undefined Weak Reference
    _signal_finish                            - Undefined Weak Reference
    _signal_init                              - Undefined Weak Reference
    __Vectors_Size                           0x00000130   Number         0  startup_stm32f10x_hd.o ABSOLUTE
    __Vectors                                0x08000000   Data           4  startup_stm32f10x_hd.o(RESET)
    __Vectors_End                            0x08000130   Data           0  startup_stm32f10x_hd.o(RESET)
    __main                                   0x08000131   Thumb Code     8  __main.o(!!!main)
    __scatterload                            0x08000139   Thumb Code     0  __scatter.o(!!!scatter)
    __scatterload_rt2                        0x08000139   Thumb Code    44  __scatter.o(!!!scatter)
    __scatterload_rt2_thumb_only             0x08000139   Thumb Code     0  __scatter.o(!!!scatter)
    __scatterload_null                       0x08000147   Thumb Code     0  __scatter.o(!!!scatter)
    __scatterload_copy                       0x0800016d   Thumb Code    26  __scatter_copy.o(!!handler_copy)
    __scatterload_zeroinit                   0x08000189   Thumb Code    28  __scatter_zi.o(!!handler_zi)
    __rt_lib_init                            0x080001a5   Thumb Code     0  libinit.o(.ARM.Collect$$libinit$$00000000)
    __rt_lib_init_fp_1                       0x080001a7   Thumb Code     0  libinit2.o(.ARM.Collect$$libinit$$00000002)
    __rt_lib_init_heap_2                     0x080001a7   Thumb Code     0  libinit2.o(.ARM.Collect$$libinit$$00000003)
    __rt_lib_init_alloca_1                   0x080001af   Thumb Code     0  libinit2.o(.ARM.Collect$$libinit$$0000002C)
    __rt_lib_init_argv_1                     0x080001af   Thumb Code     0  libinit2.o(.ARM.Collect$$libinit$$0000002A)
    __rt_lib_init_atexit_1                   0x080001af   Thumb Code     0  libinit2.o(.ARM.Collect$$libinit$$00000019)
    __rt_lib_init_clock_1                    0x080001af   Thumb Code     0  libinit2.o(.ARM.Collect$$libinit$$0000001F)
    __rt_lib_init_cpp_1                      0x080001af   Thumb Code     0  libinit2.o(.ARM.Collect$$libinit$$00000030)
    __rt_lib_init_exceptions_1               0x080001af   Thumb Code     0  libinit2.o(.ARM.Collect$$libinit$$0000002E)
    __rt_lib_init_fp_trap_1                  0x080001af   Thumb Code     0  libinit2.o(.ARM.Collect$$libinit$$0000001D)
    __rt_lib_init_getenv_1                   0x080001af   Thumb Code     0  libinit2.o(.ARM.Collect$$libinit$$00000021)
    __rt_lib_init_heap_1                     0x080001af   Thumb Code     0  libinit2.o(.ARM.Collect$$libinit$$00000008)
    __rt_lib_init_lc_collate_1               0x080001af   Thumb Code     0  libinit2.o(.ARM.Collect$$libinit$$0000000F)
    __rt_lib_init_lc_ctype_1                 0x080001af   Thumb Code     0  libinit2.o(.ARM.Collect$$libinit$$00000011)
    __rt_lib_init_lc_monetary_1              0x080001af   Thumb Code     0  libinit2.o(.ARM.Collect$$libinit$$00000013)
    __rt_lib_init_lc_numeric_1               0x080001af   Thumb Code     0  libinit2.o(.ARM.Collect$$libinit$$00000015)
    __rt_lib_init_lc_time_1                  0x080001af   Thumb Code     0  libinit2.o(.ARM.Collect$$libinit$$00000017)
    __rt_lib_init_rand_1                     0x080001af   Thumb Code     0  libinit2.o(.ARM.Collect$$libinit$$0000000C)
    __rt_lib_init_return                     0x080001af   Thumb Code     0  libinit2.o(.ARM.Collect$$libinit$$00000031)
    __rt_lib_init_signal_1                   0x080001af   Thumb Code     0  libinit2.o(.ARM.Collect$$libinit$$0000001B)
    __rt_lib_init_stdio_1                    0x080001af   Thumb Code     0  libinit2.o(.ARM.Collect$$libinit$$00000023)
    __rt_lib_init_user_alloc_1               0x080001af   Thumb Code     0  libinit2.o(.ARM.Collect$$libinit$$0000000A)
    __rt_lib_shutdown                        0x080001b1   Thumb Code     0  libshutdown.o(.ARM.Collect$$libshutdown$$00000000)
    __rt_lib_shutdown_fp_trap_1              0x080001b3   Thumb Code     0  libshutdown2.o(.ARM.Collect$$libshutdown$$00000006)
    __rt_lib_shutdown_heap_1                 0x080001b3   Thumb Code     0  libshutdown2.o(.ARM.Collect$$libshutdown$$0000000E)
    __rt_lib_shutdown_return                 0x080001b3   Thumb Code     0  libshutdown2.o(.ARM.Collect$$libshutdown$$0000000F)
    __rt_lib_shutdown_signal_1               0x080001b3   Thumb Code     0  libshutdown2.o(.ARM.Collect$$libshutdown$$00000009)
    __rt_lib_shutdown_stdio_1                0x080001b3   Thumb Code     0  libshutdown2.o(.ARM.Collect$$libshutdown$$00000003)
    __rt_lib_shutdown_user_alloc_1           0x080001b3   Thumb Code     0  libshutdown2.o(.ARM.Collect$$libshutdown$$0000000B)
    __rt_entry                               0x080001b5   Thumb Code     0  rtentry.o(.ARM.Collect$$rtentry$$00000000)
    __rt_entry_presh_1                       0x080001b5   Thumb Code     0  rtentry2.o(.ARM.Collect$$rtentry$$00000002)
    __rt_entry_sh                            0x080001b5   Thumb Code     0  rtentry4.o(.ARM.Collect$$rtentry$$00000004)
    __rt_entry_li                            0x080001bb   Thumb Code     0  rtentry2.o(.ARM.Collect$$rtentry$$0000000A)
    __rt_entry_postsh_1                      0x080001bb   Thumb Code     0  rtentry2.o(.ARM.Collect$$rtentry$$00000009)
    __rt_entry_main                          0x080001bf   Thumb Code     0  rtentry2.o(.ARM.Collect$$rtentry$$0000000D)
    __rt_entry_postli_1                      0x080001bf   Thumb Code     0  rtentry2.o(.ARM.Collect$$rtentry$$0000000C)
    __rt_exit                                0x080001c7   Thumb Code     0  rtexit.o(.ARM.Collect$$rtexit$$00000000)
    __rt_exit_ls                             0x080001c9   Thumb Code     0  rtexit2.o(.ARM.Collect$$rtexit$$00000003)
    __rt_exit_prels_1                        0x080001c9   Thumb Code     0  rtexit2.o(.ARM.Collect$$rtexit$$00000002)
    __rt_exit_exit                           0x080001cd   Thumb Code     0  rtexit2.o(.ARM.Collect$$rtexit$$00000004)
    _maybe_terminate_alloc                   0x080001d5   Thumb Code     0  maybetermalloc1.o(.emb_text)
    main                                     0x080001d5   Thumb Code   202  main.o(.text)
    NMI_Handler                              0x080002ad   Thumb Code     2  stm32f10x_it.o(.text)
    HardFault_Handler                        0x080002af   Thumb Code     4  stm32f10x_it.o(.text)
    MemManage_Handler                        0x080002b3   Thumb Code     4  stm32f10x_it.o(.text)
    BusFault_Handler                         0x080002b7   Thumb Code     4  stm32f10x_it.o(.text)
    UsageFault_Handler                       0x080002bb   Thumb Code     4  stm32f10x_it.o(.text)
    SVC_Handler                              0x080002bf   Thumb Code     2  stm32f10x_it.o(.text)
    DebugMon_Handler                         0x080002c1   Thumb Code     2  stm32f10x_it.o(.text)
    PendSV_Handler                           0x080002c3   Thumb Code     2  stm32f10x_it.o(.text)
    SysTick_Handler                          0x080002c5   Thumb Code     2  stm32f10x_it.o(.text)
    USB_LP_CAN1_RX0_IRQHandler               0x080002c7   Thumb Code   352  stm32f10x_it.o(.text)
    SystemInit                               0x0800050d   Thumb Code    78  system_stm32f10x.o(.text)
    SystemCoreClockUpdate                    0x0800055b   Thumb Code   142  system_stm32f10x.o(.text)
    run_dir                                  0x0800060d   Thumb Code   208  drive.o(.text)
    auto_run                                 0x080006dd   Thumb Code   396  drive.o(.text)
    move_process                             0x08000869   Thumb Code   334  drive.o(.text)
    LED_Init                                 0x080009e9   Thumb Code    68  led.o(.text)
    CAN_Mode_Init                            0x08000a35   Thumb Code   240  can.o(.text)
    Can_Send_Msg                             0x08000b25   Thumb Code   104  can.o(.text)
    Can_Receive_Msg                          0x08000b8d   Thumb Code    56  can.o(.text)
    PS2_Init                                 0x08000bcd   Thumb Code    72  pstwo.o(.text)
    PS2_Cmd                                  0x08000c15   Thumb Code   126  pstwo.o(.text)
    PS2_RedLight                             0x08000c93   Thumb Code    48  pstwo.o(.text)
    PS2_ReadData                             0x08000cc3   Thumb Code   160  pstwo.o(.text)
    PS2_ClearData                            0x08000d63   Thumb Code    20  pstwo.o(.text)
    PS2_DataKey                              0x08000d77   Thumb Code    70  pstwo.o(.text)
    PS2_AnologData                           0x08000dbd   Thumb Code     8  pstwo.o(.text)
    psinput                                  0x08000dc5   Thumb Code    46  pstwo.o(.text)
    USART2_IRQHandler                        0x08000e2d   Thumb Code   122  rs485.o(.text)
    RS485_Init                               0x08000ea7   Thumb Code   198  rs485.o(.text)
    RS485_Send_Data                          0x08000f6d   Thumb Code    70  rs485.o(.text)
    RS485_Receive_Data                       0x08000fb3   Thumb Code    68  rs485.o(.text)
    TIM3_Int_Init                            0x08001019   Thumb Code   106  timer.o(.text)
    TIM3_IRQHandler                          0x08001083   Thumb Code    48  timer.o(.text)
    TIM2_Int_Init                            0x080010b3   Thumb Code   110  timer.o(.text)
    TIM2_IRQHandler                          0x08001121   Thumb Code    48  timer.o(.text)
    delay_init                               0x0800115d   Thumb Code    50  delay.o(.text)
    delay_us                                 0x0800118f   Thumb Code    70  delay.o(.text)
    delay_ms                                 0x080011d5   Thumb Code    70  delay.o(.text)
    ObjectConfig                             0x0800122d   Thumb Code     8  canopen.o(.text)
    CanOpen_Init                             0x08001235   Thumb Code   708  canopen.o(.text)
    SendSDO                                  0x080014f9   Thumb Code   542  canopen.o(.text)
    ReadSDO                                  0x08001717   Thumb Code   126  canopen.o(.text)
    PreOPtoOP                                0x08001795   Thumb Code    46  canopen.o(.text)
    OPtoPreOP                                0x080017c3   Thumb Code    46  canopen.o(.text)
    SendSYNC                                 0x080017f1   Thumb Code    48  canopen.o(.text)
    SendPDO                                  0x08001821   Thumb Code   140  canopen.o(.text)
    RCC_Configuration                        0x080018b5   Thumb Code    48  system.o(.text)
    GPIO_Configuration                       0x080018e5   Thumb Code   326  system.o(.text)
    NVIC_Configuration                       0x08001a2b   Thumb Code   156  system.o(.text)
    Delay                                    0x08001ac7   Thumb Code    18  system.o(.text)
    Usart1_Init                              0x08001ad9   Thumb Code   124  system.o(.text)
    Usart2_Init                              0x08001b55   Thumb Code   132  system.o(.text)
    Usart4_Init                              0x08001bd9   Thumb Code   124  system.o(.text)
    CAN_Configuration                        0x08001c55   Thumb Code   244  system.o(.text)
    Device_Init                              0x08001d49   Thumb Code   156  system.o(.text)
    System_Init                              0x08001de5   Thumb Code   276  system.o(.text)
    RTU_CRC                                  0x08001ef9   Thumb Code    78  system.o(.text)
    Drivers_Init                             0x08001f47   Thumb Code   804  system.o(.text)
    CalMotor                                 0x0800226b   Thumb Code  1260  system.o(.text)
    Obstacle                                 0x08002757   Thumb Code     2  system.o(.text)
    MagIO_Check                              0x08002759   Thumb Code     2  system.o(.text)
    Status_Handle                            0x0800275b   Thumb Code     2  system.o(.text)
    Command_Handle                           0x0800275d   Thumb Code  8708  system.o(.text)
    Data_Send                                0x08004961   Thumb Code   222  system.o(.text)
    Status_UpLoad                            0x08004a3f   Thumb Code     8  system.o(.text)
    CRC16                                    0x08004a59   Thumb Code    56  magc.o(.text)
    Main2Magc                                0x08004a91   Thumb Code    54  magc.o(.text)
    Reset_Handler                            0x08004ac9   Thumb Code     8  startup_stm32f10x_hd.o(.text)
    ADC1_2_IRQHandler                        0x08004ae3   Thumb Code     0  startup_stm32f10x_hd.o(.text)
    ADC3_IRQHandler                          0x08004ae3   Thumb Code     0  startup_stm32f10x_hd.o(.text)
    CAN1_RX1_IRQHandler                      0x08004ae3   Thumb Code     0  startup_stm32f10x_hd.o(.text)
    CAN1_SCE_IRQHandler                      0x08004ae3   Thumb Code     0  startup_stm32f10x_hd.o(.text)
    DMA1_Channel1_IRQHandler                 0x08004ae3   Thumb Code     0  startup_stm32f10x_hd.o(.text)
    DMA1_Channel2_IRQHandler                 0x08004ae3   Thumb Code     0  startup_stm32f10x_hd.o(.text)
    DMA1_Channel3_IRQHandler                 0x08004ae3   Thumb Code     0  startup_stm32f10x_hd.o(.text)
    DMA1_Channel4_IRQHandler                 0x08004ae3   Thumb Code     0  startup_stm32f10x_hd.o(.text)
    DMA1_Channel5_IRQHandler                 0x08004ae3   Thumb Code     0  startup_stm32f10x_hd.o(.text)
    DMA1_Channel6_IRQHandler                 0x08004ae3   Thumb Code     0  startup_stm32f10x_hd.o(.text)
    DMA1_Channel7_IRQHandler                 0x08004ae3   Thumb Code     0  startup_stm32f10x_hd.o(.text)
    DMA2_Channel1_IRQHandler                 0x08004ae3   Thumb Code     0  startup_stm32f10x_hd.o(.text)
    DMA2_Channel2_IRQHandler                 0x08004ae3   Thumb Code     0  startup_stm32f10x_hd.o(.text)
    DMA2_Channel3_IRQHandler                 0x08004ae3   Thumb Code     0  startup_stm32f10x_hd.o(.text)
    DMA2_Channel4_5_IRQHandler               0x08004ae3   Thumb Code     0  startup_stm32f10x_hd.o(.text)
    EXTI0_IRQHandler                         0x08004ae3   Thumb Code     0  startup_stm32f10x_hd.o(.text)
    EXTI15_10_IRQHandler                     0x08004ae3   Thumb Code     0  startup_stm32f10x_hd.o(.text)
    EXTI1_IRQHandler                         0x08004ae3   Thumb Code     0  startup_stm32f10x_hd.o(.text)
    EXTI2_IRQHandler                         0x08004ae3   Thumb Code     0  startup_stm32f10x_hd.o(.text)
    EXTI3_IRQHandler                         0x08004ae3   Thumb Code     0  startup_stm32f10x_hd.o(.text)
    EXTI4_IRQHandler                         0x08004ae3   Thumb Code     0  startup_stm32f10x_hd.o(.text)
    EXTI9_5_IRQHandler                       0x08004ae3   Thumb Code     0  startup_stm32f10x_hd.o(.text)
    FLASH_IRQHandler                         0x08004ae3   Thumb Code     0  startup_stm32f10x_hd.o(.text)
    FSMC_IRQHandler                          0x08004ae3   Thumb Code     0  startup_stm32f10x_hd.o(.text)
    I2C1_ER_IRQHandler                       0x08004ae3   Thumb Code     0  startup_stm32f10x_hd.o(.text)
    I2C1_EV_IRQHandler                       0x08004ae3   Thumb Code     0  startup_stm32f10x_hd.o(.text)
    I2C2_ER_IRQHandler                       0x08004ae3   Thumb Code     0  startup_stm32f10x_hd.o(.text)
    I2C2_EV_IRQHandler                       0x08004ae3   Thumb Code     0  startup_stm32f10x_hd.o(.text)
    PVD_IRQHandler                           0x08004ae3   Thumb Code     0  startup_stm32f10x_hd.o(.text)
    RCC_IRQHandler                           0x08004ae3   Thumb Code     0  startup_stm32f10x_hd.o(.text)
    RTCAlarm_IRQHandler                      0x08004ae3   Thumb Code     0  startup_stm32f10x_hd.o(.text)
    RTC_IRQHandler                           0x08004ae3   Thumb Code     0  startup_stm32f10x_hd.o(.text)
    SDIO_IRQHandler                          0x08004ae3   Thumb Code     0  startup_stm32f10x_hd.o(.text)
    SPI1_IRQHandler                          0x08004ae3   Thumb Code     0  startup_stm32f10x_hd.o(.text)
    SPI2_IRQHandler                          0x08004ae3   Thumb Code     0  startup_stm32f10x_hd.o(.text)
    SPI3_IRQHandler                          0x08004ae3   Thumb Code     0  startup_stm32f10x_hd.o(.text)
    TAMPER_IRQHandler                        0x08004ae3   Thumb Code     0  startup_stm32f10x_hd.o(.text)
    TIM1_BRK_IRQHandler                      0x08004ae3   Thumb Code     0  startup_stm32f10x_hd.o(.text)
    TIM1_CC_IRQHandler                       0x08004ae3   Thumb Code     0  startup_stm32f10x_hd.o(.text)
    TIM1_TRG_COM_IRQHandler                  0x08004ae3   Thumb Code     0  startup_stm32f10x_hd.o(.text)
    TIM1_UP_IRQHandler                       0x08004ae3   Thumb Code     0  startup_stm32f10x_hd.o(.text)
    TIM4_IRQHandler                          0x08004ae3   Thumb Code     0  startup_stm32f10x_hd.o(.text)
    TIM5_IRQHandler                          0x08004ae3   Thumb Code     0  startup_stm32f10x_hd.o(.text)
    TIM6_IRQHandler                          0x08004ae3   Thumb Code     0  startup_stm32f10x_hd.o(.text)
    TIM7_IRQHandler                          0x08004ae3   Thumb Code     0  startup_stm32f10x_hd.o(.text)
    TIM8_BRK_IRQHandler                      0x08004ae3   Thumb Code     0  startup_stm32f10x_hd.o(.text)
    TIM8_CC_IRQHandler                       0x08004ae3   Thumb Code     0  startup_stm32f10x_hd.o(.text)
    TIM8_TRG_COM_IRQHandler                  0x08004ae3   Thumb Code     0  startup_stm32f10x_hd.o(.text)
    TIM8_UP_IRQHandler                       0x08004ae3   Thumb Code     0  startup_stm32f10x_hd.o(.text)
    UART4_IRQHandler                         0x08004ae3   Thumb Code     0  startup_stm32f10x_hd.o(.text)
    UART5_IRQHandler                         0x08004ae3   Thumb Code     0  startup_stm32f10x_hd.o(.text)
    USART1_IRQHandler                        0x08004ae3   Thumb Code     0  startup_stm32f10x_hd.o(.text)
    USART3_IRQHandler                        0x08004ae3   Thumb Code     0  startup_stm32f10x_hd.o(.text)
    USBWakeUp_IRQHandler                     0x08004ae3   Thumb Code     0  startup_stm32f10x_hd.o(.text)
    USB_HP_CAN1_TX_IRQHandler                0x08004ae3   Thumb Code     0  startup_stm32f10x_hd.o(.text)
    WWDG_IRQHandler                          0x08004ae3   Thumb Code     0  startup_stm32f10x_hd.o(.text)
    __user_initial_stackheap                 0x08004ae5   Thumb Code     0  startup_stm32f10x_hd.o(.text)
    NVIC_PriorityGroupConfig                 0x08004b09   Thumb Code    10  misc.o(.text)
    NVIC_Init                                0x08004b13   Thumb Code   102  misc.o(.text)
    NVIC_SetVectorTable                      0x08004b79   Thumb Code    14  misc.o(.text)
    NVIC_SystemLPConfig                      0x08004b87   Thumb Code    34  misc.o(.text)
    SysTick_CLKSourceConfig                  0x08004ba9   Thumb Code    40  misc.o(.text)
    GPIO_DeInit                              0x08004be5   Thumb Code   172  stm32f10x_gpio.o(.text)
    GPIO_AFIODeInit                          0x08004c91   Thumb Code    20  stm32f10x_gpio.o(.text)
    GPIO_Init                                0x08004ca5   Thumb Code   274  stm32f10x_gpio.o(.text)
    GPIO_StructInit                          0x08004db7   Thumb Code    16  stm32f10x_gpio.o(.text)
    GPIO_ReadInputDataBit                    0x08004dc7   Thumb Code    18  stm32f10x_gpio.o(.text)
    GPIO_ReadInputData                       0x08004dd9   Thumb Code     8  stm32f10x_gpio.o(.text)
    GPIO_ReadOutputDataBit                   0x08004de1   Thumb Code    18  stm32f10x_gpio.o(.text)
    GPIO_ReadOutputData                      0x08004df3   Thumb Code     8  stm32f10x_gpio.o(.text)
    GPIO_SetBits                             0x08004dfb   Thumb Code     4  stm32f10x_gpio.o(.text)
    GPIO_ResetBits                           0x08004dff   Thumb Code     4  stm32f10x_gpio.o(.text)
    GPIO_WriteBit                            0x08004e03   Thumb Code    10  stm32f10x_gpio.o(.text)
    GPIO_Write                               0x08004e0d   Thumb Code     4  stm32f10x_gpio.o(.text)
    GPIO_PinLockConfig                       0x08004e11   Thumb Code    18  stm32f10x_gpio.o(.text)
    GPIO_EventOutputConfig                   0x08004e23   Thumb Code    26  stm32f10x_gpio.o(.text)
    GPIO_EventOutputCmd                      0x08004e3d   Thumb Code     6  stm32f10x_gpio.o(.text)
    GPIO_PinRemapConfig                      0x08004e43   Thumb Code   138  stm32f10x_gpio.o(.text)
    GPIO_EXTILineConfig                      0x08004ecd   Thumb Code    66  stm32f10x_gpio.o(.text)
    GPIO_ETH_MediaInterfaceConfig            0x08004f0f   Thumb Code     6  stm32f10x_gpio.o(.text)
    RCC_DeInit                               0x08004f3d   Thumb Code    64  stm32f10x_rcc.o(.text)
    RCC_HSEConfig                            0x08004f7d   Thumb Code    70  stm32f10x_rcc.o(.text)
    RCC_GetFlagStatus                        0x08004fc3   Thumb Code    56  stm32f10x_rcc.o(.text)
    RCC_WaitForHSEStartUp                    0x08004ffb   Thumb Code    56  stm32f10x_rcc.o(.text)
    RCC_AdjustHSICalibrationValue            0x08005033   Thumb Code    20  stm32f10x_rcc.o(.text)
    RCC_HSICmd                               0x08005047   Thumb Code     6  stm32f10x_rcc.o(.text)
    RCC_PLLConfig                            0x0800504d   Thumb Code    24  stm32f10x_rcc.o(.text)
    RCC_PLLCmd                               0x08005065   Thumb Code     6  stm32f10x_rcc.o(.text)
    RCC_SYSCLKConfig                         0x0800506b   Thumb Code    18  stm32f10x_rcc.o(.text)
    RCC_GetSYSCLKSource                      0x0800507d   Thumb Code    10  stm32f10x_rcc.o(.text)
    RCC_HCLKConfig                           0x08005087   Thumb Code    18  stm32f10x_rcc.o(.text)
    RCC_PCLK1Config                          0x08005099   Thumb Code    18  stm32f10x_rcc.o(.text)
    RCC_PCLK2Config                          0x080050ab   Thumb Code    20  stm32f10x_rcc.o(.text)
    RCC_ITConfig                             0x080050bf   Thumb Code    26  stm32f10x_rcc.o(.text)
    RCC_USBCLKConfig                         0x080050d9   Thumb Code     6  stm32f10x_rcc.o(.text)
    RCC_ADCCLKConfig                         0x080050df   Thumb Code    18  stm32f10x_rcc.o(.text)
    RCC_LSEConfig                            0x080050f1   Thumb Code    44  stm32f10x_rcc.o(.text)
    RCC_LSICmd                               0x0800511d   Thumb Code     6  stm32f10x_rcc.o(.text)
    RCC_RTCCLKConfig                         0x08005123   Thumb Code    12  stm32f10x_rcc.o(.text)
    RCC_RTCCLKCmd                            0x0800512f   Thumb Code     8  stm32f10x_rcc.o(.text)
    RCC_GetClocksFreq                        0x08005137   Thumb Code   192  stm32f10x_rcc.o(.text)
    RCC_AHBPeriphClockCmd                    0x080051f7   Thumb Code    26  stm32f10x_rcc.o(.text)
    RCC_APB2PeriphClockCmd                   0x08005211   Thumb Code    26  stm32f10x_rcc.o(.text)
    RCC_APB1PeriphClockCmd                   0x0800522b   Thumb Code    26  stm32f10x_rcc.o(.text)
    RCC_APB2PeriphResetCmd                   0x08005245   Thumb Code    26  stm32f10x_rcc.o(.text)
    RCC_APB1PeriphResetCmd                   0x0800525f   Thumb Code    26  stm32f10x_rcc.o(.text)
    RCC_BackupResetCmd                       0x08005279   Thumb Code     8  stm32f10x_rcc.o(.text)
    RCC_ClockSecuritySystemCmd               0x08005281   Thumb Code     6  stm32f10x_rcc.o(.text)
    RCC_MCOConfig                            0x08005287   Thumb Code     6  stm32f10x_rcc.o(.text)
    RCC_ClearFlag                            0x0800528d   Thumb Code    14  stm32f10x_rcc.o(.text)
    RCC_GetITStatus                          0x0800529b   Thumb Code    20  stm32f10x_rcc.o(.text)
    RCC_ClearITPendingBit                    0x080052af   Thumb Code     6  stm32f10x_rcc.o(.text)
    CAN_DeInit                               0x080052e1   Thumb Code    50  stm32f10x_can.o(.text)
    CAN_Init                                 0x08005313   Thumb Code   276  stm32f10x_can.o(.text)
    CAN_FilterInit                           0x08005427   Thumb Code   258  stm32f10x_can.o(.text)
    CAN_StructInit                           0x08005529   Thumb Code    32  stm32f10x_can.o(.text)
    CAN_SlaveStartBank                       0x08005549   Thumb Code    48  stm32f10x_can.o(.text)
    CAN_DBGFreeze                            0x08005579   Thumb Code    22  stm32f10x_can.o(.text)
    CAN_TTComModeCmd                         0x0800558f   Thumb Code   118  stm32f10x_can.o(.text)
    CAN_Transmit                             0x08005605   Thumb Code   304  stm32f10x_can.o(.text)
    CAN_TransmitStatus                       0x08005735   Thumb Code   138  stm32f10x_can.o(.text)
    CAN_CancelTransmit                       0x080057bf   Thumb Code    48  stm32f10x_can.o(.text)
    CAN_Receive                              0x080057ef   Thumb Code   240  stm32f10x_can.o(.text)
    CAN_FIFORelease                          0x080058df   Thumb Code    22  stm32f10x_can.o(.text)
    CAN_MessagePending                       0x080058f5   Thumb Code    30  stm32f10x_can.o(.text)
    CAN_OperatingModeRequest                 0x08005913   Thumb Code   162  stm32f10x_can.o(.text)
    CAN_Sleep                                0x080059b5   Thumb Code    30  stm32f10x_can.o(.text)
    CAN_WakeUp                               0x080059d3   Thumb Code    48  stm32f10x_can.o(.text)
    CAN_GetLastErrorCode                     0x08005a03   Thumb Code    12  stm32f10x_can.o(.text)
    CAN_GetReceiveErrorCounter               0x08005a0f   Thumb Code    10  stm32f10x_can.o(.text)
    CAN_GetLSBTransmitErrorCounter           0x08005a19   Thumb Code    12  stm32f10x_can.o(.text)
    CAN_ITConfig                             0x08005a25   Thumb Code    18  stm32f10x_can.o(.text)
    CAN_GetFlagStatus                        0x08005a37   Thumb Code   120  stm32f10x_can.o(.text)
    CAN_ClearFlag                            0x08005aaf   Thumb Code    52  stm32f10x_can.o(.text)
    CAN_GetITStatus                          0x08005af3   Thumb Code   308  stm32f10x_can.o(.text)
    CAN_ClearITPendingBit                    0x08005c27   Thumb Code   162  stm32f10x_can.o(.text)
    USART_DeInit                             0x08005ccd   Thumb Code   134  stm32f10x_usart.o(.text)
    USART_Init                               0x08005d53   Thumb Code   210  stm32f10x_usart.o(.text)
    USART_StructInit                         0x08005e25   Thumb Code    24  stm32f10x_usart.o(.text)
    USART_ClockInit                          0x08005e3d   Thumb Code    34  stm32f10x_usart.o(.text)
    USART_ClockStructInit                    0x08005e5f   Thumb Code    12  stm32f10x_usart.o(.text)
    USART_Cmd                                0x08005e6b   Thumb Code    24  stm32f10x_usart.o(.text)
    USART_ITConfig                           0x08005e83   Thumb Code    74  stm32f10x_usart.o(.text)
    USART_DMACmd                             0x08005ecd   Thumb Code    18  stm32f10x_usart.o(.text)
    USART_SetAddress                         0x08005edf   Thumb Code    18  stm32f10x_usart.o(.text)
    USART_WakeUpConfig                       0x08005ef1   Thumb Code    18  stm32f10x_usart.o(.text)
    USART_ReceiverWakeUpCmd                  0x08005f03   Thumb Code    24  stm32f10x_usart.o(.text)
    USART_LINBreakDetectLengthConfig         0x08005f1b   Thumb Code    18  stm32f10x_usart.o(.text)
    USART_LINCmd                             0x08005f2d   Thumb Code    24  stm32f10x_usart.o(.text)
    USART_SendData                           0x08005f45   Thumb Code     8  stm32f10x_usart.o(.text)
    USART_ReceiveData                        0x08005f4d   Thumb Code    10  stm32f10x_usart.o(.text)
    USART_SendBreak                          0x08005f57   Thumb Code    10  stm32f10x_usart.o(.text)
    USART_SetGuardTime                       0x08005f61   Thumb Code    16  stm32f10x_usart.o(.text)
    USART_SetPrescaler                       0x08005f71   Thumb Code    16  stm32f10x_usart.o(.text)
    USART_SmartCardCmd                       0x08005f81   Thumb Code    24  stm32f10x_usart.o(.text)
    USART_SmartCardNACKCmd                   0x08005f99   Thumb Code    24  stm32f10x_usart.o(.text)
    USART_HalfDuplexCmd                      0x08005fb1   Thumb Code    24  stm32f10x_usart.o(.text)
    USART_OverSampling8Cmd                   0x08005fc9   Thumb Code    22  stm32f10x_usart.o(.text)
    USART_OneBitMethodCmd                    0x08005fdf   Thumb Code    24  stm32f10x_usart.o(.text)
    USART_IrDAConfig                         0x08005ff7   Thumb Code    18  stm32f10x_usart.o(.text)
    USART_IrDACmd                            0x08006009   Thumb Code    24  stm32f10x_usart.o(.text)
    USART_GetFlagStatus                      0x08006021   Thumb Code    26  stm32f10x_usart.o(.text)
    USART_ClearFlag                          0x0800603b   Thumb Code    18  stm32f10x_usart.o(.text)
    USART_GetITStatus                        0x0800604d   Thumb Code    84  stm32f10x_usart.o(.text)
    USART_ClearITPendingBit                  0x080060a1   Thumb Code    52  stm32f10x_usart.o(.text)
    TIM_DeInit                               0x080060d5   Thumb Code   424  stm32f10x_tim.o(.text)
    TIM_TimeBaseInit                         0x0800627d   Thumb Code   122  stm32f10x_tim.o(.text)
    TIM_OC1Init                              0x080062f7   Thumb Code   132  stm32f10x_tim.o(.text)
    TIM_OC2Init                              0x0800637b   Thumb Code   154  stm32f10x_tim.o(.text)
    TIM_OC3Init                              0x08006415   Thumb Code   150  stm32f10x_tim.o(.text)
    TIM_OC4Init                              0x080064ab   Thumb Code   182  stm32f10x_tim.o(.text)
    TIM_SetIC4Prescaler                      0x08006561   Thumb Code    26  stm32f10x_tim.o(.text)
    TIM_SetIC3Prescaler                      0x080065fd   Thumb Code    18  stm32f10x_tim.o(.text)
    TIM_SetIC2Prescaler                      0x08006689   Thumb Code    26  stm32f10x_tim.o(.text)
    TIM_SetIC1Prescaler                      0x08006725   Thumb Code    18  stm32f10x_tim.o(.text)
    TIM_ICInit                               0x080067a3   Thumb Code   150  stm32f10x_tim.o(.text)
    TIM_PWMIConfig                           0x08006839   Thumb Code   124  stm32f10x_tim.o(.text)
    TIM_BDTRConfig                           0x080068b5   Thumb Code    32  stm32f10x_tim.o(.text)
    TIM_TimeBaseStructInit                   0x080068d5   Thumb Code    18  stm32f10x_tim.o(.text)
    TIM_OCStructInit                         0x080068e7   Thumb Code    20  stm32f10x_tim.o(.text)
    TIM_ICStructInit                         0x080068fb   Thumb Code    18  stm32f10x_tim.o(.text)
    TIM_BDTRStructInit                       0x0800690d   Thumb Code    40  stm32f10x_tim.o(.text)
    TIM_Cmd                                  0x08006935   Thumb Code    24  stm32f10x_tim.o(.text)
    TIM_CtrlPWMOutputs                       0x0800694d   Thumb Code    30  stm32f10x_tim.o(.text)
    TIM_ITConfig                             0x0800696b   Thumb Code    18  stm32f10x_tim.o(.text)
    TIM_GenerateEvent                        0x0800697d   Thumb Code     4  stm32f10x_tim.o(.text)
    TIM_DMAConfig                            0x08006981   Thumb Code    10  stm32f10x_tim.o(.text)
    TIM_DMACmd                               0x0800698b   Thumb Code    18  stm32f10x_tim.o(.text)
    TIM_InternalClockConfig                  0x0800699d   Thumb Code    12  stm32f10x_tim.o(.text)
    TIM_SelectInputTrigger                   0x080069a9   Thumb Code    18  stm32f10x_tim.o(.text)
    TIM_ITRxExternalClockConfig              0x080069bb   Thumb Code    24  stm32f10x_tim.o(.text)
    TIM_TIxExternalClockConfig               0x080069d3   Thumb Code    62  stm32f10x_tim.o(.text)
    TIM_ETRConfig                            0x08006a11   Thumb Code    28  stm32f10x_tim.o(.text)
    TIM_ETRClockMode1Config                  0x08006a2d   Thumb Code    54  stm32f10x_tim.o(.text)
    TIM_ETRClockMode2Config                  0x08006a63   Thumb Code    32  stm32f10x_tim.o(.text)
    TIM_PrescalerConfig                      0x08006a83   Thumb Code     6  stm32f10x_tim.o(.text)
    TIM_CounterModeConfig                    0x08006a89   Thumb Code    18  stm32f10x_tim.o(.text)
    TIM_EncoderInterfaceConfig               0x08006a9b   Thumb Code    66  stm32f10x_tim.o(.text)
    TIM_ForcedOC1Config                      0x08006add   Thumb Code    18  stm32f10x_tim.o(.text)
    TIM_ForcedOC2Config                      0x08006aef   Thumb Code    26  stm32f10x_tim.o(.text)
    TIM_ForcedOC3Config                      0x08006b09   Thumb Code    18  stm32f10x_tim.o(.text)
    TIM_ForcedOC4Config                      0x08006b1b   Thumb Code    26  stm32f10x_tim.o(.text)
    TIM_ARRPreloadConfig                     0x08006b35   Thumb Code    24  stm32f10x_tim.o(.text)
    TIM_SelectCOM                            0x08006b4d   Thumb Code    24  stm32f10x_tim.o(.text)
    TIM_SelectCCDMA                          0x08006b65   Thumb Code    24  stm32f10x_tim.o(.text)
    TIM_CCPreloadControl                     0x08006b7d   Thumb Code    24  stm32f10x_tim.o(.text)
    TIM_OC1PreloadConfig                     0x08006b95   Thumb Code    18  stm32f10x_tim.o(.text)
    TIM_OC2PreloadConfig                     0x08006ba7   Thumb Code    26  stm32f10x_tim.o(.text)
    TIM_OC3PreloadConfig                     0x08006bc1   Thumb Code    18  stm32f10x_tim.o(.text)
    TIM_OC4PreloadConfig                     0x08006bd3   Thumb Code    26  stm32f10x_tim.o(.text)
    TIM_OC1FastConfig                        0x08006bed   Thumb Code    18  stm32f10x_tim.o(.text)
    TIM_OC2FastConfig                        0x08006bff   Thumb Code    26  stm32f10x_tim.o(.text)
    TIM_OC3FastConfig                        0x08006c19   Thumb Code    18  stm32f10x_tim.o(.text)
    TIM_OC4FastConfig                        0x08006c2b   Thumb Code    26  stm32f10x_tim.o(.text)
    TIM_ClearOC1Ref                          0x08006c45   Thumb Code    18  stm32f10x_tim.o(.text)
    TIM_ClearOC2Ref                          0x08006c57   Thumb Code    24  stm32f10x_tim.o(.text)
    TIM_ClearOC3Ref                          0x08006c6f   Thumb Code    18  stm32f10x_tim.o(.text)
    TIM_ClearOC4Ref                          0x08006c81   Thumb Code    24  stm32f10x_tim.o(.text)
    TIM_OC1PolarityConfig                    0x08006c99   Thumb Code    18  stm32f10x_tim.o(.text)
    TIM_OC1NPolarityConfig                   0x08006cab   Thumb Code    18  stm32f10x_tim.o(.text)
    TIM_OC2PolarityConfig                    0x08006cbd   Thumb Code    26  stm32f10x_tim.o(.text)
    TIM_OC2NPolarityConfig                   0x08006cd7   Thumb Code    26  stm32f10x_tim.o(.text)
    TIM_OC3PolarityConfig                    0x08006cf1   Thumb Code    26  stm32f10x_tim.o(.text)
    TIM_OC3NPolarityConfig                   0x08006d0b   Thumb Code    26  stm32f10x_tim.o(.text)
    TIM_OC4PolarityConfig                    0x08006d25   Thumb Code    26  stm32f10x_tim.o(.text)
    TIM_CCxCmd                               0x08006d3f   Thumb Code    30  stm32f10x_tim.o(.text)
    TIM_CCxNCmd                              0x08006d5d   Thumb Code    30  stm32f10x_tim.o(.text)
    TIM_SelectOCxM                           0x08006d7b   Thumb Code    82  stm32f10x_tim.o(.text)
    TIM_UpdateDisableConfig                  0x08006dcd   Thumb Code    24  stm32f10x_tim.o(.text)
    TIM_UpdateRequestConfig                  0x08006de5   Thumb Code    24  stm32f10x_tim.o(.text)
    TIM_SelectHallSensor                     0x08006dfd   Thumb Code    24  stm32f10x_tim.o(.text)
    TIM_SelectOnePulseMode                   0x08006e15   Thumb Code    18  stm32f10x_tim.o(.text)
    TIM_SelectOutputTrigger                  0x08006e27   Thumb Code    18  stm32f10x_tim.o(.text)
    TIM_SelectSlaveMode                      0x08006e39   Thumb Code    18  stm32f10x_tim.o(.text)
    TIM_SelectMasterSlaveMode                0x08006e4b   Thumb Code    18  stm32f10x_tim.o(.text)
    TIM_SetCounter                           0x08006e5d   Thumb Code     4  stm32f10x_tim.o(.text)
    TIM_SetAutoreload                        0x08006e61   Thumb Code     4  stm32f10x_tim.o(.text)
    TIM_SetCompare1                          0x08006e65   Thumb Code     4  stm32f10x_tim.o(.text)
    TIM_SetCompare2                          0x08006e69   Thumb Code     4  stm32f10x_tim.o(.text)
    TIM_SetCompare3                          0x08006e6d   Thumb Code     4  stm32f10x_tim.o(.text)
    TIM_SetCompare4                          0x08006e71   Thumb Code     6  stm32f10x_tim.o(.text)
    TIM_SetClockDivision                     0x08006e77   Thumb Code    18  stm32f10x_tim.o(.text)
    TIM_GetCapture1                          0x08006e89   Thumb Code     6  stm32f10x_tim.o(.text)
    TIM_GetCapture2                          0x08006e8f   Thumb Code     6  stm32f10x_tim.o(.text)
    TIM_GetCapture3                          0x08006e95   Thumb Code     6  stm32f10x_tim.o(.text)
    TIM_GetCapture4                          0x08006e9b   Thumb Code     8  stm32f10x_tim.o(.text)
    TIM_GetCounter                           0x08006ea3   Thumb Code     6  stm32f10x_tim.o(.text)
    TIM_GetPrescaler                         0x08006ea9   Thumb Code     6  stm32f10x_tim.o(.text)
    TIM_GetFlagStatus                        0x08006eaf   Thumb Code    18  stm32f10x_tim.o(.text)
    TIM_ClearFlag                            0x08006ec1   Thumb Code     6  stm32f10x_tim.o(.text)
    TIM_GetITStatus                          0x08006ec7   Thumb Code    34  stm32f10x_tim.o(.text)
    TIM_ClearITPendingBit                    0x08006ee9   Thumb Code     6  stm32f10x_tim.o(.text)
    malloc                                   0x08006eef   Thumb Code    94  h1_alloc.o(.text)
    __aeabi_memclr4                          0x08006f4d   Thumb Code     0  rt_memclr_w.o(.text)
    __aeabi_memclr8                          0x08006f4d   Thumb Code     0  rt_memclr_w.o(.text)
    __rt_memclr_w                            0x08006f4d   Thumb Code    78  rt_memclr_w.o(.text)
    _memset_w                                0x08006f51   Thumb Code     0  rt_memclr_w.o(.text)
    __use_two_region_memory                  0x08006f9b   Thumb Code     2  heapauxi.o(.text)
    __rt_heap_escrow                         0x08006f9d   Thumb Code     2  heapauxi.o(.text)
    __rt_heap_expand                         0x08006f9f   Thumb Code     2  heapauxi.o(.text)
    __rt_heap_descriptor                     0x08006fa1   Thumb Code     8  rt_heap_descriptor_intlibspace.o(.text)
    __use_no_heap                            0x08006fa9   Thumb Code     2  hguard.o(.text)
    __heap$guard                             0x08006fab   Thumb Code     2  hguard.o(.text)
    _terminate_user_alloc                    0x08006fad   Thumb Code     2  init_alloc.o(.text)
    _init_user_alloc                         0x08006faf   Thumb Code     2  init_alloc.o(.text)
    __Heap_Full                              0x08006fb1   Thumb Code    34  init_alloc.o(.text)
    __Heap_Broken                            0x08006fd3   Thumb Code     6  init_alloc.o(.text)
    _init_alloc                              0x08006fd9   Thumb Code    94  init_alloc.o(.text)
    __Heap_Initialize                        0x08007037   Thumb Code    10  h1_init.o(.text)
    __Heap_DescSize                          0x08007041   Thumb Code     4  h1_init.o(.text)
    free                                     0x08007045   Thumb Code    78  h1_free.o(.text)
    __read_errno                             0x08007093   Thumb Code    10  _rserrno.o(.text)
    __set_errno                              0x0800709d   Thumb Code    12  _rserrno.o(.text)
    __user_libspace                          0x080070a9   Thumb Code     8  libspace.o(.text)
    __user_perproc_libspace                  0x080070a9   Thumb Code     0  libspace.o(.text)
    __user_perthread_libspace                0x080070a9   Thumb Code     0  libspace.o(.text)
    __aeabi_errno_addr                       0x080070b1   Thumb Code     8  rt_errno_addr_intlibspace.o(.text)
    __errno$intlibspace                      0x080070b1   Thumb Code     0  rt_errno_addr_intlibspace.o(.text)
    __rt_errno_addr$intlibspace              0x080070b1   Thumb Code     0  rt_errno_addr_intlibspace.o(.text)
    __Heap_ProvideMemory                     0x080070b9   Thumb Code    52  h1_extend.o(.text)
    __rt_SIGRTMEM                            0x080070ed   Thumb Code    14  defsig_rtmem_outer.o(.text)
    __I$use$semihosting                      0x080070fb   Thumb Code     0  use_no_semi.o(.text)
    __use_no_semihosting_swi                 0x080070fb   Thumb Code     2  use_no_semi.o(.text)
    __semihosting_library_function           0x080070fd   Thumb Code     0  indicate_semi.o(.text)
    __user_setup_stackheap                   0x080070fd   Thumb Code    74  sys_stackheap_outer.o(.text)
    exit                                     0x08007147   Thumb Code    12  exit.o(.text)
    __sig_exit                               0x08007153   Thumb Code    10  defsig_exit.o(.text)
    __rt_SIGRTMEM_inner                      0x0800715d   Thumb Code    22  defsig_rtmem_inner.o(.text)
    _sys_exit                                0x080071ad   Thumb Code     8  sys_exit.o(.text)
    __default_signal_display                 0x080071b9   Thumb Code    50  defsig_general.o(.text)
    _ttywrch                                 0x080071eb   Thumb Code    14  sys_wrch.o(.text)
    __ARM_fpclassify                         0x080071f9   Thumb Code    40  fpclassify.o(i.__ARM_fpclassify)
    __ieee754_rem_pio2                       0x08007221   Thumb Code   832  rred.o(i.__ieee754_rem_pio2)
    __kernel_cos                             0x080075a9   Thumb Code   230  cos_i.o(i.__kernel_cos)
    __kernel_poly                            0x080076a5   Thumb Code   170  poly.o(i.__kernel_poly)
    __kernel_sin                             0x08007751   Thumb Code   224  sin_i.o(i.__kernel_sin)
    __mathlib_dbl_underflow                  0x0800783d   Thumb Code    10  dunder.o(i.__mathlib_dbl_underflow)
    cos                                      0x0800784d   Thumb Code   164  cos.o(i.cos)
    sin                                      0x080078f9   Thumb Code   166  sin.o(i.sin)
    sqrt                                     0x080079a9   Thumb Code    76  sqrt.o(i.sqrt)
    __aeabi_dadd                             0x080079f5   Thumb Code     0  daddsub_clz.o(x$fpl$dadd)
    _dadd                                    0x080079f5   Thumb Code   332  daddsub_clz.o(x$fpl$dadd)
    __fpl_dcheck_NaN1                        0x08007b45   Thumb Code    10  dcheck1.o(x$fpl$dcheck1)
    __fpl_dcmp_Inf                           0x08007b55   Thumb Code    24  dcmpi.o(x$fpl$dcmpinf)
    __aeabi_ddiv                             0x08007b6d   Thumb Code     0  ddiv.o(x$fpl$ddiv)
    _ddiv                                    0x08007b6d   Thumb Code   552  ddiv.o(x$fpl$ddiv)
    __aeabi_d2iz                             0x08007e1d   Thumb Code     0  dfix.o(x$fpl$dfix)
    _dfix                                    0x08007e1d   Thumb Code    94  dfix.o(x$fpl$dfix)
    __aeabi_i2d                              0x08007e7b   Thumb Code     0  dflt_clz.o(x$fpl$dflt)
    _dflt                                    0x08007e7b   Thumb Code    46  dflt_clz.o(x$fpl$dflt)
    __aeabi_ui2d                             0x08007ea9   Thumb Code     0  dflt_clz.o(x$fpl$dfltu)
    _dfltu                                   0x08007ea9   Thumb Code    38  dflt_clz.o(x$fpl$dfltu)
    __aeabi_cdcmple                          0x08007ed1   Thumb Code     0  dleqf.o(x$fpl$dleqf)
    _dcmple                                  0x08007ed1   Thumb Code   120  dleqf.o(x$fpl$dleqf)
    __fpl_dcmple_InfNaN                      0x08007f33   Thumb Code     0  dleqf.o(x$fpl$dleqf)
    __aeabi_dmul                             0x08007f49   Thumb Code     0  dmul.o(x$fpl$dmul)
    _dmul                                    0x08007f49   Thumb Code   332  dmul.o(x$fpl$dmul)
    __fpl_dnaninf                            0x0800809d   Thumb Code   156  dnaninf.o(x$fpl$dnaninf)
    __fpl_dretinf                            0x08008139   Thumb Code    12  dretinf.o(x$fpl$dretinf)
    __aeabi_cdrcmple                         0x08008145   Thumb Code     0  drleqf.o(x$fpl$drleqf)
    _drcmple                                 0x08008145   Thumb Code   108  drleqf.o(x$fpl$drleqf)
    __aeabi_drsub                            0x080081b1   Thumb Code     0  daddsub_clz.o(x$fpl$drsb)
    _drsb                                    0x080081b1   Thumb Code    22  daddsub_clz.o(x$fpl$drsb)
    _dsqrt                                   0x080081c9   Thumb Code   456  dsqrt_noumaal.o(x$fpl$dsqrt)
    __aeabi_dsub                             0x08008395   Thumb Code     0  daddsub_clz.o(x$fpl$dsub)
    _dsub                                    0x08008395   Thumb Code   464  daddsub_clz.o(x$fpl$dsub)
    __fpl_return_NaN                         0x08008569   Thumb Code   100  retnan.o(x$fpl$retnan)
    __ARM_scalbn                             0x080085cd   Thumb Code    92  scalbn.o(x$fpl$scalbn)
    __fpl_cmpreturn                          0x08008629   Thumb Code    48  trapv.o(x$fpl$trapveneer)
    __I$use$fp                               0x08008658   Number         0  usenofp.o(x$fpl$usenofp)
    Region$$Table$$Base                      0x08008778   Number         0  anon$$obj.o(Region$$Table)
    Region$$Table$$Limit                     0x08008798   Number         0  anon$$obj.o(Region$$Table)
    SystemCoreClock                          0x20000000   Data           4  system_stm32f10x.o(.data)
    AHBPrescTable                            0x20000004   Data          16  system_stm32f10x.o(.data)
    RunDir                                   0x20000014   Data           1  drive.o(.data)
    turn_state                               0x20000015   Data           1  drive.o(.data)
    cmd_flag                                 0x20000016   Data           1  drive.o(.data)
    up1                                      0x20000018   Data           4  drive.o(.data)
    read_star                                0x2000001c   Data           1  drive.o(.data)
    num_motor_flag                           0x2000001d   Data           1  drive.o(.data)
    Para_Speed                               0x2000001e   Data           1  drive.o(.data)
    auto_run_stop_stat                       0x2000001f   Data           1  drive.o(.data)
    Comd                                     0x20000022   Data           2  pstwo.o(.data)
    MASK                                     0x20000024   Data          32  pstwo.o(.data)
    psinputstat                              0x20000046   Data           2  pstwo.o(.data)
    Handkey                                  0x20000048   Data           2  pstwo.o(.data)
    USART_RX_STA                             0x2000004a   Data           2  rs485.o(.data)
    RS485_RX_CNT                             0x2000004c   Data           1  rs485.o(.data)
    PS2DELAY                                 0x2000004d   Data           1  timer.o(.data)
    READMAGCDELAY                            0x2000004e   Data           1  timer.o(.data)
    MAGCNOTRESPDELAY                         0x2000004f   Data           1  timer.o(.data)
    MOTORDELAY                               0x20000050   Data           1  timer.o(.data)
    R485End                                  0x20000058   Data           4  system.o(.data)
    gSysData                                 0x20000068   Data           4  system.o(.data)
    gComData                                 0x2000006c   Data           4  system.o(.data)
    gInnerData                               0x20000070   Data           4  system.o(.data)
    gHalData                                 0x20000074   Data           4  system.o(.data)
    gDownData                                0x20000078   Data           4  system.o(.data)
    gUpData                                  0x2000007c   Data           4  system.o(.data)
    magc_piont                               0x20000080   Data           2  magc.o(.data)
    magc_piont_num                           0x20000082   Data           1  magc.o(.data)
    Data                                     0x20000098   Data           9  pstwo.o(.bss)
    USART_RX_BUF                             0x200000a1   Data          64  rs485.o(.bss)
    RS485_RX_BUF                             0x200000e1   Data          64  rs485.o(.bss)
    g_RxUpBuf                                0x20000124   Data         160  system.o(.bss)
    g_RxBufferC                              0x200001c4   Data         110  system.o(.bss)
    g_RxStation                              0x20000232   Data         150  system.o(.bss)
    __libspace_start                         0x20000300   Data          96  libspace.o(.bss)
    __temporary_stack_top$libspace           0x20000360   Data           0  libspace.o(.bss)



==============================================================================

Memory Map of the image

  Image Entry point : 0x08000131

  Load Region LR_IROM1 (Base: 0x08000000, Size: 0x00008830, Max: 0x00080000, ABSOLUTE)

    Execution Region ER_IROM1 (Base: 0x08000000, Size: 0x00008798, Max: 0x00080000, ABSOLUTE)

    Base Addr    Size         Type   Attr      Idx    E Section Name        Object

    0x08000000   0x00000130   Data   RO          473    RESET               startup_stm32f10x_hd.o
    0x08000130   0x00000008   Code   RO          675  * !!!main             c_w.l(__main.o)
    0x08000138   0x00000034   Code   RO         1058    !!!scatter          c_w.l(__scatter.o)
    0x0800016c   0x0000001a   Code   RO         1060    !!handler_copy      c_w.l(__scatter_copy.o)
    0x08000186   0x00000002   PAD
    0x08000188   0x0000001c   Code   RO         1062    !!handler_zi        c_w.l(__scatter_zi.o)
    0x080001a4   0x00000002   Code   RO          966    .ARM.Collect$$libinit$$00000000  c_w.l(libinit.o)
    0x080001a6   0x00000000   Code   RO          783    .ARM.Collect$$libinit$$00000002  c_w.l(libinit2.o)
    0x080001a6   0x00000008   Code   RO          784    .ARM.Collect$$libinit$$00000003  c_w.l(libinit2.o)
    0x080001ae   0x00000000   Code   RO          786    .ARM.Collect$$libinit$$00000008  c_w.l(libinit2.o)
    0x080001ae   0x00000000   Code   RO          788    .ARM.Collect$$libinit$$0000000A  c_w.l(libinit2.o)
    0x080001ae   0x00000000   Code   RO          790    .ARM.Collect$$libinit$$0000000C  c_w.l(libinit2.o)
    0x080001ae   0x00000000   Code   RO          793    .ARM.Collect$$libinit$$0000000F  c_w.l(libinit2.o)
    0x080001ae   0x00000000   Code   RO          795    .ARM.Collect$$libinit$$00000011  c_w.l(libinit2.o)
    0x080001ae   0x00000000   Code   RO          797    .ARM.Collect$$libinit$$00000013  c_w.l(libinit2.o)
    0x080001ae   0x00000000   Code   RO          799    .ARM.Collect$$libinit$$00000015  c_w.l(libinit2.o)
    0x080001ae   0x00000000   Code   RO          801    .ARM.Collect$$libinit$$00000017  c_w.l(libinit2.o)
    0x080001ae   0x00000000   Code   RO          803    .ARM.Collect$$libinit$$00000019  c_w.l(libinit2.o)
    0x080001ae   0x00000000   Code   RO          805    .ARM.Collect$$libinit$$0000001B  c_w.l(libinit2.o)
    0x080001ae   0x00000000   Code   RO          807    .ARM.Collect$$libinit$$0000001D  c_w.l(libinit2.o)
    0x080001ae   0x00000000   Code   RO          809    .ARM.Collect$$libinit$$0000001F  c_w.l(libinit2.o)
    0x080001ae   0x00000000   Code   RO          811    .ARM.Collect$$libinit$$00000021  c_w.l(libinit2.o)
    0x080001ae   0x00000000   Code   RO          813    .ARM.Collect$$libinit$$00000023  c_w.l(libinit2.o)
    0x080001ae   0x00000000   Code   RO          817    .ARM.Collect$$libinit$$0000002A  c_w.l(libinit2.o)
    0x080001ae   0x00000000   Code   RO          819    .ARM.Collect$$libinit$$0000002C  c_w.l(libinit2.o)
    0x080001ae   0x00000000   Code   RO          821    .ARM.Collect$$libinit$$0000002E  c_w.l(libinit2.o)
    0x080001ae   0x00000000   Code   RO          823    .ARM.Collect$$libinit$$00000030  c_w.l(libinit2.o)
    0x080001ae   0x00000002   Code   RO          824    .ARM.Collect$$libinit$$00000031  c_w.l(libinit2.o)
    0x080001b0   0x00000002   Code   RO         1055    .ARM.Collect$$libshutdown$$00000000  c_w.l(libshutdown.o)
    0x080001b2   0x00000000   Code   RO          969    .ARM.Collect$$libshutdown$$00000003  c_w.l(libshutdown2.o)
    0x080001b2   0x00000000   Code   RO          972    .ARM.Collect$$libshutdown$$00000006  c_w.l(libshutdown2.o)
    0x080001b2   0x00000000   Code   RO          975    .ARM.Collect$$libshutdown$$00000009  c_w.l(libshutdown2.o)
    0x080001b2   0x00000000   Code   RO          977    .ARM.Collect$$libshutdown$$0000000B  c_w.l(libshutdown2.o)
    0x080001b2   0x00000000   Code   RO          980    .ARM.Collect$$libshutdown$$0000000E  c_w.l(libshutdown2.o)
    0x080001b2   0x00000002   Code   RO          981    .ARM.Collect$$libshutdown$$0000000F  c_w.l(libshutdown2.o)
    0x080001b4   0x00000000   Code   RO          733    .ARM.Collect$$rtentry$$00000000  c_w.l(rtentry.o)
    0x080001b4   0x00000000   Code   RO          856    .ARM.Collect$$rtentry$$00000002  c_w.l(rtentry2.o)
    0x080001b4   0x00000006   Code   RO          868    .ARM.Collect$$rtentry$$00000004  c_w.l(rtentry4.o)
    0x080001ba   0x00000000   Code   RO          858    .ARM.Collect$$rtentry$$00000009  c_w.l(rtentry2.o)
    0x080001ba   0x00000004   Code   RO          859    .ARM.Collect$$rtentry$$0000000A  c_w.l(rtentry2.o)
    0x080001be   0x00000000   Code   RO          861    .ARM.Collect$$rtentry$$0000000C  c_w.l(rtentry2.o)
    0x080001be   0x00000008   Code   RO          862    .ARM.Collect$$rtentry$$0000000D  c_w.l(rtentry2.o)
    0x080001c6   0x00000002   Code   RO          988    .ARM.Collect$$rtexit$$00000000  c_w.l(rtexit.o)
    0x080001c8   0x00000000   Code   RO         1019    .ARM.Collect$$rtexit$$00000002  c_w.l(rtexit2.o)
    0x080001c8   0x00000004   Code   RO         1020    .ARM.Collect$$rtexit$$00000003  c_w.l(rtexit2.o)
    0x080001cc   0x00000006   Code   RO         1021    .ARM.Collect$$rtexit$$00000004  c_w.l(rtexit2.o)
    0x080001d2   0x00000002   PAD
    0x080001d4   0x00000000   Code   RO          877    .emb_text           c_w.l(maybetermalloc1.o)
    0x080001d4   0x000000d8   Code   RO            1    .text               main.o
    0x080002ac   0x00000184   Code   RO          160    .text               stm32f10x_it.o
    0x08000430   0x000001dc   Code   RO          204    .text               system_stm32f10x.o
    0x0800060c   0x000003dc   Code   RO          222    .text               drive.o
    0x080009e8   0x0000004c   Code   RO          247    .text               led.o
    0x08000a34   0x00000198   Code   RO          295    .text               can.o
    0x08000bcc   0x00000260   Code   RO          311    .text               pstwo.o
    0x08000e2c   0x000001ec   Code   RO          330    .text               rs485.o
    0x08001018   0x00000144   Code   RO          349    .text               timer.o
    0x0800115c   0x000000d0   Code   RO          367    .text               delay.o
    0x0800122c   0x00000688   Code   RO          404    .text               canopen.o
    0x080018b4   0x000031a4   Code   RO          416    .text               system.o
    0x08004a58   0x0000006e   Code   RO          443    .text               magc.o
    0x08004ac6   0x00000002   PAD
    0x08004ac8   0x00000040   Code   RO          474    .text               startup_stm32f10x_hd.o
    0x08004b08   0x000000dc   Code   RO          478    .text               misc.o
    0x08004be4   0x00000358   Code   RO          502    .text               stm32f10x_gpio.o
    0x08004f3c   0x000003a4   Code   RO          514    .text               stm32f10x_rcc.o
    0x080052e0   0x000009ec   Code   RO          528    .text               stm32f10x_can.o
    0x08005ccc   0x00000408   Code   RO          540    .text               stm32f10x_usart.o
    0x080060d4   0x00000e1a   Code   RO          552    .text               stm32f10x_tim.o
    0x08006eee   0x0000005e   Code   RO          568    .text               c_w.l(h1_alloc.o)
    0x08006f4c   0x0000004e   Code   RO          671    .text               c_w.l(rt_memclr_w.o)
    0x08006f9a   0x00000006   Code   RO          673    .text               c_w.l(heapauxi.o)
    0x08006fa0   0x00000008   Code   RO          737    .text               c_w.l(rt_heap_descriptor_intlibspace.o)
    0x08006fa8   0x00000004   Code   RO          739    .text               c_w.l(hguard.o)
    0x08006fac   0x0000008a   Code   RO          741    .text               c_w.l(init_alloc.o)
    0x08007036   0x0000000e   Code   RO          747    .text               c_w.l(h1_init.o)
    0x08007044   0x0000004e   Code   RO          749    .text               c_w.l(h1_free.o)
    0x08007092   0x00000016   Code   RO          765    .text               c_w.l(_rserrno.o)
    0x080070a8   0x00000008   Code   RO          852    .text               c_w.l(libspace.o)
    0x080070b0   0x00000008   Code   RO          873    .text               c_w.l(rt_errno_addr_intlibspace.o)
    0x080070b8   0x00000034   Code   RO          879    .text               c_w.l(h1_extend.o)
    0x080070ec   0x0000000e   Code   RO          899    .text               c_w.l(defsig_rtmem_outer.o)
    0x080070fa   0x00000002   Code   RO          923    .text               c_w.l(use_no_semi.o)
    0x080070fc   0x00000000   Code   RO          925    .text               c_w.l(indicate_semi.o)
    0x080070fc   0x0000004a   Code   RO          926    .text               c_w.l(sys_stackheap_outer.o)
    0x08007146   0x0000000c   Code   RO          947    .text               c_w.l(exit.o)
    0x08007152   0x0000000a   Code   RO          949    .text               c_w.l(defsig_exit.o)
    0x0800715c   0x00000050   Code   RO          955    .text               c_w.l(defsig_rtmem_inner.o)
    0x080071ac   0x0000000c   Code   RO          986    .text               c_w.l(sys_exit.o)
    0x080071b8   0x00000032   Code   RO         1006    .text               c_w.l(defsig_general.o)
    0x080071ea   0x0000000e   Code   RO         1016    .text               c_w.l(sys_wrch.o)
    0x080071f8   0x00000028   Code   RO          914    i.__ARM_fpclassify  m_ws.l(fpclassify.o)
    0x08007220   0x00000388   Code   RO          839    i.__ieee754_rem_pio2  m_ws.l(rred.o)
    0x080075a8   0x000000fc   Code   RO          836    i.__kernel_cos      m_ws.l(cos_i.o)
    0x080076a4   0x000000aa   Code   RO          916    i.__kernel_poly     m_ws.l(poly.o)
    0x0800774e   0x00000002   PAD
    0x08007750   0x000000ec   Code   RO          844    i.__kernel_sin      m_ws.l(sin_i.o)
    0x0800783c   0x00000010   Code   RO          912    i.__mathlib_dbl_underflow  m_ws.l(dunder.o)
    0x0800784c   0x000000ac   Code   RO          708    i.cos               m_ws.l(cos.o)
    0x080078f8   0x000000b0   Code   RO          716    i.sin               m_ws.l(sin.o)
    0x080079a8   0x0000004c   Code   RO          724    i.sqrt              m_ws.l(sqrt.o)
    0x080079f4   0x00000150   Code   RO          677    x$fpl$dadd          fz_ws.l(daddsub_clz.o)
    0x08007b44   0x00000010   Code   RO          908    x$fpl$dcheck1       fz_ws.l(dcheck1.o)
    0x08007b54   0x00000018   Code   RO          825    x$fpl$dcmpinf       fz_ws.l(dcmpi.o)
    0x08007b6c   0x000002b0   Code   RO          684    x$fpl$ddiv          fz_ws.l(ddiv.o)
    0x08007e1c   0x0000005e   Code   RO          687    x$fpl$dfix          fz_ws.l(dfix.o)
    0x08007e7a   0x0000002e   Code   RO          696    x$fpl$dflt          fz_ws.l(dflt_clz.o)
    0x08007ea8   0x00000026   Code   RO          695    x$fpl$dfltu         fz_ws.l(dflt_clz.o)
    0x08007ece   0x00000002   PAD
    0x08007ed0   0x00000078   Code   RO          701    x$fpl$dleqf         fz_ws.l(dleqf.o)
    0x08007f48   0x00000154   Code   RO          703    x$fpl$dmul          fz_ws.l(dmul.o)
    0x0800809c   0x0000009c   Code   RO          827    x$fpl$dnaninf       fz_ws.l(dnaninf.o)
    0x08008138   0x0000000c   Code   RO          829    x$fpl$dretinf       fz_ws.l(dretinf.o)
    0x08008144   0x0000006c   Code   RO          705    x$fpl$drleqf        fz_ws.l(drleqf.o)
    0x080081b0   0x00000016   Code   RO          678    x$fpl$drsb          fz_ws.l(daddsub_clz.o)
    0x080081c6   0x00000002   PAD
    0x080081c8   0x000001cc   Code   RO          831    x$fpl$dsqrt         fz_ws.l(dsqrt_noumaal.o)
    0x08008394   0x000001d4   Code   RO          679    x$fpl$dsub          fz_ws.l(daddsub_clz.o)
    0x08008568   0x00000064   Code   RO          984    x$fpl$retnan        fz_ws.l(retnan.o)
    0x080085cc   0x0000005c   Code   RO          833    x$fpl$scalbn        fz_ws.l(scalbn.o)
    0x08008628   0x00000030   Code   RO         1014    x$fpl$trapveneer    fz_ws.l(trapv.o)
    0x08008658   0x00000000   Code   RO          835    x$fpl$usenofp       fz_ws.l(usenofp.o)
    0x08008658   0x00000030   Data   RO          837    .constdata          m_ws.l(cos_i.o)
    0x08008688   0x000000c8   Data   RO          841    .constdata          m_ws.l(rred.o)
    0x08008750   0x00000028   Data   RO          845    .constdata          m_ws.l(sin_i.o)
    0x08008778   0x00000020   Data   RO         1056    Region$$Table       anon$$obj.o


    Execution Region RW_IRAM1 (Base: 0x20000000, Size: 0x00008760, Max: 0x00010000, ABSOLUTE)

    Base Addr    Size         Type   Attr      Idx    E Section Name        Object

    0x20000000   0x00000014   Data   RW          205    .data               system_stm32f10x.o
    0x20000014   0x0000000d   Data   RW          223    .data               drive.o
    0x20000021   0x00000001   PAD
    0x20000022   0x00000028   Data   RW          313    .data               pstwo.o
    0x2000004a   0x00000003   Data   RW          332    .data               rs485.o
    0x2000004d   0x00000004   Data   RW          350    .data               timer.o
    0x20000051   0x00000001   PAD
    0x20000052   0x00000004   Data   RW          368    .data               delay.o
    0x20000056   0x00000002   PAD
    0x20000058   0x00000028   Data   RW          418    .data               system.o
    0x20000080   0x00000003   Data   RW          444    .data               magc.o
    0x20000083   0x00000014   Data   RW          515    .data               stm32f10x_rcc.o
    0x20000097   0x00000001   PAD
    0x20000098   0x00000009   Zero   RW          312    .bss                pstwo.o
    0x200000a1   0x00000080   Zero   RW          331    .bss                rs485.o
    0x20000121   0x00000003   PAD
    0x20000124   0x000001dc   Zero   RW          417    .bss                system.o
    0x20000300   0x00000060   Zero   RW          853    .bss                c_w.l(libspace.o)
    0x20000360   0x00008000   Zero   RW          472    HEAP                startup_stm32f10x_hd.o
    0x20008360   0x00000400   Zero   RW          471    STACK               startup_stm32f10x_hd.o


==============================================================================

Image component sizes


      Code (inc. data)   RO Data    RW Data    ZI Data      Debug   Object Name

       408          8          0          0          0       2021   can.o
      1672         12          0          0          0       2473   canopen.o
       208         18          0          4          0        915   delay.o
       988         50          0         13          0       1896   drive.o
        76          8          0          0          0        443   led.o
       110          0          0          3          0       1066   magc.o
       216         14          0          0          0     261631   main.o
       220         20          0          0          0       1689   misc.o
       608         58          0         40          9       2535   pstwo.o
       492         34          0          3        128       2168   rs485.o
        64         26        304          0      33792        740   startup_stm32f10x_hd.o
      2540         38          0          0          0       7740   stm32f10x_can.o
       856         40          0          0          0       5537   stm32f10x_gpio.o
       388         10          0          0          0     212677   stm32f10x_it.o
       932         44          0         20          0       8656   stm32f10x_rcc.o
      3610         88          0          0          0      22020   stm32f10x_tim.o
      1032         22          0          0          0       8260   stm32f10x_usart.o
         0          0          0          0          0         32   sys.o
     12708        614          0         40        476      25225   system.o
       476         36          0         20          0       1575   system_stm32f10x.o
       324         12          0          4          0       1507   timer.o

    ----------------------------------------------------------------------
     27930       1152        336        152      34408     570806   Object Totals
         0          0         32          0          0          0   (incl. Generated)
         2          0          0          5          3          0   (incl. Padding)

    ----------------------------------------------------------------------

      Code (inc. data)   RO Data    RW Data    ZI Data      Debug   Library Member Name

         8          0          0          0          0         68   __main.o
        52          8          0          0          0          0   __scatter.o
        26          0          0          0          0          0   __scatter_copy.o
        28          0          0          0          0          0   __scatter_zi.o
        22          0          0          0          0        100   _rserrno.o
        10          0          0          0          0         68   defsig_exit.o
        50          0          0          0          0         88   defsig_general.o
        80         58          0          0          0         76   defsig_rtmem_inner.o
        14          0          0          0          0         80   defsig_rtmem_outer.o
        12          0          0          0          0         72   exit.o
        94          0          0          0          0         80   h1_alloc.o
        52          0          0          0          0         68   h1_extend.o
        78          0          0          0          0         80   h1_free.o
        14          0          0          0          0         84   h1_init.o
         6          0          0          0          0        152   heapauxi.o
         4          0          0          0          0        136   hguard.o
         0          0          0          0          0          0   indicate_semi.o
       138          0          0          0          0        168   init_alloc.o
         2          0          0          0          0          0   libinit.o
        10          0          0          0          0          0   libinit2.o
         2          0          0          0          0          0   libshutdown.o
         2          0          0          0          0          0   libshutdown2.o
         8          4          0          0         96         68   libspace.o
         0          0          0          0          0          0   maybetermalloc1.o
         8          4          0          0          0         68   rt_errno_addr_intlibspace.o
         8          4          0          0          0         68   rt_heap_descriptor_intlibspace.o
        78          0          0          0          0         80   rt_memclr_w.o
         0          0          0          0          0          0   rtentry.o
        12          0          0          0          0          0   rtentry2.o
         6          0          0          0          0          0   rtentry4.o
         2          0          0          0          0          0   rtexit.o
        10          0          0          0          0          0   rtexit2.o
        12          4          0          0          0         68   sys_exit.o
        74          0          0          0          0         80   sys_stackheap_outer.o
        14          0          0          0          0         76   sys_wrch.o
         2          0          0          0          0         68   use_no_semi.o
       826         16          0          0          0        348   daddsub_clz.o
        16          4          0          0          0         68   dcheck1.o
        24          0          0          0          0         68   dcmpi.o
       688        140          0          0          0        208   ddiv.o
        94          4          0          0          0         92   dfix.o
        84          0          0          0          0        136   dflt_clz.o
       120          4          0          0          0         92   dleqf.o
       340         12          0          0          0        104   dmul.o
       156          4          0          0          0         92   dnaninf.o
        12          0          0          0          0         68   dretinf.o
       108          0          0          0          0         80   drleqf.o
       460         56          0          0          0        120   dsqrt_noumaal.o
       100          0          0          0          0         68   retnan.o
        92          0          0          0          0         68   scalbn.o
        48          0          0          0          0         68   trapv.o
         0          0          0          0          0          0   usenofp.o
       172          8          0          0          0        112   cos.o
       252         22         48          0          0        124   cos_i.o
        16          6          0          0          0         68   dunder.o
        40          0          0          0          0         68   fpclassify.o
       170          0          0          0          0         96   poly.o
       904         72        200          0          0        140   rred.o
       176         10          0          0          0        116   sin.o
       236         12         40          0          0        128   sin_i.o
        76          0          0          0          0         84   sqrt.o

    ----------------------------------------------------------------------
      6158        452        288          0         96       4512   Library Totals
        10          0          0          0          0          0   (incl. Padding)

    ----------------------------------------------------------------------

      Code (inc. data)   RO Data    RW Data    ZI Data      Debug   Library Name

       938         82          0          0         96       1896   c_w.l
      3168        240          0          0          0       1680   fz_ws.l
      2042        130        288          0          0        936   m_ws.l

    ----------------------------------------------------------------------
      6158        452        288          0         96       4512   Library Totals

    ----------------------------------------------------------------------

==============================================================================


      Code (inc. data)   RO Data    RW Data    ZI Data      Debug   

     34088       1604        624        152      34504     571158   Grand Totals
     34088       1604        624        152      34504     571158   ELF Image Totals
     34088       1604        624        152          0          0   ROM Totals

==============================================================================

    Total RO  Size (Code + RO Data)                34712 (  33.90kB)
    Total RW  Size (RW Data + ZI Data)             34656 (  33.84kB)
    Total ROM Size (Code + RO Data + RW Data)      34864 (  34.05kB)

==============================================================================

