ARM Linker, 5.03 [Build 76] [MDK-ARM Standard]

==============================================================================

Section Cross References

    startup_stm32f10x_hd.o(RESET) refers to startup_stm32f10x_hd.o(STACK) for __initial_sp
    startup_stm32f10x_hd.o(RESET) refers to startup_stm32f10x_hd.o(.text) for Reset_Handler
    startup_stm32f10x_hd.o(RESET) refers to stm32f10x_it.o(.text) for NMI_Handler
    startup_stm32f10x_hd.o(.text) refers to system_stm32f10x.o(.text) for SystemInit
    startup_stm32f10x_hd.o(.text) refers to entry.o(.ARM.Collect$$$$00000000) for __main
    stm32f10x_it.o(.text) refers to stm32f10x_usart.o(.text) for USART_GetITStatus
    stm32f10x_it.o(.text) refers to memseta.o(.text) for __aeabi_memclr
    stm32f10x_it.o(.text) refers to stm32f10x_gpio.o(.text) for GPIO_ResetBits
    stm32f10x_it.o(.text) refers to stm32f10x_can.o(.text) for CAN_Receive
    stm32f10x_it.o(.text) refers to stm32f10x_it.o(.data) for systick_num
    stm32f10x_it.o(.text) refers to main.o(.data) for g_TimingDelay
    stm32f10x_it.o(.text) refers to system.o(.data) for R485End
    stm32f10x_it.o(.text) refers to system.o(.bss) for g_RxBufferC
    stm32f10x_it.o(.text) refers to stm32f10x_it.o(.bss) for temp_buff
    stm32f10x_it.o(.text) refers to movebase.o(.bss) for buletooth_motor_para
    stm32f10x_it.o(.text) refers to crabdrive.o(.data) for read_star
    stm32f10x_it.o(.text) refers to stm32f10x_tim.o(.text) for TIM_ClearITPendingBit
    main.o(.text) refers to system.o(.text) for Device_Init
    main.o(.text) refers to canopen.o(.text) for CanOpen_Init
    main.o(.text) refers to time.o(.text) for TIMx_PWMx_Init
    main.o(.text) refers to stm32f10x_gpio.o(.text) for GPIO_ResetBits
    main.o(.text) refers to crabdrive.o(.text) for move_process
    main.o(.text) refers to main.o(.data) for g_TimingDelay
    main.o(.text) refers to crabdrive.o(.data) for read_star
    movebase.o(.text) refers to misc.o(.text) for NVIC_PriorityGroupConfig
    movebase.o(.text) refers to stm32f10x_gpio.o(.text) for GPIO_Init
    movebase.o(.text) refers to system_stm32f10x.o(.text) for SystemInit
    movebase.o(.text) refers to stm32f10x_rcc.o(.text) for RCC_APB2PeriphClockCmd
    movebase.o(.text) refers to stm32f10x_can.o(.text) for CAN_DeInit
    movebase.o(.text) refers to stm32f10x_dma.o(.text) for DMA_DeInit
    movebase.o(.text) refers to stm32f10x_adc.o(.text) for ADC_Init
    movebase.o(.text) refers to stm32f10x_usart.o(.text) for USART_Init
    movebase.o(.text) refers to main.o(.data) for ADC_ConvertedValue
    system.o(.text) refers to movebase.o(.text) for RCC_Configuration
    system.o(.text) refers to stm32f10x_gpio.o(.text) for GPIO_SetBits
    system.o(.text) refers to malloc.o(i.malloc) for malloc
    system.o(.text) refers to memseta.o(.text) for __aeabi_memclr4
    system.o(.text) refers to canopen.o(.text) for SendSDO
    system.o(.text) refers to system.o(.data) for gSysData
    system.o(.text) refers to dflti.o(.text) for __aeabi_i2d
    system.o(.text) refers to dmul.o(.text) for __aeabi_dmul
    system.o(.text) refers to ddiv.o(.text) for __aeabi_ddiv
    system.o(.text) refers to dadd.o(.text) for __aeabi_dsub
    system.o(.text) refers to sin.o(i.sin) for sin
    system.o(.text) refers to cos.o(i.cos) for cos
    system.o(.text) refers to system.o(.bss) for firstflag
    system.o(.text) refers to dfixi.o(.text) for __aeabi_d2iz
    system.o(.text) refers to cdrcmple.o(.text) for __aeabi_cdrcmple
    system.o(.text) refers to cdcmple.o(.text) for __aeabi_cdcmple
    system.o(.text) refers to sqrt.o(i.sqrt) for sqrt
    canopen.o(.text) refers to system.o(.data) for gHalData
    canopen.o(.text) refers to stm32f10x_can.o(.text) for CAN_Transmit
    crabdrive.o(.text) refers to system.o(.data) for gHalData
    crabdrive.o(.text) refers to crabdrive.o(.bss) for down1
    crabdrive.o(.text) refers to movebase.o(.bss) for buletooth_motor_para
    crabdrive.o(.text) refers to crabdrive.o(.data) for cmd_flag
    crabdrive.o(.text) refers to dflti.o(.text) for __aeabi_i2d
    crabdrive.o(.text) refers to ddiv.o(.text) for __aeabi_ddiv
    time.o(.text) refers to stm32f10x_rcc.o(.text) for RCC_APB1PeriphClockCmd
    time.o(.text) refers to stm32f10x_tim.o(.text) for TIM_TimeBaseInit
    stm32f10x_gpio.o(.text) refers to stm32f10x_rcc.o(.text) for RCC_APB2PeriphResetCmd
    stm32f10x_rcc.o(.text) refers to stm32f10x_rcc.o(.data) for APBAHBPrescTable
    stm32f10x_usart.o(.text) refers to stm32f10x_rcc.o(.text) for RCC_APB2PeriphResetCmd
    stm32f10x_adc.o(.text) refers to stm32f10x_rcc.o(.text) for RCC_APB2PeriphResetCmd
    stm32f10x_can.o(.text) refers to stm32f10x_rcc.o(.text) for RCC_APB1PeriphResetCmd
    stm32f10x_tim.o(.text) refers to stm32f10x_rcc.o(.text) for RCC_APB2PeriphResetCmd
    system_stm32f10x.o(.text) refers to system_stm32f10x.o(.data) for SystemCoreClock
    cos.o(i.__softfp_cos) refers (Special) to iusefp.o(.text) for __I$use$fp
    cos.o(i.__softfp_cos) refers to cos.o(i.cos) for cos
    cos.o(i.cos) refers (Special) to iusefp.o(.text) for __I$use$fp
    cos.o(i.cos) refers to errno.o(i.__set_errno) for __set_errno
    cos.o(i.cos) refers to ddiv.o(.text) for __aeabi_ddiv
    cos.o(i.cos) refers to dscalb.o(.text) for __ARM_scalbn
    cos.o(i.cos) refers to rred.o(i.__ieee754_rem_pio2) for __ieee754_rem_pio2
    cos.o(i.cos) refers to sin_i.o(i.__kernel_sin) for __kernel_sin
    cos.o(i.cos) refers to cos_i.o(i.__kernel_cos) for __kernel_cos
    cos_x.o(i.____softfp_cos$lsc) refers (Special) to iusefp.o(.text) for __I$use$fp
    cos_x.o(i.____softfp_cos$lsc) refers to cos_x.o(i.__cos$lsc) for __cos$lsc
    cos_x.o(i.__cos$lsc) refers (Special) to iusefp.o(.text) for __I$use$fp
    cos_x.o(i.__cos$lsc) refers to errno.o(i.__set_errno) for __set_errno
    cos_x.o(i.__cos$lsc) refers to dscalb.o(.text) for __ARM_scalbn
    cos_x.o(i.__cos$lsc) refers to rred.o(i.__ieee754_rem_pio2) for __ieee754_rem_pio2
    cos_x.o(i.__cos$lsc) refers to sin_i.o(i.__kernel_sin) for __kernel_sin
    cos_x.o(i.__cos$lsc) refers to cos_i.o(i.__kernel_cos) for __kernel_cos
    sin.o(i.__softfp_sin) refers (Special) to iusefp.o(.text) for __I$use$fp
    sin.o(i.__softfp_sin) refers to sin.o(i.sin) for sin
    sin.o(i.sin) refers (Special) to iusefp.o(.text) for __I$use$fp
    sin.o(i.sin) refers to errno.o(i.__set_errno) for __set_errno
    sin.o(i.sin) refers to ddiv.o(.text) for __aeabi_ddiv
    sin.o(i.sin) refers to dscalb.o(.text) for __ARM_scalbn
    sin.o(i.sin) refers to rred.o(i.__ieee754_rem_pio2) for __ieee754_rem_pio2
    sin.o(i.sin) refers to cos_i.o(i.__kernel_cos) for __kernel_cos
    sin.o(i.sin) refers to sin_i.o(i.__kernel_sin) for __kernel_sin
    sin_x.o(i.____softfp_sin$lsc) refers (Special) to iusefp.o(.text) for __I$use$fp
    sin_x.o(i.____softfp_sin$lsc) refers to sin_x.o(i.__sin$lsc) for __sin$lsc
    sin_x.o(i.__sin$lsc) refers (Special) to iusefp.o(.text) for __I$use$fp
    sin_x.o(i.__sin$lsc) refers to errno.o(i.__set_errno) for __set_errno
    sin_x.o(i.__sin$lsc) refers to dscalb.o(.text) for __ARM_scalbn
    sin_x.o(i.__sin$lsc) refers to rred.o(i.__ieee754_rem_pio2) for __ieee754_rem_pio2
    sin_x.o(i.__sin$lsc) refers to cos_i.o(i.__kernel_cos) for __kernel_cos
    sin_x.o(i.__sin$lsc) refers to sin_i.o(i.__kernel_sin) for __kernel_sin
    sqrt.o(i.__softfp_sqrt) refers (Special) to iusefp.o(.text) for __I$use$fp
    sqrt.o(i.__softfp_sqrt) refers to dsqrt.o(.text) for _dsqrt
    sqrt.o(i.__softfp_sqrt) refers to errno.o(i.__set_errno) for __set_errno
    sqrt.o(i.sqrt) refers (Special) to iusefp.o(.text) for __I$use$fp
    sqrt.o(i.sqrt) refers to dsqrt.o(.text) for _dsqrt
    sqrt.o(i.sqrt) refers to errno.o(i.__set_errno) for __set_errno
    sqrt_x.o(i.____softfp_sqrt$lsc) refers (Special) to iusefp.o(.text) for __I$use$fp
    sqrt_x.o(i.____softfp_sqrt$lsc) refers to cdcmple.o(.text) for __aeabi_cdcmple
    sqrt_x.o(i.____softfp_sqrt$lsc) refers to errno.o(i.__set_errno) for __set_errno
    sqrt_x.o(i.____softfp_sqrt$lsc) refers to dsqrt.o(.text) for _dsqrt
    sqrt_x.o(i.__sqrt$lsc) refers (Special) to iusefp.o(.text) for __I$use$fp
    sqrt_x.o(i.__sqrt$lsc) refers to cdcmple.o(.text) for __aeabi_cdcmple
    sqrt_x.o(i.__sqrt$lsc) refers to errno.o(i.__set_errno) for __set_errno
    sqrt_x.o(i.__sqrt$lsc) refers to dsqrt.o(.text) for _dsqrt
    entry.o(.ARM.Collect$$$$00000000) refers (Special) to entry10a.o(.ARM.Collect$$$$0000000D) for __rt_final_cpp
    entry.o(.ARM.Collect$$$$00000000) refers (Special) to entry11a.o(.ARM.Collect$$$$0000000F) for __rt_final_exit
    entry.o(.ARM.Collect$$$$00000000) refers (Special) to entry7b.o(.ARM.Collect$$$$00000008) for _main_clock
    entry.o(.ARM.Collect$$$$00000000) refers (Special) to entry8b.o(.ARM.Collect$$$$0000000A) for _main_cpp_init
    entry.o(.ARM.Collect$$$$00000000) refers (Special) to entry9a.o(.ARM.Collect$$$$0000000B) for _main_init
    entry.o(.ARM.Collect$$$$00000000) refers (Special) to entry5.o(.ARM.Collect$$$$00000004) for _main_scatterload
    entry.o(.ARM.Collect$$$$00000000) refers (Special) to entry2.o(.ARM.Collect$$$$00000001) for _main_stk
    malloc.o(i.free) refers to mvars.o(.data) for __microlib_freelist
    malloc.o(i.malloc) refers to mvars.o(.data) for __microlib_freelist_initialised
    malloc.o(i.malloc) refers to mvars.o(.data) for __microlib_freelist
    malloc.o(i.malloc) refers to startup_stm32f10x_hd.o(HEAP) for __heap_base
    mallocr.o(i.__free$realloc) refers to mvars.o(.data) for __microlib_freelist
    mallocr.o(i.__malloc$realloc) refers to mallocr.o(i.internal_alloc) for internal_alloc
    mallocr.o(i.__malloc$realloc) refers to mvars.o(.data) for __microlib_freelist_initialised
    mallocr.o(i.__malloc$realloc) refers to startup_stm32f10x_hd.o(HEAP) for __heap_base
    mallocr.o(i.__malloc$realloc) refers to mvars.o(.data) for __microlib_freelist
    mallocr.o(i.internal_alloc) refers to memcpya.o(.text) for __aeabi_memcpy
    mallocr.o(i.internal_alloc) refers to mvars.o(.data) for __microlib_freelist
    mallocr.o(i.realloc) refers to mallocr.o(i.__free$realloc) for __free$realloc
    mallocr.o(i.realloc) refers to mallocr.o(i.internal_alloc) for internal_alloc
    mallocr.o(i.realloc) refers to mallocr.o(i.__malloc$realloc) for __malloc$realloc
    mallocr.o(i.realloc) refers to mvars.o(.data) for __microlib_freelist
    malloca.o(i.__aligned_malloc) refers to mvars.o(.data) for __microlib_freelist_initialised
    malloca.o(i.__aligned_malloc) refers to mvars.o(.data) for __microlib_freelist
    malloca.o(i.__aligned_malloc) refers to startup_stm32f10x_hd.o(HEAP) for __heap_base
    malloca.o(i.__free$memalign) refers to mvars.o(.data) for __microlib_freelist
    malloca.o(i.__malloc$memalign) refers to malloca.o(i.__aligned_malloc) for __aligned_malloc
    mallocra.o(i.__aligned_malloc$realloc) refers to mallocra.o(i.internal_alloc) for internal_alloc
    mallocra.o(i.__aligned_malloc$realloc) refers to mvars.o(.data) for __microlib_freelist_initialised
    mallocra.o(i.__aligned_malloc$realloc) refers to startup_stm32f10x_hd.o(HEAP) for __heap_base
    mallocra.o(i.__aligned_malloc$realloc) refers to mvars.o(.data) for __microlib_freelist
    mallocra.o(i.__free$realloc$memalign) refers to mvars.o(.data) for __microlib_freelist
    mallocra.o(i.__malloc$realloc$memalign) refers to mallocra.o(i.__aligned_malloc$realloc) for __aligned_malloc$realloc
    mallocra.o(i.__realloc$memalign) refers to mallocra.o(i.__free$realloc$memalign) for __free$realloc$memalign
    mallocra.o(i.__realloc$memalign) refers to mallocra.o(i.internal_alloc) for internal_alloc
    mallocra.o(i.__realloc$memalign) refers to mallocra.o(i.__malloc$realloc$memalign) for __malloc$realloc$memalign
    mallocra.o(i.__realloc$memalign) refers to mvars.o(.data) for __microlib_freelist
    mallocra.o(i.internal_alloc) refers to memcpya.o(.text) for __aeabi_memcpy
    mallocra.o(i.internal_alloc) refers to mvars.o(.data) for __microlib_freelist
    dadd.o(.text) refers (Special) to iusefp.o(.text) for __I$use$fp
    dadd.o(.text) refers to llshl.o(.text) for __aeabi_llsl
    dadd.o(.text) refers to llsshr.o(.text) for __aeabi_lasr
    dadd.o(.text) refers to depilogue.o(.text) for _double_epilogue
    dmul.o(.text) refers (Special) to iusefp.o(.text) for __I$use$fp
    dmul.o(.text) refers to depilogue.o(.text) for _double_epilogue
    ddiv.o(.text) refers (Special) to iusefp.o(.text) for __I$use$fp
    ddiv.o(.text) refers to depilogue.o(.text) for _double_round
    dflti.o(.text) refers (Special) to iusefp.o(.text) for __I$use$fp
    dflti.o(.text) refers to depilogue.o(.text) for _double_epilogue
    dfixi.o(.text) refers (Special) to iusefp.o(.text) for __I$use$fp
    dfixi.o(.text) refers to llushr.o(.text) for __aeabi_llsr
    cdcmple.o(.text) refers (Special) to iusefp.o(.text) for __I$use$fp
    cdrcmple.o(.text) refers (Special) to iusefp.o(.text) for __I$use$fp
    cos_i.o(i.__kernel_cos) refers (Special) to iusefp.o(.text) for __I$use$fp
    cos_i.o(i.__kernel_cos) refers to dfixi.o(.text) for __aeabi_d2iz
    cos_i.o(i.__kernel_cos) refers to dmul.o(.text) for __aeabi_dmul
    cos_i.o(i.__kernel_cos) refers to poly.o(i.__kernel_poly) for __kernel_poly
    cos_i.o(i.__kernel_cos) refers to dadd.o(.text) for __aeabi_dsub
    cos_i.o(i.__kernel_cos) refers to dscalb.o(.text) for __ARM_scalbn
    cos_i.o(i.__kernel_cos) refers to cos_i.o(.constdata) for .constdata
    cos_i.o(.constdata) refers (Special) to iusefp.o(.text) for __I$use$fp
    rred.o(i.__ieee754_rem_pio2) refers (Special) to iusefp.o(.text) for __I$use$fp
    rred.o(i.__ieee754_rem_pio2) refers to dadd.o(.text) for __aeabi_dsub
    rred.o(i.__ieee754_rem_pio2) refers to dmul.o(.text) for __aeabi_dmul
    rred.o(i.__ieee754_rem_pio2) refers to dfixi.o(.text) for __aeabi_d2iz
    rred.o(i.__ieee754_rem_pio2) refers to dflti.o(.text) for __aeabi_i2d
    rred.o(i.__ieee754_rem_pio2) refers to dfltui.o(.text) for __aeabi_ui2d
    rred.o(i.__ieee754_rem_pio2) refers to dscalb.o(.text) for __ARM_scalbn
    rred.o(i.__ieee754_rem_pio2) refers to rred.o(.constdata) for .constdata
    rred.o(i.__use_accurate_range_reduction) refers (Special) to iusefp.o(.text) for __I$use$fp
    rred.o(.constdata) refers (Special) to iusefp.o(.text) for __I$use$fp
    sin_i.o(i.__kernel_sin) refers (Special) to iusefp.o(.text) for __I$use$fp
    sin_i.o(i.__kernel_sin) refers to fpclassify.o(i.__ARM_fpclassify) for __ARM_fpclassify
    sin_i.o(i.__kernel_sin) refers to dunder.o(i.__mathlib_dbl_underflow) for __mathlib_dbl_underflow
    sin_i.o(i.__kernel_sin) refers to dmul.o(.text) for __aeabi_dmul
    sin_i.o(i.__kernel_sin) refers to poly.o(i.__kernel_poly) for __kernel_poly
    sin_i.o(i.__kernel_sin) refers to dscalb.o(.text) for __ARM_scalbn
    sin_i.o(i.__kernel_sin) refers to dadd.o(.text) for __aeabi_dsub
    sin_i.o(i.__kernel_sin) refers to sin_i.o(.constdata) for .constdata
    sin_i.o(.constdata) refers (Special) to iusefp.o(.text) for __I$use$fp
    sin_i_x.o(i.____kernel_sin$lsc) refers (Special) to iusefp.o(.text) for __I$use$fp
    sin_i_x.o(i.____kernel_sin$lsc) refers to dmul.o(.text) for __aeabi_dmul
    sin_i_x.o(i.____kernel_sin$lsc) refers to poly.o(i.__kernel_poly) for __kernel_poly
    sin_i_x.o(i.____kernel_sin$lsc) refers to dscalb.o(.text) for __ARM_scalbn
    sin_i_x.o(i.____kernel_sin$lsc) refers to dadd.o(.text) for __aeabi_dsub
    sin_i_x.o(i.____kernel_sin$lsc) refers to sin_i_x.o(.constdata) for .constdata
    sin_i_x.o(.constdata) refers (Special) to iusefp.o(.text) for __I$use$fp
    entry2.o(.ARM.Collect$$$$00000001) refers to entry2.o(.ARM.Collect$$$$00002712) for __lit__00000000
    entry2.o(.ARM.Collect$$$$00002712) refers to startup_stm32f10x_hd.o(STACK) for __initial_sp
    entry2.o(__vectab_stack_and_reset_area) refers to startup_stm32f10x_hd.o(STACK) for __initial_sp
    entry2.o(__vectab_stack_and_reset_area) refers to entry.o(.ARM.Collect$$$$00000000) for __main
    entry5.o(.ARM.Collect$$$$00000004) refers to init.o(.text) for __scatterload
    entry9a.o(.ARM.Collect$$$$0000000B) refers to main.o(.text) for main
    entry9b.o(.ARM.Collect$$$$0000000C) refers to main.o(.text) for main
    errno.o(i.__aeabi_errno_addr) refers to errno.o(.data) for .data
    errno.o(i.__read_errno) refers to errno.o(.data) for .data
    errno.o(i.__set_errno) refers to errno.o(.data) for .data
    depilogue.o(.text) refers to llshl.o(.text) for __aeabi_llsl
    depilogue.o(.text) refers to llushr.o(.text) for __aeabi_llsr
    dsqrt.o(.text) refers to llushr.o(.text) for __aeabi_llsr
    dsqrt.o(.text) refers to depilogue.o(.text) for _double_round
    dunder.o(i.__mathlib_dbl_underflow) refers to dscalb.o(.text) for __ARM_scalbn
    fpclassify.o(i.__ARM_fpclassify) refers (Special) to iusefp.o(.text) for __I$use$fp
    poly.o(i.__kernel_poly) refers (Special) to iusefp.o(.text) for __I$use$fp
    poly.o(i.__kernel_poly) refers to dmul.o(.text) for __aeabi_dmul
    poly.o(i.__kernel_poly) refers to dadd.o(.text) for __aeabi_dadd
    init.o(.text) refers to entry5.o(.ARM.Collect$$$$00000004) for __main_after_scatterload
    dfltui.o(.text) refers to depilogue.o(.text) for _double_epilogue


==============================================================================

Removing Unused input sections from the image.

    Removing stm32f10x_fsmc.o(.text), (1560 bytes).
    Removing core_cm3.o(.emb_text), (32 bytes).

2 unused section(s) (total 1592 bytes) removed from the image.

==============================================================================

Image Symbol Table

    Local Symbols

    Symbol Name                              Value     Ov Type        Size  Object(Section)

    ../clib/microlib/errno.c                 0x00000000   Number         0  errno.o ABSOLUTE
    ../clib/microlib/init/entry.s            0x00000000   Number         0  entry11b.o ABSOLUTE
    ../clib/microlib/init/entry.s            0x00000000   Number         0  entry7b.o ABSOLUTE
    ../clib/microlib/init/entry.s            0x00000000   Number         0  entry8a.o ABSOLUTE
    ../clib/microlib/init/entry.s            0x00000000   Number         0  entry8b.o ABSOLUTE
    ../clib/microlib/init/entry.s            0x00000000   Number         0  entry2.o ABSOLUTE
    ../clib/microlib/init/entry.s            0x00000000   Number         0  entry9a.o ABSOLUTE
    ../clib/microlib/init/entry.s            0x00000000   Number         0  entry9b.o ABSOLUTE
    ../clib/microlib/init/entry.s            0x00000000   Number         0  entry10a.o ABSOLUTE
    ../clib/microlib/init/entry.s            0x00000000   Number         0  entry.o ABSOLUTE
    ../clib/microlib/init/entry.s            0x00000000   Number         0  entry10b.o ABSOLUTE
    ../clib/microlib/init/entry.s            0x00000000   Number         0  entry11a.o ABSOLUTE
    ../clib/microlib/init/entry.s            0x00000000   Number         0  entry7a.o ABSOLUTE
    ../clib/microlib/init/entry.s            0x00000000   Number         0  entry5.o ABSOLUTE
    ../clib/microlib/longlong.c              0x00000000   Number         0  llsshr.o ABSOLUTE
    ../clib/microlib/longlong.c              0x00000000   Number         0  llushr.o ABSOLUTE
    ../clib/microlib/longlong.c              0x00000000   Number         0  llshl.o ABSOLUTE
    ../clib/microlib/malloc/malloc.c         0x00000000   Number         0  malloca.o ABSOLUTE
    ../clib/microlib/malloc/malloc.c         0x00000000   Number         0  malloc.o ABSOLUTE
    ../clib/microlib/malloc/malloc.c         0x00000000   Number         0  mallocra.o ABSOLUTE
    ../clib/microlib/malloc/malloc.c         0x00000000   Number         0  mallocr.o ABSOLUTE
    ../clib/microlib/malloc/mvars.c          0x00000000   Number         0  mvars.o ABSOLUTE
    ../clib/microlib/string/memcpy.c         0x00000000   Number         0  memcpya.o ABSOLUTE
    ../clib/microlib/string/memcpy.c         0x00000000   Number         0  memcpyb.o ABSOLUTE
    ../clib/microlib/string/memset.c         0x00000000   Number         0  memseta.o ABSOLUTE
    ../clib/microlib/stubs.s                 0x00000000   Number         0  iusefp.o ABSOLUTE
    ../fplib/microlib/fpadd.c                0x00000000   Number         0  dadd.o ABSOLUTE
    ../fplib/microlib/fpdiv.c                0x00000000   Number         0  ddiv.o ABSOLUTE
    ../fplib/microlib/fpepilogue.c           0x00000000   Number         0  depilogue.o ABSOLUTE
    ../fplib/microlib/fpfix.c                0x00000000   Number         0  dfixi.o ABSOLUTE
    ../fplib/microlib/fpflt.c                0x00000000   Number         0  dflti.o ABSOLUTE
    ../fplib/microlib/fpflt.c                0x00000000   Number         0  dfltui.o ABSOLUTE
    ../fplib/microlib/fpmul.c                0x00000000   Number         0  dmul.o ABSOLUTE
    ../fplib/microlib/fpscalb.c              0x00000000   Number         0  dscalb.o ABSOLUTE
    ../fplib/microlib/fpsqrt.c               0x00000000   Number         0  dsqrt.o ABSOLUTE
    ../mathlib/cos.c                         0x00000000   Number         0  cos.o ABSOLUTE
    ../mathlib/cos.c                         0x00000000   Number         0  cos_x.o ABSOLUTE
    ../mathlib/cos_i.c                       0x00000000   Number         0  cos_i.o ABSOLUTE
    ../mathlib/dunder.c                      0x00000000   Number         0  dunder.o ABSOLUTE
    ../mathlib/fpclassify.c                  0x00000000   Number         0  fpclassify.o ABSOLUTE
    ../mathlib/poly.c                        0x00000000   Number         0  poly.o ABSOLUTE
    ../mathlib/rred.c                        0x00000000   Number         0  rred.o ABSOLUTE
    ../mathlib/sin.c                         0x00000000   Number         0  sin_x.o ABSOLUTE
    ../mathlib/sin.c                         0x00000000   Number         0  sin.o ABSOLUTE
    ../mathlib/sin_i.c                       0x00000000   Number         0  sin_i_x.o ABSOLUTE
    ../mathlib/sin_i.c                       0x00000000   Number         0  sin_i.o ABSOLUTE
    ../mathlib/sqrt.c                        0x00000000   Number         0  sqrt_x.o ABSOLUTE
    ../mathlib/sqrt.c                        0x00000000   Number         0  sqrt.o ABSOLUTE
    CM3\\core_cm3.c                          0x00000000   Number         0  core_cm3.o ABSOLUTE
    CM3\core_cm3.c                           0x00000000   Number         0  core_cm3.o ABSOLUTE
    CM3\system_stm32f10x.c                   0x00000000   Number         0  system_stm32f10x.o ABSOLUTE
    FWlib\SRC\misc.c                         0x00000000   Number         0  misc.o ABSOLUTE
    FWlib\SRC\stm32f10x_adc.c                0x00000000   Number         0  stm32f10x_adc.o ABSOLUTE
    FWlib\SRC\stm32f10x_can.c                0x00000000   Number         0  stm32f10x_can.o ABSOLUTE
    FWlib\SRC\stm32f10x_dma.c                0x00000000   Number         0  stm32f10x_dma.o ABSOLUTE
    FWlib\SRC\stm32f10x_fsmc.c               0x00000000   Number         0  stm32f10x_fsmc.o ABSOLUTE
    FWlib\SRC\stm32f10x_gpio.c               0x00000000   Number         0  stm32f10x_gpio.o ABSOLUTE
    FWlib\SRC\stm32f10x_rcc.c                0x00000000   Number         0  stm32f10x_rcc.o ABSOLUTE
    FWlib\SRC\stm32f10x_tim.c                0x00000000   Number         0  stm32f10x_tim.o ABSOLUTE
    FWlib\SRC\stm32f10x_usart.c              0x00000000   Number         0  stm32f10x_usart.o ABSOLUTE
    cdcmple.s                                0x00000000   Number         0  cdcmple.o ABSOLUTE
    cdrcmple.s                               0x00000000   Number         0  cdrcmple.o ABSOLUTE
    dc.s                                     0x00000000   Number         0  dc.o ABSOLUTE
    handlers.s                               0x00000000   Number         0  handlers.o ABSOLUTE
    init.s                                   0x00000000   Number         0  init.o ABSOLUTE
    startup\startup_stm32f10x_hd.s           0x00000000   Number         0  startup_stm32f10x_hd.o ABSOLUTE
    user\canopen.c                           0x00000000   Number         0  canopen.o ABSOLUTE
    user\crabdrive.c                         0x00000000   Number         0  crabdrive.o ABSOLUTE
    user\main.c                              0x00000000   Number         0  main.o ABSOLUTE
    user\movebase.c                          0x00000000   Number         0  movebase.o ABSOLUTE
    user\stm32f10x_it.c                      0x00000000   Number         0  stm32f10x_it.o ABSOLUTE
    user\system.c                            0x00000000   Number         0  system.o ABSOLUTE
    user\time.c                              0x00000000   Number         0  time.o ABSOLUTE
    RESET                                    0x08000000   Section      304  startup_stm32f10x_hd.o(RESET)
    .ARM.Collect$$$$00000000                 0x08000130   Section        0  entry.o(.ARM.Collect$$$$00000000)
    .ARM.Collect$$$$00000001                 0x08000130   Section        4  entry2.o(.ARM.Collect$$$$00000001)
    .ARM.Collect$$$$00000004                 0x08000134   Section        4  entry5.o(.ARM.Collect$$$$00000004)
    .ARM.Collect$$$$00000008                 0x08000138   Section        0  entry7b.o(.ARM.Collect$$$$00000008)
    .ARM.Collect$$$$0000000A                 0x08000138   Section        0  entry8b.o(.ARM.Collect$$$$0000000A)
    .ARM.Collect$$$$0000000B                 0x08000138   Section        8  entry9a.o(.ARM.Collect$$$$0000000B)
    .ARM.Collect$$$$0000000D                 0x08000140   Section        0  entry10a.o(.ARM.Collect$$$$0000000D)
    .ARM.Collect$$$$0000000F                 0x08000140   Section        0  entry11a.o(.ARM.Collect$$$$0000000F)
    .ARM.Collect$$$$00002712                 0x08000140   Section        4  entry2.o(.ARM.Collect$$$$00002712)
    __lit__00000000                          0x08000140   Data           4  entry2.o(.ARM.Collect$$$$00002712)
    .text                                    0x08000144   Section       36  startup_stm32f10x_hd.o(.text)
    .text                                    0x08000168   Section        0  stm32f10x_it.o(.text)
    .text                                    0x080005d0   Section        0  main.o(.text)
    .text                                    0x08000658   Section        0  movebase.o(.text)
    .text                                    0x08000c84   Section        0  system.o(.text)
    .text                                    0x080039c0   Section        0  canopen.o(.text)
    .text                                    0x08004048   Section        0  crabdrive.o(.text)
    .text                                    0x080046f0   Section        0  time.o(.text)
    .text                                    0x08004744   Section        0  misc.o(.text)
    .text                                    0x08004820   Section        0  stm32f10x_gpio.o(.text)
    .text                                    0x08004b78   Section        0  stm32f10x_rcc.o(.text)
    .text                                    0x08004f1c   Section        0  stm32f10x_usart.o(.text)
    .text                                    0x08005324   Section        0  stm32f10x_dma.o(.text)
    .text                                    0x08005574   Section        0  stm32f10x_adc.o(.text)
    .text                                    0x080059c4   Section        0  stm32f10x_can.o(.text)
    CheckITStatus                            0x080061c7   Thumb Code    16  stm32f10x_can.o(.text)
    .text                                    0x080063b0   Section        0  stm32f10x_tim.o(.text)
    TI4_Config                               0x08006857   Thumb Code   130  stm32f10x_tim.o(.text)
    TI3_Config                               0x080068eb   Thumb Code   122  stm32f10x_tim.o(.text)
    TI2_Config                               0x0800697f   Thumb Code   130  stm32f10x_tim.o(.text)
    TI1_Config                               0x08006a13   Thumb Code   108  stm32f10x_tim.o(.text)
    .text                                    0x080071cc   Section        0  system_stm32f10x.o(.text)
    SetSysClockTo72                          0x080071cd   Thumb Code   212  system_stm32f10x.o(.text)
    SetSysClock                              0x080072a1   Thumb Code     8  system_stm32f10x.o(.text)
    .text                                    0x080073a8   Section        0  memseta.o(.text)
    .text                                    0x080073cc   Section        0  dadd.o(.text)
    .text                                    0x0800751a   Section        0  dmul.o(.text)
    .text                                    0x080075fe   Section        0  ddiv.o(.text)
    .text                                    0x080076dc   Section        0  dflti.o(.text)
    .text                                    0x080076fe   Section        0  dfixi.o(.text)
    .text                                    0x0800773c   Section       40  cdcmple.o(.text)
    .text                                    0x08007764   Section       40  cdrcmple.o(.text)
    .text                                    0x0800778c   Section        0  llshl.o(.text)
    .text                                    0x080077aa   Section        0  llushr.o(.text)
    .text                                    0x080077ca   Section        0  llsshr.o(.text)
    .text                                    0x080077ee   Section        0  iusefp.o(.text)
    .text                                    0x080077ee   Section        0  depilogue.o(.text)
    .text                                    0x080078ac   Section        0  dscalb.o(.text)
    .text                                    0x080078da   Section        0  dsqrt.o(.text)
    .text                                    0x0800797c   Section       36  init.o(.text)
    .text                                    0x080079a0   Section        0  dfltui.o(.text)
    i.__ARM_fpclassify                       0x080079ba   Section        0  fpclassify.o(i.__ARM_fpclassify)
    i.__ieee754_rem_pio2                     0x080079e4   Section        0  rred.o(i.__ieee754_rem_pio2)
    i.__kernel_cos                           0x08007d6c   Section        0  cos_i.o(i.__kernel_cos)
    i.__kernel_poly                          0x08007e68   Section        0  poly.o(i.__kernel_poly)
    i.__kernel_sin                           0x08007f14   Section        0  sin_i.o(i.__kernel_sin)
    i.__mathlib_dbl_underflow                0x08008000   Section        0  dunder.o(i.__mathlib_dbl_underflow)
    i.__scatterload_copy                     0x08008010   Section       14  handlers.o(i.__scatterload_copy)
    i.__scatterload_null                     0x0800801e   Section        2  handlers.o(i.__scatterload_null)
    i.__scatterload_zeroinit                 0x08008020   Section       14  handlers.o(i.__scatterload_zeroinit)
    i.__set_errno                            0x08008030   Section        0  errno.o(i.__set_errno)
    i.cos                                    0x0800803c   Section        0  cos.o(i.cos)
    i.malloc                                 0x080080e8   Section        0  malloc.o(i.malloc)
    i.sin                                    0x08008154   Section        0  sin.o(i.sin)
    i.sqrt                                   0x08008204   Section        0  sqrt.o(i.sqrt)
    .constdata                               0x08008250   Section       48  cos_i.o(.constdata)
    C                                        0x08008250   Data          48  cos_i.o(.constdata)
    .constdata                               0x08008280   Section      200  rred.o(.constdata)
    pio2s                                    0x08008280   Data          48  rred.o(.constdata)
    twooverpi                                0x080082b0   Data         152  rred.o(.constdata)
    .constdata                               0x08008348   Section       40  sin_i.o(.constdata)
    S                                        0x08008348   Data          40  sin_i.o(.constdata)
    .data                                    0x20000000   Section       13  stm32f10x_it.o(.data)
    systick_num                              0x20000000   Data           4  stm32f10x_it.o(.data)
    count                                    0x20000004   Data           1  stm32f10x_it.o(.data)
    beat                                     0x20000005   Data           1  stm32f10x_it.o(.data)
    start                                    0x20000006   Data           1  stm32f10x_it.o(.data)
    num                                      0x20000008   Data           4  stm32f10x_it.o(.data)
    flag                                     0x2000000c   Data           1  stm32f10x_it.o(.data)
    .data                                    0x20000010   Section       10  main.o(.data)
    .data                                    0x2000001c   Section       40  system.o(.data)
    segstate                                 0x20000020   Data           4  system.o(.data)
    finishnum                                0x20000024   Data           4  system.o(.data)
    flagssss                                 0x20000028   Data           1  system.o(.data)
    num                                      0x20000029   Data           1  system.o(.data)
    .data                                    0x20000044   Section       12  crabdrive.o(.data)
    .data                                    0x20000050   Section       20  stm32f10x_rcc.o(.data)
    APBAHBPrescTable                         0x20000050   Data          16  stm32f10x_rcc.o(.data)
    ADCPrescTable                            0x20000060   Data           4  stm32f10x_rcc.o(.data)
    .data                                    0x20000064   Section       20  system_stm32f10x.o(.data)
    .data                                    0x20000078   Section        4  mvars.o(.data)
    .data                                    0x2000007c   Section        4  mvars.o(.data)
    .data                                    0x20000080   Section        4  errno.o(.data)
    _errno                                   0x20000080   Data           4  errno.o(.data)
    .bss                                     0x20000084   Section      100  stm32f10x_it.o(.bss)
    temp_buff                                0x20000084   Data         100  stm32f10x_it.o(.bss)
    .bss                                     0x200000e8   Section       32  movebase.o(.bss)
    .bss                                     0x20000108   Section      476  system.o(.bss)
    firstflag                                0x200002ac   Data          16  system.o(.bss)
    finish                                   0x200002bc   Data          40  system.o(.bss)
    .bss                                     0x200002e4   Section       16  crabdrive.o(.bss)
    down1                                    0x200002e4   Data          16  crabdrive.o(.bss)
    HEAP                                     0x200002f8   Section     2048  startup_stm32f10x_hd.o(HEAP)
    STACK                                    0x20000af8   Section     2048  startup_stm32f10x_hd.o(STACK)

    Global Symbols

    Symbol Name                              Value     Ov Type        Size  Object(Section)

    BuildAttributes$$THM_ISAv4$P$D$K$B$S$PE$A:L22UL41UL21$X:L11$S22US41US21$IEEE1$IW$USESV6$~STKCKD$USESV7$~SHL$OTIME$ROPI$IEEEX$EBA8$MICROLIB$REQ8$PRES8$EABIv2 0x00000000   Number         0  anon$$obj.o ABSOLUTE
    __ARM_use_no_argv                        0x00000000   Number         0  main.o ABSOLUTE
    __cpp_initialize__aeabi_                  - Undefined Weak Reference
    __cxa_finalize                            - Undefined Weak Reference
    __decompress                              - Undefined Weak Reference
    _clock_init                               - Undefined Weak Reference
    _microlib_exit                            - Undefined Weak Reference
    __Vectors_Size                           0x00000130   Number         0  startup_stm32f10x_hd.o ABSOLUTE
    __Vectors                                0x08000000   Data           4  startup_stm32f10x_hd.o(RESET)
    __Vectors_End                            0x08000130   Data           0  startup_stm32f10x_hd.o(RESET)
    __main                                   0x08000131   Thumb Code     0  entry.o(.ARM.Collect$$$$00000000)
    _main_stk                                0x08000131   Thumb Code     0  entry2.o(.ARM.Collect$$$$00000001)
    _main_scatterload                        0x08000135   Thumb Code     0  entry5.o(.ARM.Collect$$$$00000004)
    __main_after_scatterload                 0x08000139   Thumb Code     0  entry5.o(.ARM.Collect$$$$00000004)
    _main_clock                              0x08000139   Thumb Code     0  entry7b.o(.ARM.Collect$$$$00000008)
    _main_cpp_init                           0x08000139   Thumb Code     0  entry8b.o(.ARM.Collect$$$$0000000A)
    _main_init                               0x08000139   Thumb Code     0  entry9a.o(.ARM.Collect$$$$0000000B)
    __rt_final_cpp                           0x08000141   Thumb Code     0  entry10a.o(.ARM.Collect$$$$0000000D)
    __rt_final_exit                          0x08000141   Thumb Code     0  entry11a.o(.ARM.Collect$$$$0000000F)
    Reset_Handler                            0x08000145   Thumb Code     8  startup_stm32f10x_hd.o(.text)
    ADC1_2_IRQHandler                        0x0800015f   Thumb Code     0  startup_stm32f10x_hd.o(.text)
    ADC3_IRQHandler                          0x0800015f   Thumb Code     0  startup_stm32f10x_hd.o(.text)
    CAN1_RX1_IRQHandler                      0x0800015f   Thumb Code     0  startup_stm32f10x_hd.o(.text)
    CAN1_SCE_IRQHandler                      0x0800015f   Thumb Code     0  startup_stm32f10x_hd.o(.text)
    DMA1_Channel1_IRQHandler                 0x0800015f   Thumb Code     0  startup_stm32f10x_hd.o(.text)
    DMA1_Channel2_IRQHandler                 0x0800015f   Thumb Code     0  startup_stm32f10x_hd.o(.text)
    DMA1_Channel3_IRQHandler                 0x0800015f   Thumb Code     0  startup_stm32f10x_hd.o(.text)
    DMA1_Channel4_IRQHandler                 0x0800015f   Thumb Code     0  startup_stm32f10x_hd.o(.text)
    DMA1_Channel5_IRQHandler                 0x0800015f   Thumb Code     0  startup_stm32f10x_hd.o(.text)
    DMA1_Channel6_IRQHandler                 0x0800015f   Thumb Code     0  startup_stm32f10x_hd.o(.text)
    DMA1_Channel7_IRQHandler                 0x0800015f   Thumb Code     0  startup_stm32f10x_hd.o(.text)
    DMA2_Channel1_IRQHandler                 0x0800015f   Thumb Code     0  startup_stm32f10x_hd.o(.text)
    DMA2_Channel2_IRQHandler                 0x0800015f   Thumb Code     0  startup_stm32f10x_hd.o(.text)
    DMA2_Channel3_IRQHandler                 0x0800015f   Thumb Code     0  startup_stm32f10x_hd.o(.text)
    DMA2_Channel4_5_IRQHandler               0x0800015f   Thumb Code     0  startup_stm32f10x_hd.o(.text)
    EXTI0_IRQHandler                         0x0800015f   Thumb Code     0  startup_stm32f10x_hd.o(.text)
    EXTI15_10_IRQHandler                     0x0800015f   Thumb Code     0  startup_stm32f10x_hd.o(.text)
    EXTI1_IRQHandler                         0x0800015f   Thumb Code     0  startup_stm32f10x_hd.o(.text)
    EXTI3_IRQHandler                         0x0800015f   Thumb Code     0  startup_stm32f10x_hd.o(.text)
    EXTI4_IRQHandler                         0x0800015f   Thumb Code     0  startup_stm32f10x_hd.o(.text)
    EXTI9_5_IRQHandler                       0x0800015f   Thumb Code     0  startup_stm32f10x_hd.o(.text)
    FLASH_IRQHandler                         0x0800015f   Thumb Code     0  startup_stm32f10x_hd.o(.text)
    FSMC_IRQHandler                          0x0800015f   Thumb Code     0  startup_stm32f10x_hd.o(.text)
    I2C1_ER_IRQHandler                       0x0800015f   Thumb Code     0  startup_stm32f10x_hd.o(.text)
    I2C1_EV_IRQHandler                       0x0800015f   Thumb Code     0  startup_stm32f10x_hd.o(.text)
    I2C2_ER_IRQHandler                       0x0800015f   Thumb Code     0  startup_stm32f10x_hd.o(.text)
    I2C2_EV_IRQHandler                       0x0800015f   Thumb Code     0  startup_stm32f10x_hd.o(.text)
    PVD_IRQHandler                           0x0800015f   Thumb Code     0  startup_stm32f10x_hd.o(.text)
    RCC_IRQHandler                           0x0800015f   Thumb Code     0  startup_stm32f10x_hd.o(.text)
    RTCAlarm_IRQHandler                      0x0800015f   Thumb Code     0  startup_stm32f10x_hd.o(.text)
    RTC_IRQHandler                           0x0800015f   Thumb Code     0  startup_stm32f10x_hd.o(.text)
    SDIO_IRQHandler                          0x0800015f   Thumb Code     0  startup_stm32f10x_hd.o(.text)
    SPI1_IRQHandler                          0x0800015f   Thumb Code     0  startup_stm32f10x_hd.o(.text)
    SPI2_IRQHandler                          0x0800015f   Thumb Code     0  startup_stm32f10x_hd.o(.text)
    SPI3_IRQHandler                          0x0800015f   Thumb Code     0  startup_stm32f10x_hd.o(.text)
    TAMPER_IRQHandler                        0x0800015f   Thumb Code     0  startup_stm32f10x_hd.o(.text)
    TIM1_BRK_IRQHandler                      0x0800015f   Thumb Code     0  startup_stm32f10x_hd.o(.text)
    TIM1_CC_IRQHandler                       0x0800015f   Thumb Code     0  startup_stm32f10x_hd.o(.text)
    TIM1_TRG_COM_IRQHandler                  0x0800015f   Thumb Code     0  startup_stm32f10x_hd.o(.text)
    TIM1_UP_IRQHandler                       0x0800015f   Thumb Code     0  startup_stm32f10x_hd.o(.text)
    TIM2_IRQHandler                          0x0800015f   Thumb Code     0  startup_stm32f10x_hd.o(.text)
    TIM3_IRQHandler                          0x0800015f   Thumb Code     0  startup_stm32f10x_hd.o(.text)
    TIM4_IRQHandler                          0x0800015f   Thumb Code     0  startup_stm32f10x_hd.o(.text)
    TIM5_IRQHandler                          0x0800015f   Thumb Code     0  startup_stm32f10x_hd.o(.text)
    TIM7_IRQHandler                          0x0800015f   Thumb Code     0  startup_stm32f10x_hd.o(.text)
    TIM8_BRK_IRQHandler                      0x0800015f   Thumb Code     0  startup_stm32f10x_hd.o(.text)
    TIM8_CC_IRQHandler                       0x0800015f   Thumb Code     0  startup_stm32f10x_hd.o(.text)
    TIM8_TRG_COM_IRQHandler                  0x0800015f   Thumb Code     0  startup_stm32f10x_hd.o(.text)
    TIM8_UP_IRQHandler                       0x0800015f   Thumb Code     0  startup_stm32f10x_hd.o(.text)
    UART5_IRQHandler                         0x0800015f   Thumb Code     0  startup_stm32f10x_hd.o(.text)
    USART3_IRQHandler                        0x0800015f   Thumb Code     0  startup_stm32f10x_hd.o(.text)
    USBWakeUp_IRQHandler                     0x0800015f   Thumb Code     0  startup_stm32f10x_hd.o(.text)
    WWDG_IRQHandler                          0x0800015f   Thumb Code     0  startup_stm32f10x_hd.o(.text)
    NMI_Handler                              0x08000169   Thumb Code     2  stm32f10x_it.o(.text)
    HardFault_Handler                        0x0800016b   Thumb Code     4  stm32f10x_it.o(.text)
    MemManage_Handler                        0x0800016f   Thumb Code     4  stm32f10x_it.o(.text)
    BusFault_Handler                         0x08000173   Thumb Code     4  stm32f10x_it.o(.text)
    UsageFault_Handler                       0x08000177   Thumb Code     4  stm32f10x_it.o(.text)
    SVC_Handler                              0x0800017b   Thumb Code     2  stm32f10x_it.o(.text)
    DebugMon_Handler                         0x0800017d   Thumb Code     2  stm32f10x_it.o(.text)
    PendSV_Handler                           0x0800017f   Thumb Code     2  stm32f10x_it.o(.text)
    SysTick_Handler                          0x08000181   Thumb Code    36  stm32f10x_it.o(.text)
    USART1_IRQHandler                        0x080001a5   Thumb Code   108  stm32f10x_it.o(.text)
    USART2_IRQHandler                        0x08000211   Thumb Code   228  stm32f10x_it.o(.text)
    UART4_IRQHandler                         0x080002f5   Thumb Code   236  stm32f10x_it.o(.text)
    USB_LP_CAN1_RX0_IRQHandler               0x080003e1   Thumb Code   476  stm32f10x_it.o(.text)
    USB_HP_CAN1_TX_IRQHandler                0x080005bd   Thumb Code     2  stm32f10x_it.o(.text)
    EXTI2_IRQHandler                         0x080005bf   Thumb Code     2  stm32f10x_it.o(.text)
    TIM6_IRQHandler                          0x080005c1   Thumb Code    12  stm32f10x_it.o(.text)
    main                                     0x080005d1   Thumb Code   106  main.o(.text)
    Delay                                    0x08000659   Thumb Code    18  movebase.o(.text)
    NVIC_Configuration                       0x0800066b   Thumb Code   184  movebase.o(.text)
    GPIO_Configuration                       0x08000723   Thumb Code   326  movebase.o(.text)
    RCC_Configuration                        0x08000869   Thumb Code    48  movebase.o(.text)
    CAN_Configuration                        0x08000899   Thumb Code   210  movebase.o(.text)
    ADC_Configuration                        0x0800096b   Thumb Code   238  movebase.o(.text)
    Usart1_Init                              0x08000a59   Thumb Code   124  movebase.o(.text)
    Usart2_Init                              0x08000ad5   Thumb Code   180  movebase.o(.text)
    Usart4_Init                              0x08000b89   Thumb Code   124  movebase.o(.text)
    SendChar                                 0x08000c05   Thumb Code    28  movebase.o(.text)
    SentString                               0x08000c21   Thumb Code    22  movebase.o(.text)
    TransUp                                  0x08000c37   Thumb Code    28  movebase.o(.text)
    fputc                                    0x08000c53   Thumb Code    32  movebase.o(.text)
    Device_Init                              0x08000c85   Thumb Code   156  system.o(.text)
    System_Init                              0x08000d21   Thumb Code   300  system.o(.text)
    RTU_CRC                                  0x08000e4d   Thumb Code    78  system.o(.text)
    Drivers_Init                             0x08000e9b   Thumb Code   796  system.o(.text)
    CalMotor                                 0x080011b7   Thumb Code  1256  system.o(.text)
    Obstacle                                 0x0800169f   Thumb Code     2  system.o(.text)
    MagIO_Check                              0x080016a1   Thumb Code     2  system.o(.text)
    Status_Handle                            0x080016a3   Thumb Code     2  system.o(.text)
    Command_Handle                           0x080016a5   Thumb Code  8710  system.o(.text)
    Data_Send                                0x080038ab   Thumb Code   230  system.o(.text)
    Status_UpLoad                            0x08003991   Thumb Code    22  system.o(.text)
    ObjectConfig                             0x080039c1   Thumb Code     8  canopen.o(.text)
    CanOpen_Init                             0x080039c9   Thumb Code   708  canopen.o(.text)
    SendSDO                                  0x08003c8d   Thumb Code   542  canopen.o(.text)
    ReadSDO                                  0x08003eab   Thumb Code   126  canopen.o(.text)
    PreOPtoOP                                0x08003f29   Thumb Code    46  canopen.o(.text)
    OPtoPreOP                                0x08003f57   Thumb Code    46  canopen.o(.text)
    SendSYNC                                 0x08003f85   Thumb Code    48  canopen.o(.text)
    SendPDO                                  0x08003fb5   Thumb Code   140  canopen.o(.text)
    move_process                             0x08004049   Thumb Code  1654  crabdrive.o(.text)
    TIMx_PWMx_Init                           0x080046f1   Thumb Code    84  time.o(.text)
    NVIC_PriorityGroupConfig                 0x08004745   Thumb Code    10  misc.o(.text)
    NVIC_Init                                0x0800474f   Thumb Code   102  misc.o(.text)
    NVIC_SetVectorTable                      0x080047b5   Thumb Code    14  misc.o(.text)
    NVIC_SystemLPConfig                      0x080047c3   Thumb Code    34  misc.o(.text)
    SysTick_CLKSourceConfig                  0x080047e5   Thumb Code    40  misc.o(.text)
    GPIO_DeInit                              0x08004821   Thumb Code   172  stm32f10x_gpio.o(.text)
    GPIO_AFIODeInit                          0x080048cd   Thumb Code    20  stm32f10x_gpio.o(.text)
    GPIO_Init                                0x080048e1   Thumb Code   274  stm32f10x_gpio.o(.text)
    GPIO_StructInit                          0x080049f3   Thumb Code    16  stm32f10x_gpio.o(.text)
    GPIO_ReadInputDataBit                    0x08004a03   Thumb Code    18  stm32f10x_gpio.o(.text)
    GPIO_ReadInputData                       0x08004a15   Thumb Code     8  stm32f10x_gpio.o(.text)
    GPIO_ReadOutputDataBit                   0x08004a1d   Thumb Code    18  stm32f10x_gpio.o(.text)
    GPIO_ReadOutputData                      0x08004a2f   Thumb Code     8  stm32f10x_gpio.o(.text)
    GPIO_SetBits                             0x08004a37   Thumb Code     4  stm32f10x_gpio.o(.text)
    GPIO_ResetBits                           0x08004a3b   Thumb Code     4  stm32f10x_gpio.o(.text)
    GPIO_WriteBit                            0x08004a3f   Thumb Code    10  stm32f10x_gpio.o(.text)
    GPIO_Write                               0x08004a49   Thumb Code     4  stm32f10x_gpio.o(.text)
    GPIO_PinLockConfig                       0x08004a4d   Thumb Code    18  stm32f10x_gpio.o(.text)
    GPIO_EventOutputConfig                   0x08004a5f   Thumb Code    26  stm32f10x_gpio.o(.text)
    GPIO_EventOutputCmd                      0x08004a79   Thumb Code     6  stm32f10x_gpio.o(.text)
    GPIO_PinRemapConfig                      0x08004a7f   Thumb Code   138  stm32f10x_gpio.o(.text)
    GPIO_EXTILineConfig                      0x08004b09   Thumb Code    66  stm32f10x_gpio.o(.text)
    GPIO_ETH_MediaInterfaceConfig            0x08004b4b   Thumb Code     6  stm32f10x_gpio.o(.text)
    RCC_DeInit                               0x08004b79   Thumb Code    64  stm32f10x_rcc.o(.text)
    RCC_HSEConfig                            0x08004bb9   Thumb Code    70  stm32f10x_rcc.o(.text)
    RCC_GetFlagStatus                        0x08004bff   Thumb Code    56  stm32f10x_rcc.o(.text)
    RCC_WaitForHSEStartUp                    0x08004c37   Thumb Code    56  stm32f10x_rcc.o(.text)
    RCC_AdjustHSICalibrationValue            0x08004c6f   Thumb Code    20  stm32f10x_rcc.o(.text)
    RCC_HSICmd                               0x08004c83   Thumb Code     6  stm32f10x_rcc.o(.text)
    RCC_PLLConfig                            0x08004c89   Thumb Code    24  stm32f10x_rcc.o(.text)
    RCC_PLLCmd                               0x08004ca1   Thumb Code     6  stm32f10x_rcc.o(.text)
    RCC_SYSCLKConfig                         0x08004ca7   Thumb Code    18  stm32f10x_rcc.o(.text)
    RCC_GetSYSCLKSource                      0x08004cb9   Thumb Code    10  stm32f10x_rcc.o(.text)
    RCC_HCLKConfig                           0x08004cc3   Thumb Code    18  stm32f10x_rcc.o(.text)
    RCC_PCLK1Config                          0x08004cd5   Thumb Code    18  stm32f10x_rcc.o(.text)
    RCC_PCLK2Config                          0x08004ce7   Thumb Code    20  stm32f10x_rcc.o(.text)
    RCC_ITConfig                             0x08004cfb   Thumb Code    26  stm32f10x_rcc.o(.text)
    RCC_USBCLKConfig                         0x08004d15   Thumb Code     6  stm32f10x_rcc.o(.text)
    RCC_ADCCLKConfig                         0x08004d1b   Thumb Code    18  stm32f10x_rcc.o(.text)
    RCC_LSEConfig                            0x08004d2d   Thumb Code    44  stm32f10x_rcc.o(.text)
    RCC_LSICmd                               0x08004d59   Thumb Code     6  stm32f10x_rcc.o(.text)
    RCC_RTCCLKConfig                         0x08004d5f   Thumb Code    12  stm32f10x_rcc.o(.text)
    RCC_RTCCLKCmd                            0x08004d6b   Thumb Code     8  stm32f10x_rcc.o(.text)
    RCC_GetClocksFreq                        0x08004d73   Thumb Code   192  stm32f10x_rcc.o(.text)
    RCC_AHBPeriphClockCmd                    0x08004e33   Thumb Code    26  stm32f10x_rcc.o(.text)
    RCC_APB2PeriphClockCmd                   0x08004e4d   Thumb Code    26  stm32f10x_rcc.o(.text)
    RCC_APB1PeriphClockCmd                   0x08004e67   Thumb Code    26  stm32f10x_rcc.o(.text)
    RCC_APB2PeriphResetCmd                   0x08004e81   Thumb Code    26  stm32f10x_rcc.o(.text)
    RCC_APB1PeriphResetCmd                   0x08004e9b   Thumb Code    26  stm32f10x_rcc.o(.text)
    RCC_BackupResetCmd                       0x08004eb5   Thumb Code     8  stm32f10x_rcc.o(.text)
    RCC_ClockSecuritySystemCmd               0x08004ebd   Thumb Code     6  stm32f10x_rcc.o(.text)
    RCC_MCOConfig                            0x08004ec3   Thumb Code     6  stm32f10x_rcc.o(.text)
    RCC_ClearFlag                            0x08004ec9   Thumb Code    14  stm32f10x_rcc.o(.text)
    RCC_GetITStatus                          0x08004ed7   Thumb Code    20  stm32f10x_rcc.o(.text)
    RCC_ClearITPendingBit                    0x08004eeb   Thumb Code     6  stm32f10x_rcc.o(.text)
    USART_DeInit                             0x08004f1d   Thumb Code   134  stm32f10x_usart.o(.text)
    USART_Init                               0x08004fa3   Thumb Code   210  stm32f10x_usart.o(.text)
    USART_StructInit                         0x08005075   Thumb Code    24  stm32f10x_usart.o(.text)
    USART_ClockInit                          0x0800508d   Thumb Code    34  stm32f10x_usart.o(.text)
    USART_ClockStructInit                    0x080050af   Thumb Code    12  stm32f10x_usart.o(.text)
    USART_Cmd                                0x080050bb   Thumb Code    24  stm32f10x_usart.o(.text)
    USART_ITConfig                           0x080050d3   Thumb Code    74  stm32f10x_usart.o(.text)
    USART_DMACmd                             0x0800511d   Thumb Code    18  stm32f10x_usart.o(.text)
    USART_SetAddress                         0x0800512f   Thumb Code    18  stm32f10x_usart.o(.text)
    USART_WakeUpConfig                       0x08005141   Thumb Code    18  stm32f10x_usart.o(.text)
    USART_ReceiverWakeUpCmd                  0x08005153   Thumb Code    24  stm32f10x_usart.o(.text)
    USART_LINBreakDetectLengthConfig         0x0800516b   Thumb Code    18  stm32f10x_usart.o(.text)
    USART_LINCmd                             0x0800517d   Thumb Code    24  stm32f10x_usart.o(.text)
    USART_SendData                           0x08005195   Thumb Code     8  stm32f10x_usart.o(.text)
    USART_ReceiveData                        0x0800519d   Thumb Code    10  stm32f10x_usart.o(.text)
    USART_SendBreak                          0x080051a7   Thumb Code    10  stm32f10x_usart.o(.text)
    USART_SetGuardTime                       0x080051b1   Thumb Code    16  stm32f10x_usart.o(.text)
    USART_SetPrescaler                       0x080051c1   Thumb Code    16  stm32f10x_usart.o(.text)
    USART_SmartCardCmd                       0x080051d1   Thumb Code    24  stm32f10x_usart.o(.text)
    USART_SmartCardNACKCmd                   0x080051e9   Thumb Code    24  stm32f10x_usart.o(.text)
    USART_HalfDuplexCmd                      0x08005201   Thumb Code    24  stm32f10x_usart.o(.text)
    USART_OverSampling8Cmd                   0x08005219   Thumb Code    22  stm32f10x_usart.o(.text)
    USART_OneBitMethodCmd                    0x0800522f   Thumb Code    24  stm32f10x_usart.o(.text)
    USART_IrDAConfig                         0x08005247   Thumb Code    18  stm32f10x_usart.o(.text)
    USART_IrDACmd                            0x08005259   Thumb Code    24  stm32f10x_usart.o(.text)
    USART_GetFlagStatus                      0x08005271   Thumb Code    26  stm32f10x_usart.o(.text)
    USART_ClearFlag                          0x0800528b   Thumb Code    18  stm32f10x_usart.o(.text)
    USART_GetITStatus                        0x0800529d   Thumb Code    86  stm32f10x_usart.o(.text)
    USART_ClearITPendingBit                  0x080052f3   Thumb Code    50  stm32f10x_usart.o(.text)
    DMA_DeInit                               0x08005325   Thumb Code   324  stm32f10x_dma.o(.text)
    DMA_Init                                 0x08005469   Thumb Code    60  stm32f10x_dma.o(.text)
    DMA_StructInit                           0x080054a5   Thumb Code    26  stm32f10x_dma.o(.text)
    DMA_Cmd                                  0x080054bf   Thumb Code    24  stm32f10x_dma.o(.text)
    DMA_ITConfig                             0x080054d7   Thumb Code    18  stm32f10x_dma.o(.text)
    DMA_SetCurrDataCounter                   0x080054e9   Thumb Code     4  stm32f10x_dma.o(.text)
    DMA_GetCurrDataCounter                   0x080054ed   Thumb Code     8  stm32f10x_dma.o(.text)
    DMA_GetFlagStatus                        0x080054f5   Thumb Code    38  stm32f10x_dma.o(.text)
    DMA_ClearFlag                            0x0800551b   Thumb Code    22  stm32f10x_dma.o(.text)
    DMA_GetITStatus                          0x08005531   Thumb Code    38  stm32f10x_dma.o(.text)
    DMA_ClearITPendingBit                    0x08005557   Thumb Code    22  stm32f10x_dma.o(.text)
    ADC_DeInit                               0x08005575   Thumb Code    78  stm32f10x_adc.o(.text)
    ADC_Init                                 0x080055c3   Thumb Code    70  stm32f10x_adc.o(.text)
    ADC_StructInit                           0x08005609   Thumb Code    18  stm32f10x_adc.o(.text)
    ADC_Cmd                                  0x0800561b   Thumb Code    22  stm32f10x_adc.o(.text)
    ADC_DMACmd                               0x08005631   Thumb Code    22  stm32f10x_adc.o(.text)
    ADC_ITConfig                             0x08005647   Thumb Code    24  stm32f10x_adc.o(.text)
    ADC_ResetCalibration                     0x0800565f   Thumb Code    10  stm32f10x_adc.o(.text)
    ADC_GetResetCalibrationStatus            0x08005669   Thumb Code    20  stm32f10x_adc.o(.text)
    ADC_StartCalibration                     0x0800567d   Thumb Code    10  stm32f10x_adc.o(.text)
    ADC_GetCalibrationStatus                 0x08005687   Thumb Code    20  stm32f10x_adc.o(.text)
    ADC_SoftwareStartConvCmd                 0x0800569b   Thumb Code    22  stm32f10x_adc.o(.text)
    ADC_GetSoftwareStartConvStatus           0x080056b1   Thumb Code    20  stm32f10x_adc.o(.text)
    ADC_DiscModeChannelCountConfig           0x080056c5   Thumb Code    24  stm32f10x_adc.o(.text)
    ADC_DiscModeCmd                          0x080056dd   Thumb Code    22  stm32f10x_adc.o(.text)
    ADC_RegularChannelConfig                 0x080056f3   Thumb Code   184  stm32f10x_adc.o(.text)
    ADC_ExternalTrigConvCmd                  0x080057ab   Thumb Code    22  stm32f10x_adc.o(.text)
    ADC_GetConversionValue                   0x080057c1   Thumb Code     8  stm32f10x_adc.o(.text)
    ADC_GetDualModeConversionValue           0x080057c9   Thumb Code     8  stm32f10x_adc.o(.text)
    ADC_AutoInjectedConvCmd                  0x080057d1   Thumb Code    22  stm32f10x_adc.o(.text)
    ADC_InjectedDiscModeCmd                  0x080057e7   Thumb Code    22  stm32f10x_adc.o(.text)
    ADC_ExternalTrigInjectedConvConfig       0x080057fd   Thumb Code    16  stm32f10x_adc.o(.text)
    ADC_ExternalTrigInjectedConvCmd          0x0800580d   Thumb Code    22  stm32f10x_adc.o(.text)
    ADC_SoftwareStartInjectedConvCmd         0x08005823   Thumb Code    22  stm32f10x_adc.o(.text)
    ADC_GetSoftwareStartInjectedConvCmdStatus 0x08005839   Thumb Code    20  stm32f10x_adc.o(.text)
    ADC_InjectedChannelConfig                0x0800584d   Thumb Code   130  stm32f10x_adc.o(.text)
    ADC_InjectedSequencerLengthConfig        0x080058cf   Thumb Code    24  stm32f10x_adc.o(.text)
    ADC_SetInjectedOffset                    0x080058e7   Thumb Code    20  stm32f10x_adc.o(.text)
    ADC_GetInjectedConversionValue           0x080058fb   Thumb Code    28  stm32f10x_adc.o(.text)
    ADC_AnalogWatchdogCmd                    0x08005917   Thumb Code    16  stm32f10x_adc.o(.text)
    ADC_AnalogWatchdogThresholdsConfig       0x08005927   Thumb Code     6  stm32f10x_adc.o(.text)
    ADC_AnalogWatchdogSingleChannelConfig    0x0800592d   Thumb Code    16  stm32f10x_adc.o(.text)
    ADC_TempSensorVrefintCmd                 0x0800593d   Thumb Code    64  stm32f10x_adc.o(.text)
    ADC_GetFlagStatus                        0x0800597d   Thumb Code    18  stm32f10x_adc.o(.text)
    ADC_ClearFlag                            0x0800598f   Thumb Code     6  stm32f10x_adc.o(.text)
    ADC_GetITStatus                          0x08005995   Thumb Code    36  stm32f10x_adc.o(.text)
    ADC_ClearITPendingBit                    0x080059b9   Thumb Code    10  stm32f10x_adc.o(.text)
    CAN_DeInit                               0x080059c5   Thumb Code    50  stm32f10x_can.o(.text)
    CAN_Init                                 0x080059f7   Thumb Code   276  stm32f10x_can.o(.text)
    CAN_FilterInit                           0x08005b0b   Thumb Code   258  stm32f10x_can.o(.text)
    CAN_StructInit                           0x08005c0d   Thumb Code    32  stm32f10x_can.o(.text)
    CAN_SlaveStartBank                       0x08005c2d   Thumb Code    48  stm32f10x_can.o(.text)
    CAN_DBGFreeze                            0x08005c5d   Thumb Code    22  stm32f10x_can.o(.text)
    CAN_TTComModeCmd                         0x08005c73   Thumb Code   118  stm32f10x_can.o(.text)
    CAN_Transmit                             0x08005ce9   Thumb Code   304  stm32f10x_can.o(.text)
    CAN_TransmitStatus                       0x08005e19   Thumb Code   138  stm32f10x_can.o(.text)
    CAN_CancelTransmit                       0x08005ea3   Thumb Code    48  stm32f10x_can.o(.text)
    CAN_Receive                              0x08005ed3   Thumb Code   240  stm32f10x_can.o(.text)
    CAN_FIFORelease                          0x08005fc3   Thumb Code    22  stm32f10x_can.o(.text)
    CAN_MessagePending                       0x08005fd9   Thumb Code    30  stm32f10x_can.o(.text)
    CAN_OperatingModeRequest                 0x08005ff7   Thumb Code   162  stm32f10x_can.o(.text)
    CAN_Sleep                                0x08006099   Thumb Code    30  stm32f10x_can.o(.text)
    CAN_WakeUp                               0x080060b7   Thumb Code    48  stm32f10x_can.o(.text)
    CAN_GetLastErrorCode                     0x080060e7   Thumb Code    12  stm32f10x_can.o(.text)
    CAN_GetReceiveErrorCounter               0x080060f3   Thumb Code    10  stm32f10x_can.o(.text)
    CAN_GetLSBTransmitErrorCounter           0x080060fd   Thumb Code    12  stm32f10x_can.o(.text)
    CAN_ITConfig                             0x08006109   Thumb Code    18  stm32f10x_can.o(.text)
    CAN_GetFlagStatus                        0x0800611b   Thumb Code   120  stm32f10x_can.o(.text)
    CAN_ClearFlag                            0x08006193   Thumb Code    52  stm32f10x_can.o(.text)
    CAN_GetITStatus                          0x080061d7   Thumb Code   308  stm32f10x_can.o(.text)
    CAN_ClearITPendingBit                    0x0800630b   Thumb Code   162  stm32f10x_can.o(.text)
    TIM_DeInit                               0x080063b1   Thumb Code   424  stm32f10x_tim.o(.text)
    TIM_TimeBaseInit                         0x08006559   Thumb Code   122  stm32f10x_tim.o(.text)
    TIM_OC1Init                              0x080065d3   Thumb Code   132  stm32f10x_tim.o(.text)
    TIM_OC2Init                              0x08006657   Thumb Code   154  stm32f10x_tim.o(.text)
    TIM_OC3Init                              0x080066f1   Thumb Code   150  stm32f10x_tim.o(.text)
    TIM_OC4Init                              0x08006787   Thumb Code   182  stm32f10x_tim.o(.text)
    TIM_SetIC4Prescaler                      0x0800683d   Thumb Code    26  stm32f10x_tim.o(.text)
    TIM_SetIC3Prescaler                      0x080068d9   Thumb Code    18  stm32f10x_tim.o(.text)
    TIM_SetIC2Prescaler                      0x08006965   Thumb Code    26  stm32f10x_tim.o(.text)
    TIM_SetIC1Prescaler                      0x08006a01   Thumb Code    18  stm32f10x_tim.o(.text)
    TIM_ICInit                               0x08006a7f   Thumb Code   150  stm32f10x_tim.o(.text)
    TIM_PWMIConfig                           0x08006b15   Thumb Code   124  stm32f10x_tim.o(.text)
    TIM_BDTRConfig                           0x08006b91   Thumb Code    32  stm32f10x_tim.o(.text)
    TIM_TimeBaseStructInit                   0x08006bb1   Thumb Code    18  stm32f10x_tim.o(.text)
    TIM_OCStructInit                         0x08006bc3   Thumb Code    20  stm32f10x_tim.o(.text)
    TIM_ICStructInit                         0x08006bd7   Thumb Code    18  stm32f10x_tim.o(.text)
    TIM_BDTRStructInit                       0x08006be9   Thumb Code    40  stm32f10x_tim.o(.text)
    TIM_Cmd                                  0x08006c11   Thumb Code    24  stm32f10x_tim.o(.text)
    TIM_CtrlPWMOutputs                       0x08006c29   Thumb Code    30  stm32f10x_tim.o(.text)
    TIM_ITConfig                             0x08006c47   Thumb Code    18  stm32f10x_tim.o(.text)
    TIM_GenerateEvent                        0x08006c59   Thumb Code     4  stm32f10x_tim.o(.text)
    TIM_DMAConfig                            0x08006c5d   Thumb Code    10  stm32f10x_tim.o(.text)
    TIM_DMACmd                               0x08006c67   Thumb Code    18  stm32f10x_tim.o(.text)
    TIM_InternalClockConfig                  0x08006c79   Thumb Code    12  stm32f10x_tim.o(.text)
    TIM_SelectInputTrigger                   0x08006c85   Thumb Code    18  stm32f10x_tim.o(.text)
    TIM_ITRxExternalClockConfig              0x08006c97   Thumb Code    24  stm32f10x_tim.o(.text)
    TIM_TIxExternalClockConfig               0x08006caf   Thumb Code    62  stm32f10x_tim.o(.text)
    TIM_ETRConfig                            0x08006ced   Thumb Code    28  stm32f10x_tim.o(.text)
    TIM_ETRClockMode1Config                  0x08006d09   Thumb Code    54  stm32f10x_tim.o(.text)
    TIM_ETRClockMode2Config                  0x08006d3f   Thumb Code    32  stm32f10x_tim.o(.text)
    TIM_PrescalerConfig                      0x08006d5f   Thumb Code     6  stm32f10x_tim.o(.text)
    TIM_CounterModeConfig                    0x08006d65   Thumb Code    18  stm32f10x_tim.o(.text)
    TIM_EncoderInterfaceConfig               0x08006d77   Thumb Code    66  stm32f10x_tim.o(.text)
    TIM_ForcedOC1Config                      0x08006db9   Thumb Code    18  stm32f10x_tim.o(.text)
    TIM_ForcedOC2Config                      0x08006dcb   Thumb Code    26  stm32f10x_tim.o(.text)
    TIM_ForcedOC3Config                      0x08006de5   Thumb Code    18  stm32f10x_tim.o(.text)
    TIM_ForcedOC4Config                      0x08006df7   Thumb Code    26  stm32f10x_tim.o(.text)
    TIM_ARRPreloadConfig                     0x08006e11   Thumb Code    24  stm32f10x_tim.o(.text)
    TIM_SelectCOM                            0x08006e29   Thumb Code    24  stm32f10x_tim.o(.text)
    TIM_SelectCCDMA                          0x08006e41   Thumb Code    24  stm32f10x_tim.o(.text)
    TIM_CCPreloadControl                     0x08006e59   Thumb Code    24  stm32f10x_tim.o(.text)
    TIM_OC1PreloadConfig                     0x08006e71   Thumb Code    18  stm32f10x_tim.o(.text)
    TIM_OC2PreloadConfig                     0x08006e83   Thumb Code    26  stm32f10x_tim.o(.text)
    TIM_OC3PreloadConfig                     0x08006e9d   Thumb Code    18  stm32f10x_tim.o(.text)
    TIM_OC4PreloadConfig                     0x08006eaf   Thumb Code    26  stm32f10x_tim.o(.text)
    TIM_OC1FastConfig                        0x08006ec9   Thumb Code    18  stm32f10x_tim.o(.text)
    TIM_OC2FastConfig                        0x08006edb   Thumb Code    26  stm32f10x_tim.o(.text)
    TIM_OC3FastConfig                        0x08006ef5   Thumb Code    18  stm32f10x_tim.o(.text)
    TIM_OC4FastConfig                        0x08006f07   Thumb Code    26  stm32f10x_tim.o(.text)
    TIM_ClearOC1Ref                          0x08006f21   Thumb Code    18  stm32f10x_tim.o(.text)
    TIM_ClearOC2Ref                          0x08006f33   Thumb Code    24  stm32f10x_tim.o(.text)
    TIM_ClearOC3Ref                          0x08006f4b   Thumb Code    18  stm32f10x_tim.o(.text)
    TIM_ClearOC4Ref                          0x08006f5d   Thumb Code    24  stm32f10x_tim.o(.text)
    TIM_OC1PolarityConfig                    0x08006f75   Thumb Code    18  stm32f10x_tim.o(.text)
    TIM_OC1NPolarityConfig                   0x08006f87   Thumb Code    18  stm32f10x_tim.o(.text)
    TIM_OC2PolarityConfig                    0x08006f99   Thumb Code    26  stm32f10x_tim.o(.text)
    TIM_OC2NPolarityConfig                   0x08006fb3   Thumb Code    26  stm32f10x_tim.o(.text)
    TIM_OC3PolarityConfig                    0x08006fcd   Thumb Code    26  stm32f10x_tim.o(.text)
    TIM_OC3NPolarityConfig                   0x08006fe7   Thumb Code    26  stm32f10x_tim.o(.text)
    TIM_OC4PolarityConfig                    0x08007001   Thumb Code    26  stm32f10x_tim.o(.text)
    TIM_CCxCmd                               0x0800701b   Thumb Code    30  stm32f10x_tim.o(.text)
    TIM_CCxNCmd                              0x08007039   Thumb Code    30  stm32f10x_tim.o(.text)
    TIM_SelectOCxM                           0x08007057   Thumb Code    82  stm32f10x_tim.o(.text)
    TIM_UpdateDisableConfig                  0x080070a9   Thumb Code    24  stm32f10x_tim.o(.text)
    TIM_UpdateRequestConfig                  0x080070c1   Thumb Code    24  stm32f10x_tim.o(.text)
    TIM_SelectHallSensor                     0x080070d9   Thumb Code    24  stm32f10x_tim.o(.text)
    TIM_SelectOnePulseMode                   0x080070f1   Thumb Code    18  stm32f10x_tim.o(.text)
    TIM_SelectOutputTrigger                  0x08007103   Thumb Code    18  stm32f10x_tim.o(.text)
    TIM_SelectSlaveMode                      0x08007115   Thumb Code    18  stm32f10x_tim.o(.text)
    TIM_SelectMasterSlaveMode                0x08007127   Thumb Code    18  stm32f10x_tim.o(.text)
    TIM_SetCounter                           0x08007139   Thumb Code     4  stm32f10x_tim.o(.text)
    TIM_SetAutoreload                        0x0800713d   Thumb Code     4  stm32f10x_tim.o(.text)
    TIM_SetCompare1                          0x08007141   Thumb Code     4  stm32f10x_tim.o(.text)
    TIM_SetCompare2                          0x08007145   Thumb Code     4  stm32f10x_tim.o(.text)
    TIM_SetCompare3                          0x08007149   Thumb Code     4  stm32f10x_tim.o(.text)
    TIM_SetCompare4                          0x0800714d   Thumb Code     6  stm32f10x_tim.o(.text)
    TIM_SetClockDivision                     0x08007153   Thumb Code    18  stm32f10x_tim.o(.text)
    TIM_GetCapture1                          0x08007165   Thumb Code     6  stm32f10x_tim.o(.text)
    TIM_GetCapture2                          0x0800716b   Thumb Code     6  stm32f10x_tim.o(.text)
    TIM_GetCapture3                          0x08007171   Thumb Code     6  stm32f10x_tim.o(.text)
    TIM_GetCapture4                          0x08007177   Thumb Code     8  stm32f10x_tim.o(.text)
    TIM_GetCounter                           0x0800717f   Thumb Code     6  stm32f10x_tim.o(.text)
    TIM_GetPrescaler                         0x08007185   Thumb Code     6  stm32f10x_tim.o(.text)
    TIM_GetFlagStatus                        0x0800718b   Thumb Code    18  stm32f10x_tim.o(.text)
    TIM_ClearFlag                            0x0800719d   Thumb Code     6  stm32f10x_tim.o(.text)
    TIM_GetITStatus                          0x080071a3   Thumb Code    34  stm32f10x_tim.o(.text)
    TIM_ClearITPendingBit                    0x080071c5   Thumb Code     6  stm32f10x_tim.o(.text)
    SystemInit                               0x080072a9   Thumb Code    78  system_stm32f10x.o(.text)
    SystemCoreClockUpdate                    0x080072f7   Thumb Code   142  system_stm32f10x.o(.text)
    __aeabi_memset                           0x080073a9   Thumb Code    14  memseta.o(.text)
    __aeabi_memset4                          0x080073a9   Thumb Code     0  memseta.o(.text)
    __aeabi_memset8                          0x080073a9   Thumb Code     0  memseta.o(.text)
    __aeabi_memclr                           0x080073b7   Thumb Code     4  memseta.o(.text)
    __aeabi_memclr4                          0x080073b7   Thumb Code     0  memseta.o(.text)
    __aeabi_memclr8                          0x080073b7   Thumb Code     0  memseta.o(.text)
    _memset$wrapper                          0x080073bb   Thumb Code    18  memseta.o(.text)
    __aeabi_dadd                             0x080073cd   Thumb Code   322  dadd.o(.text)
    __aeabi_dsub                             0x0800750f   Thumb Code     6  dadd.o(.text)
    __aeabi_drsub                            0x08007515   Thumb Code     6  dadd.o(.text)
    __aeabi_dmul                             0x0800751b   Thumb Code   228  dmul.o(.text)
    __aeabi_ddiv                             0x080075ff   Thumb Code   222  ddiv.o(.text)
    __aeabi_i2d                              0x080076dd   Thumb Code    34  dflti.o(.text)
    __aeabi_d2iz                             0x080076ff   Thumb Code    62  dfixi.o(.text)
    __aeabi_cdcmpeq                          0x0800773d   Thumb Code     0  cdcmple.o(.text)
    __aeabi_cdcmple                          0x0800773d   Thumb Code    38  cdcmple.o(.text)
    __aeabi_cdrcmple                         0x08007765   Thumb Code    38  cdrcmple.o(.text)
    __aeabi_llsl                             0x0800778d   Thumb Code    30  llshl.o(.text)
    _ll_shift_l                              0x0800778d   Thumb Code     0  llshl.o(.text)
    __aeabi_llsr                             0x080077ab   Thumb Code    32  llushr.o(.text)
    _ll_ushift_r                             0x080077ab   Thumb Code     0  llushr.o(.text)
    __aeabi_lasr                             0x080077cb   Thumb Code    36  llsshr.o(.text)
    _ll_sshift_r                             0x080077cb   Thumb Code     0  llsshr.o(.text)
    __I$use$fp                               0x080077ef   Thumb Code     0  iusefp.o(.text)
    _double_round                            0x080077ef   Thumb Code    26  depilogue.o(.text)
    _double_epilogue                         0x08007809   Thumb Code   164  depilogue.o(.text)
    __ARM_scalbn                             0x080078ad   Thumb Code    46  dscalb.o(.text)
    scalbn                                   0x080078ad   Thumb Code     0  dscalb.o(.text)
    _dsqrt                                   0x080078db   Thumb Code   162  dsqrt.o(.text)
    __scatterload                            0x0800797d   Thumb Code    28  init.o(.text)
    __scatterload_rt2                        0x0800797d   Thumb Code     0  init.o(.text)
    __aeabi_ui2d                             0x080079a1   Thumb Code    26  dfltui.o(.text)
    __ARM_fpclassify                         0x080079bb   Thumb Code    40  fpclassify.o(i.__ARM_fpclassify)
    __ieee754_rem_pio2                       0x080079e5   Thumb Code   832  rred.o(i.__ieee754_rem_pio2)
    __kernel_cos                             0x08007d6d   Thumb Code   230  cos_i.o(i.__kernel_cos)
    __kernel_poly                            0x08007e69   Thumb Code   170  poly.o(i.__kernel_poly)
    __kernel_sin                             0x08007f15   Thumb Code   224  sin_i.o(i.__kernel_sin)
    __mathlib_dbl_underflow                  0x08008001   Thumb Code    10  dunder.o(i.__mathlib_dbl_underflow)
    __scatterload_copy                       0x08008011   Thumb Code    14  handlers.o(i.__scatterload_copy)
    __scatterload_null                       0x0800801f   Thumb Code     2  handlers.o(i.__scatterload_null)
    __scatterload_zeroinit                   0x08008021   Thumb Code    14  handlers.o(i.__scatterload_zeroinit)
    __set_errno                              0x08008031   Thumb Code     6  errno.o(i.__set_errno)
    cos                                      0x0800803d   Thumb Code   164  cos.o(i.cos)
    malloc                                   0x080080e9   Thumb Code    92  malloc.o(i.malloc)
    sin                                      0x08008155   Thumb Code   166  sin.o(i.sin)
    sqrt                                     0x08008205   Thumb Code    76  sqrt.o(i.sqrt)
    Region$$Table$$Base                      0x08008370   Number         0  anon$$obj.o(Region$$Table)
    Region$$Table$$Limit                     0x08008390   Number         0  anon$$obj.o(Region$$Table)
    g_TxCounter                              0x20000010   Data           1  main.o(.data)
    g_RxCounter                              0x20000011   Data           1  main.o(.data)
    g_TimingDelay                            0x20000014   Data           4  main.o(.data)
    ADC_ConvertedValue                       0x20000018   Data           2  main.o(.data)
    R485End                                  0x2000001c   Data           4  system.o(.data)
    gSysData                                 0x2000002c   Data           4  system.o(.data)
    gComData                                 0x20000030   Data           4  system.o(.data)
    gInnerData                               0x20000034   Data           4  system.o(.data)
    gHalData                                 0x20000038   Data           4  system.o(.data)
    gDownData                                0x2000003c   Data           4  system.o(.data)
    gUpData                                  0x20000040   Data           4  system.o(.data)
    turn_state                               0x20000044   Data           1  crabdrive.o(.data)
    cmd_flag                                 0x20000045   Data           1  crabdrive.o(.data)
    up1                                      0x20000048   Data           4  crabdrive.o(.data)
    read_star                                0x2000004c   Data           1  crabdrive.o(.data)
    num_motor_flag                           0x2000004d   Data           1  crabdrive.o(.data)
    RunState                                 0x2000004e   Data           1  crabdrive.o(.data)
    SaveState                                0x2000004f   Data           1  crabdrive.o(.data)
    SystemCoreClock                          0x20000064   Data           4  system_stm32f10x.o(.data)
    AHBPrescTable                            0x20000068   Data          16  system_stm32f10x.o(.data)
    __microlib_freelist                      0x20000078   Data           4  mvars.o(.data)
    __microlib_freelist_initialised          0x2000007c   Data           4  mvars.o(.data)
    buletooth_motor_para                     0x200000e8   Data          32  movebase.o(.bss)
    g_RxUpBuf                                0x20000108   Data         160  system.o(.bss)
    g_RxBufferC                              0x200001a8   Data         110  system.o(.bss)
    g_RxStation                              0x20000216   Data         150  system.o(.bss)
    __heap_base                              0x200002f8   Data           0  startup_stm32f10x_hd.o(HEAP)
    __heap_limit                             0x20000af8   Data           0  startup_stm32f10x_hd.o(HEAP)
    __initial_sp                             0x200012f8   Data           0  startup_stm32f10x_hd.o(STACK)



==============================================================================

Memory Map of the image

  Image Entry point : 0x08000131

  Load Region LR_IROM1 (Base: 0x08000000, Size: 0x00008414, Max: 0x00080000, ABSOLUTE)

    Execution Region ER_IROM1 (Base: 0x08000000, Size: 0x00008390, Max: 0x00080000, ABSOLUTE)

    Base Addr    Size         Type   Attr      Idx    E Section Name        Object

    0x08000000   0x00000130   Data   RO            3    RESET               startup_stm32f10x_hd.o
    0x08000130   0x00000000   Code   RO          398  * .ARM.Collect$$$$00000000  mc_w.l(entry.o)
    0x08000130   0x00000004   Code   RO          459    .ARM.Collect$$$$00000001  mc_w.l(entry2.o)
    0x08000134   0x00000004   Code   RO          462    .ARM.Collect$$$$00000004  mc_w.l(entry5.o)
    0x08000138   0x00000000   Code   RO          464    .ARM.Collect$$$$00000008  mc_w.l(entry7b.o)
    0x08000138   0x00000000   Code   RO          466    .ARM.Collect$$$$0000000A  mc_w.l(entry8b.o)
    0x08000138   0x00000008   Code   RO          467    .ARM.Collect$$$$0000000B  mc_w.l(entry9a.o)
    0x08000140   0x00000000   Code   RO          469    .ARM.Collect$$$$0000000D  mc_w.l(entry10a.o)
    0x08000140   0x00000000   Code   RO          471    .ARM.Collect$$$$0000000F  mc_w.l(entry11a.o)
    0x08000140   0x00000004   Code   RO          460    .ARM.Collect$$$$00002712  mc_w.l(entry2.o)
    0x08000144   0x00000024   Code   RO            4    .text               startup_stm32f10x_hd.o
    0x08000168   0x00000468   Code   RO           10    .text               stm32f10x_it.o
    0x080005d0   0x00000088   Code   RO          107    .text               main.o
    0x08000658   0x0000062c   Code   RO          140    .text               movebase.o
    0x08000c84   0x00002d3c   Code   RO          159    .text               system.o
    0x080039c0   0x00000688   Code   RO          186    .text               canopen.o
    0x08004048   0x000006a8   Code   RO          198    .text               crabdrive.o
    0x080046f0   0x00000054   Code   RO          217    .text               time.o
    0x08004744   0x000000dc   Code   RO          229    .text               misc.o
    0x08004820   0x00000358   Code   RO          241    .text               stm32f10x_gpio.o
    0x08004b78   0x000003a4   Code   RO          253    .text               stm32f10x_rcc.o
    0x08004f1c   0x00000408   Code   RO          267    .text               stm32f10x_usart.o
    0x08005324   0x00000250   Code   RO          291    .text               stm32f10x_dma.o
    0x08005574   0x0000044e   Code   RO          303    .text               stm32f10x_adc.o
    0x080059c2   0x00000002   PAD
    0x080059c4   0x000009ec   Code   RO          315    .text               stm32f10x_can.o
    0x080063b0   0x00000e1a   Code   RO          327    .text               stm32f10x_tim.o
    0x080071ca   0x00000002   PAD
    0x080071cc   0x000001dc   Code   RO          349    .text               system_stm32f10x.o
    0x080073a8   0x00000024   Code   RO          401    .text               mc_w.l(memseta.o)
    0x080073cc   0x0000014e   Code   RO          431    .text               mf_w.l(dadd.o)
    0x0800751a   0x000000e4   Code   RO          433    .text               mf_w.l(dmul.o)
    0x080075fe   0x000000de   Code   RO          435    .text               mf_w.l(ddiv.o)
    0x080076dc   0x00000022   Code   RO          437    .text               mf_w.l(dflti.o)
    0x080076fe   0x0000003e   Code   RO          439    .text               mf_w.l(dfixi.o)
    0x0800773c   0x00000028   Code   RO          441    .text               mf_w.l(cdcmple.o)
    0x08007764   0x00000028   Code   RO          443    .text               mf_w.l(cdrcmple.o)
    0x0800778c   0x0000001e   Code   RO          473    .text               mc_w.l(llshl.o)
    0x080077aa   0x00000020   Code   RO          475    .text               mc_w.l(llushr.o)
    0x080077ca   0x00000024   Code   RO          477    .text               mc_w.l(llsshr.o)
    0x080077ee   0x00000000   Code   RO          492    .text               mc_w.l(iusefp.o)
    0x080077ee   0x000000be   Code   RO          493    .text               mf_w.l(depilogue.o)
    0x080078ac   0x0000002e   Code   RO          495    .text               mf_w.l(dscalb.o)
    0x080078da   0x000000a2   Code   RO          497    .text               mf_w.l(dsqrt.o)
    0x0800797c   0x00000024   Code   RO          505    .text               mc_w.l(init.o)
    0x080079a0   0x0000001a   Code   RO          507    .text               mf_w.l(dfltui.o)
    0x080079ba   0x00000028   Code   RO          501    i.__ARM_fpclassify  m_ws.l(fpclassify.o)
    0x080079e2   0x00000002   PAD
    0x080079e4   0x00000388   Code   RO          448    i.__ieee754_rem_pio2  m_ws.l(rred.o)
    0x08007d6c   0x000000fc   Code   RO          445    i.__kernel_cos      m_ws.l(cos_i.o)
    0x08007e68   0x000000aa   Code   RO          503    i.__kernel_poly     m_ws.l(poly.o)
    0x08007f12   0x00000002   PAD
    0x08007f14   0x000000ec   Code   RO          453    i.__kernel_sin      m_ws.l(sin_i.o)
    0x08008000   0x00000010   Code   RO          499    i.__mathlib_dbl_underflow  m_ws.l(dunder.o)
    0x08008010   0x0000000e   Code   RO          511    i.__scatterload_copy  mc_w.l(handlers.o)
    0x0800801e   0x00000002   Code   RO          512    i.__scatterload_null  mc_w.l(handlers.o)
    0x08008020   0x0000000e   Code   RO          513    i.__scatterload_zeroinit  mc_w.l(handlers.o)
    0x0800802e   0x00000002   PAD
    0x08008030   0x0000000c   Code   RO          487    i.__set_errno       mc_w.l(errno.o)
    0x0800803c   0x000000ac   Code   RO          375    i.cos               m_ws.l(cos.o)
    0x080080e8   0x0000006c   Code   RO          404    i.malloc            mc_w.l(malloc.o)
    0x08008154   0x000000b0   Code   RO          383    i.sin               m_ws.l(sin.o)
    0x08008204   0x0000004c   Code   RO          391    i.sqrt              m_ws.l(sqrt.o)
    0x08008250   0x00000030   Data   RO          446    .constdata          m_ws.l(cos_i.o)
    0x08008280   0x000000c8   Data   RO          450    .constdata          m_ws.l(rred.o)
    0x08008348   0x00000028   Data   RO          454    .constdata          m_ws.l(sin_i.o)
    0x08008370   0x00000020   Data   RO          509    Region$$Table       anon$$obj.o


    Execution Region RW_IRAM1 (Base: 0x20000000, Size: 0x000012f8, Max: 0x00010000, ABSOLUTE)

    Base Addr    Size         Type   Attr      Idx    E Section Name        Object

    0x20000000   0x0000000d   Data   RW           12    .data               stm32f10x_it.o
    0x2000000d   0x00000003   PAD
    0x20000010   0x0000000a   Data   RW          108    .data               main.o
    0x2000001a   0x00000002   PAD
    0x2000001c   0x00000028   Data   RW          161    .data               system.o
    0x20000044   0x0000000c   Data   RW          200    .data               crabdrive.o
    0x20000050   0x00000014   Data   RW          254    .data               stm32f10x_rcc.o
    0x20000064   0x00000014   Data   RW          350    .data               system_stm32f10x.o
    0x20000078   0x00000004   Data   RW          483    .data               mc_w.l(mvars.o)
    0x2000007c   0x00000004   Data   RW          484    .data               mc_w.l(mvars.o)
    0x20000080   0x00000004   Data   RW          488    .data               mc_w.l(errno.o)
    0x20000084   0x00000064   Zero   RW           11    .bss                stm32f10x_it.o
    0x200000e8   0x00000020   Zero   RW          141    .bss                movebase.o
    0x20000108   0x000001dc   Zero   RW          160    .bss                system.o
    0x200002e4   0x00000010   Zero   RW          199    .bss                crabdrive.o
    0x200002f4   0x00000004   PAD
    0x200002f8   0x00000800   Zero   RW            2    HEAP                startup_stm32f10x_hd.o
    0x20000af8   0x00000800   Zero   RW            1    STACK               startup_stm32f10x_hd.o


==============================================================================

Image component sizes


      Code (inc. data)   RO Data    RW Data    ZI Data      Debug   Object Name

      1672         12          0          0          0       2457   canopen.o
      1704        112          0         12         16       2049   crabdrive.o
       136         30          0         10          0       2146   main.o
       220         20          0          0          0       1605   misc.o
      1580         64          0          0         32       4910   movebase.o
        36          8        304          0       4096        752   startup_stm32f10x_hd.o
      1102         26          0          0          0      10633   stm32f10x_adc.o
      2540         38          0          0          0       7656   stm32f10x_can.o
       592          8          0          0          0       4130   stm32f10x_dma.o
       856         40          0          0          0       5449   stm32f10x_gpio.o
      1128         88          0         13        100     282969   stm32f10x_it.o
       932         44          0         20          0       8536   stm32f10x_rcc.o
      3610         88          0          0          0      21932   stm32f10x_tim.o
      1032         20          0          0          0       8192   stm32f10x_usart.o
     11580        566          0         40        476      22941   system.o
       476         36          0         20          0       1559   system_stm32f10x.o
        84          0          0          0          0        857   time.o

    ----------------------------------------------------------------------
     29284       1200        336        120       4724     388773   Object Totals
         0          0         32          0          0          0   (incl. Generated)
         4          0          0          5          4          0   (incl. Padding)

    ----------------------------------------------------------------------

      Code (inc. data)   RO Data    RW Data    ZI Data      Debug   Library Member Name

       172          8          0          0          0        112   cos.o
       252         22         48          0          0        124   cos_i.o
        16          6          0          0          0         68   dunder.o
        40          0          0          0          0         68   fpclassify.o
       170          0          0          0          0         96   poly.o
       904         72        200          0          0        140   rred.o
       176         10          0          0          0        116   sin.o
       236         12         40          0          0        128   sin_i.o
        76          0          0          0          0         84   sqrt.o
         0          0          0          0          0          0   entry.o
         0          0          0          0          0          0   entry10a.o
         0          0          0          0          0          0   entry11a.o
         8          4          0          0          0          0   entry2.o
         4          0          0          0          0          0   entry5.o
         0          0          0          0          0          0   entry7b.o
         0          0          0          0          0          0   entry8b.o
         8          4          0          0          0          0   entry9a.o
        12          6          0          4          0         68   errno.o
        30          0          0          0          0          0   handlers.o
        36          8          0          0          0         68   init.o
         0          0          0          0          0          0   iusefp.o
        30          0          0          0          0         68   llshl.o
        36          0          0          0          0         68   llsshr.o
        32          0          0          0          0         68   llushr.o
       108         16          0          0          0         84   malloc.o
        36          0          0          0          0        108   memseta.o
         0          0          0          8          0          0   mvars.o
        40          2          0          0          0         68   cdcmple.o
        40          2          0          0          0         68   cdrcmple.o
       334          0          0          0          0        148   dadd.o
       222          0          0          0          0        100   ddiv.o
       190          0          0          0          0        176   depilogue.o
        62          0          0          0          0         80   dfixi.o
        34          0          0          0          0         76   dflti.o
        26          0          0          0          0         76   dfltui.o
       228          0          0          0          0         96   dmul.o
        46          0          0          0          0         80   dscalb.o
       162          0          0          0          0        100   dsqrt.o

    ----------------------------------------------------------------------
      3772        172        288         12          0       2536   Library Totals
         6          0          0          0          0          0   (incl. Padding)

    ----------------------------------------------------------------------

      Code (inc. data)   RO Data    RW Data    ZI Data      Debug   Library Name

      2042        130        288          0          0        936   m_ws.l
       340         38          0         12          0        532   mc_w.l
      1384          4          0          0          0       1068   mf_w.l

    ----------------------------------------------------------------------
      3772        172        288         12          0       2536   Library Totals

    ----------------------------------------------------------------------

==============================================================================


      Code (inc. data)   RO Data    RW Data    ZI Data      Debug   

     33056       1372        624        132       4724     388345   Grand Totals
     33056       1372        624        132       4724     388345   ELF Image Totals
     33056       1372        624        132          0          0   ROM Totals

==============================================================================

    Total RO  Size (Code + RO Data)                33680 (  32.89kB)
    Total RW  Size (RW Data + ZI Data)              4856 (   4.74kB)
    Total ROM Size (Code + RO Data + RW Data)      33812 (  33.02kB)

==============================================================================

