<html>
<body>
<pre>
<h1>µVision Build Log</h1>
<h2>Project:</h2>
E:\xiaoche\crabdrive2015-12-8\stm32-fd-FM.uvprojx
Project File Date:  10/10/2017

<h2>Output:</h2>
Rebuild target 'Target 1'
assembling startup_stm32f10x_hd.s...
compiling stm32f10x_it.c...
compiling main.c...
compiling movebase.c...
user\movebase.c(59): warning:  #68-D: integer conversion resulted in a change of sign
      NVIC_InitStructure.NVIC_IRQChannel = SysTick_IRQn;                               //÷–∂œ÷–∂œ
user\movebase.c: 1 warning, 0 errors
compiling system.c...
user\system.c(367): warning:  #177-D: variable "tmpx" was declared but never referenced
        double tmpx = 0.0;
user\system.c(368): warning:  #177-D: variable "tmpy" was declared but never referenced
        double tmpy = 0.0;
user\system.c(771): warning:  #177-D: variable "i" was declared but never referenced
        int i = 0;
user\system.c(772): warning:  #177-D: variable "crc" was declared but never referenced
        char crc = 0;
user\system.c: 4 warnings, 0 errors
compiling canopen.c...
compiling crabdrive.c...
compiling time.c...
compiling misc.c...
compiling stm32f10x_gpio.c...
compiling stm32f10x_rcc.c...
compiling stm32f10x_usart.c...
compiling stm32f10x_fsmc.c...
compiling stm32f10x_dma.c...
compiling stm32f10x_adc.c...
compiling stm32f10x_can.c...
compiling stm32f10x_tim.c...
compiling core_cm3.c...
compiling system_stm32f10x.c...
linking...
Program Size: Code=33056 RO-data=624 RW-data=132 ZI-data=4724  
FromELF: creating hex file...
".\Obj\STM32-FD-FM.axf" - 0 Error(s), 5 Warning(s).

<h2>Collection of Component include folders:</h2>
  E:\xiaoche\crabdrive2015-12-8\RTE

<h2>Collection of Component Files used:</h2>
</pre>
</body>
</html>
