<html>
<body>
<pre>
<h1>礦ision Build Log</h1>
<h2>Project:</h2>
C:\Users\Handy_35\Desktop\change_test\kivafour(draw back test)\stm32-fd-FM.uvproj
Project File Date:  05/28/2015

<h2>Output:</h2>
Build target 'Target 1'
linking...
Program Size: Code=27704 RO-data=624 RW-data=124 ZI-data=4572  
FromELF: creating hex file...
".\Obj\STM32-FD-FM.axf" - 0 Error(s), 0 Warning(s).
Load "C:\\Users\\Handy_35\\Desktop\\change_test\\kivafour(draw back test)\\Obj\\STM32-FD-FM.AXF" 
Set JLink Project File to "C:\Users\Handy_35\Desktop\change_test\kivafour(draw back test)\JLinkSettings.ini"
 
JLink info:
------------
DLL: V4.15n, compiled Jun 18 2010 19:55:09
Firmware: J-Link ARM V8 compiled Jan 31 2018 18:34:52
Hardware: V8.00
S/N : 20080643 
Feature(s) : RDI,FlashDL,FlashBP,JFlash,GDBFull 
 
* JLink Info: Found SWD-DP with ID 0x1BA01477
* JLink Info: TPIU fitted.
* JLink Info: ETM fitted.
* JLink Info:   FPUnit: 6 code (BP) slots and 2 literal slots
ROMTableAddr = 0xE00FF003
 
Target info:
------------
Device: STM32F103VE
VTarget = 3.293V
State of Pins: 
TCK: 0, TDI: 0, TDO: 0, TMS: 0, TRES: 1, TRST: 1
* JLink Info: Found SWD-DP with ID 0x1BA01477
* JLink Info: TPIU fitted.
* JLink Info: ETM fitted.
* JLink Info:   FPUnit: 6 code (BP) slots and 2 literal slots
Hardware-Breakpoints: 6
Software-Breakpoints: 2048
Watchpoints:          4
JTAG speed: 2000 kHz
 
Erase Done.
Programming Done.
Verify OK.
* JLink Info: Found SWD-DP with ID 0x1BA01477
* JLink Info: TPIU fitted.
* JLink Info: ETM fitted.
* JLink Info:   FPUnit: 6 code (BP) slots and 2 literal slots
Application running ...
Build target 'Target 1'
compiling main.c...
compiling movebase.c...
user\movebase.c(57): warning:  #68-D: integer conversion resulted in a change of sign
user\movebase.c:       NVIC_InitStructure.NVIC_IRQChannel = SysTick_IRQn;                              //中断中断
user\movebase.c:                                            ^
user\movebase.c: user\movebase.c: 1 warning, 0 errors
compiling system.c...
user\system.c(359): warning:  #177-D: variable "tmpx" was declared but never referenced
user\system.c:          double tmpx = 0.0;
user\system.c:                 ^
user\system.c(360): warning:  #177-D: variable "tmpy" was declared but never referenced
user\system.c:          double tmpy = 0.0;
user\system.c:                 ^
user\system.c: user\system.c: 2 warnings, 0 errors
compiling canopen.c...
linking...
Program Size: Code=27704 RO-data=624 RW-data=124 ZI-data=4572  
FromELF: creating hex file...
".\Obj\STM32-FD-FM.axf" - 0 Error(s), 3 Warning(s).
Load "C:\\Users\\Handy_35\\Desktop\\change_test\\kivafour(draw back test)\\Obj\\STM32-FD-FM.AXF" 
Set JLink Project File to "C:\Users\Handy_35\Desktop\change_test\kivafour(draw back test)\JLinkSettings.ini"
 
JLink info:
------------
DLL: V4.15n, compiled Jun 18 2010 19:55:09
Firmware: J-Link ARM V8 compiled Jan 31 2018 18:34:52
Hardware: V8.00
S/N : 20080643 
Feature(s) : RDI,FlashDL,FlashBP,JFlash,GDBFull 
 
* JLink Info: Found SWD-DP with ID 0x1BA01477
* JLink Info: TPIU fitted.
* JLink Info: ETM fitted.
* JLink Info:   FPUnit: 6 code (BP) slots and 2 literal slots
ROMTableAddr = 0xE00FF003
 
Target info:
------------
Device: STM32F103VE
VTarget = 3.293V
State of Pins: 
TCK: 0, TDI: 0, TDO: 0, TMS: 0, TRES: 1, TRST: 1
* JLink Info: Found SWD-DP with ID 0x1BA01477
* JLink Info: TPIU fitted.
* JLink Info: ETM fitted.
* JLink Info:   FPUnit: 6 code (BP) slots and 2 literal slots
Hardware-Breakpoints: 6
Software-Breakpoints: 2048
Watchpoints:          4
JTAG speed: 2000 kHz
 
Erase Done.
Programming Done.
Verify OK.
* JLink Info: Found SWD-DP with ID 0x1BA01477
* JLink Info: TPIU fitted.
* JLink Info: ETM fitted.
* JLink Info:   FPUnit: 6 code (BP) slots and 2 literal slots
Application running ...
Build target 'Target 1'
compiling system.c...
user\system.c(359): warning:  #177-D: variable "tmpx" was declared but never referenced
user\system.c:          double tmpx = 0.0;
user\system.c:                 ^
user\system.c(360): warning:  #177-D: variable "tmpy" was declared but never referenced
user\system.c:          double tmpy = 0.0;
user\system.c:                 ^
user\system.c: user\system.c: 2 warnings, 0 errors
linking...
Program Size: Code=27712 RO-data=624 RW-data=124 ZI-data=4572  
FromELF: creating hex file...
".\Obj\STM32-FD-FM.axf" - 0 Error(s), 2 Warning(s).
Load "C:\\Users\\Handy_35\\Desktop\\change_test\\kivafour(draw back test)\\Obj\\STM32-FD-FM.AXF" 
Set JLink Project File to "C:\Users\Handy_35\Desktop\change_test\kivafour(draw back test)\JLinkSettings.ini"
 
JLink info:
------------
DLL: V4.15n, compiled Jun 18 2010 19:55:09
Firmware: J-Link ARM V8 compiled Jan 31 2018 18:34:52
Hardware: V8.00
S/N : 20080643 
Feature(s) : RDI,FlashDL,FlashBP,JFlash,GDBFull 
 
* JLink Info: Found SWD-DP with ID 0x1BA01477
* JLink Info: TPIU fitted.
* JLink Info: ETM fitted.
* JLink Info:   FPUnit: 6 code (BP) slots and 2 literal slots
ROMTableAddr = 0xE00FF003
 
Target info:
------------
Device: STM32F103VE
VTarget = 3.293V
State of Pins: 
TCK: 0, TDI: 0, TDO: 0, TMS: 0, TRES: 1, TRST: 1
* JLink Info: Found SWD-DP with ID 0x1BA01477
* JLink Info: TPIU fitted.
* JLink Info: ETM fitted.
* JLink Info:   FPUnit: 6 code (BP) slots and 2 literal slots
Hardware-Breakpoints: 6
Software-Breakpoints: 2048
Watchpoints:          4
JTAG speed: 2000 kHz
 
Erase Done.
Programming Done.
Verify OK.
* JLink Info: Found SWD-DP with ID 0x1BA01477
* JLink Info: TPIU fitted.
* JLink Info: ETM fitted.
* JLink Info:   FPUnit: 6 code (BP) slots and 2 literal slots
Application running ...
Build target 'Target 1'
assembling startup_stm32f10x_hd.s...
compiling stm32f10x_it.c...
user\stm32f10x_it.c(188): warning:  #177-D: variable "flagssss" was declared but never referenced
user\stm32f10x_it.c:    static int flagssss = 0;
user\stm32f10x_it.c:               ^
user\stm32f10x_it.c: user\stm32f10x_it.c: 1 warning, 0 errors
compiling main.c...
compiling movebase.c...
user\movebase.c(57): warning:  #68-D: integer conversion resulted in a change of sign
user\movebase.c:       NVIC_InitStructure.NVIC_IRQChannel = SysTick_IRQn;                              //中断中断
user\movebase.c:                                            ^
user\movebase.c: user\movebase.c: 1 warning, 0 errors
compiling system.c...
user\system.c(359): warning:  #177-D: variable "tmpx" was declared but never referenced
user\system.c:          double tmpx = 0.0;
user\system.c:                 ^
user\system.c(360): warning:  #177-D: variable "tmpy" was declared but never referenced
user\system.c:          double tmpy = 0.0;
user\system.c:                 ^
user\system.c: user\system.c: 2 warnings, 0 errors
compiling canopen.c...
compiling misc.c...
compiling stm32f10x_gpio.c...
compiling stm32f10x_rcc.c...
compiling stm32f10x_usart.c...
compiling stm32f10x_fsmc.c...
compiling stm32f10x_dma.c...
compiling stm32f10x_adc.c...
compiling stm32f10x_can.c...
compiling core_cm3.c...
compiling system_stm32f10x.c...
linking...
Program Size: Code=27712 RO-data=624 RW-data=124 ZI-data=4572  
FromELF: creating hex file...
".\Obj\STM32-FD-FM.axf" - 0 Error(s), 4 Warning(s).
Load "C:\\Users\\Handy_35\\Desktop\\change_test\\kivafour(draw back test)\\Obj\\STM32-FD-FM.AXF" 
Set JLink Project File to "C:\Users\Handy_35\Desktop\change_test\kivafour(draw back test)\JLinkSettings.ini"
 
JLink info:
------------
DLL: V4.15n, compiled Jun 18 2010 19:55:09
Firmware: J-Link ARM V8 compiled Jan 31 2018 18:34:52
Hardware: V8.00
S/N : 20080643 
Feature(s) : RDI,FlashDL,FlashBP,JFlash,GDBFull 
 
* JLink Info: Found SWD-DP with ID 0x1BA01477
* JLink Info: TPIU fitted.
* JLink Info: ETM fitted.
* JLink Info:   FPUnit: 6 code (BP) slots and 2 literal slots
ROMTableAddr = 0xE00FF003
 
Target info:
------------
Device: STM32F103VE
VTarget = 3.293V
State of Pins: 
TCK: 0, TDI: 0, TDO: 0, TMS: 0, TRES: 1, TRST: 1
* JLink Info: Found SWD-DP with ID 0x1BA01477
* JLink Info: TPIU fitted.
* JLink Info: ETM fitted.
* JLink Info:   FPUnit: 6 code (BP) slots and 2 literal slots
Hardware-Breakpoints: 6
Software-Breakpoints: 2048
Watchpoints:          4
JTAG speed: 2000 kHz
 
Erase Done.
Programming Done.
Verify OK.
* JLink Info: Found SWD-DP with ID 0x1BA01477
* JLink Info: TPIU fitted.
* JLink Info: ETM fitted.
* JLink Info:   FPUnit: 6 code (BP) slots and 2 literal slots
Application running ...
Build target 'Target 1'
compiling system.c...
user\system.c(360): warning:  #177-D: variable "tmpx" was declared but never referenced
user\system.c:          double tmpx = 0.0;
user\system.c:                 ^
user\system.c(361): warning:  #177-D: variable "tmpy" was declared but never referenced
user\system.c:          double tmpy = 0.0;
user\system.c:                 ^
user\system.c: user\system.c: 2 warnings, 0 errors
linking...
Program Size: Code=27728 RO-data=624 RW-data=124 ZI-data=4572  
FromELF: creating hex file...
".\Obj\STM32-FD-FM.axf" - 0 Error(s), 2 Warning(s).
Load "C:\\Users\\Handy_35\\Desktop\\change_test\\kivafour(draw back test)\\Obj\\STM32-FD-FM.AXF" 
Set JLink Project File to "C:\Users\Handy_35\Desktop\change_test\kivafour(draw back test)\JLinkSettings.ini"
 
JLink info:
------------
DLL: V4.15n, compiled Jun 18 2010 19:55:09
Firmware: J-Link ARM V8 compiled Jan 31 2018 18:34:52
Hardware: V8.00
S/N : 20080643 
Feature(s) : RDI,FlashDL,FlashBP,JFlash,GDBFull 
 
* JLink Info: Found SWD-DP with ID 0x1BA01477
* JLink Info: TPIU fitted.
* JLink Info: ETM fitted.
* JLink Info:   FPUnit: 6 code (BP) slots and 2 literal slots
ROMTableAddr = 0xE00FF003
 
Target info:
------------
Device: STM32F103VE
VTarget = 3.293V
State of Pins: 
TCK: 0, TDI: 0, TDO: 0, TMS: 0, TRES: 1, TRST: 1
* JLink Info: Found SWD-DP with ID 0x1BA01477
* JLink Info: TPIU fitted.
* JLink Info: ETM fitted.
* JLink Info:   FPUnit: 6 code (BP) slots and 2 literal slots
Hardware-Breakpoints: 6
Software-Breakpoints: 2048
Watchpoints:          4
JTAG speed: 2000 kHz
 
Erase Done.
Programming Done.
Verify OK.
* JLink Info: Found SWD-DP with ID 0x1BA01477
* JLink Info: TPIU fitted.
* JLink Info: ETM fitted.
* JLink Info:   FPUnit: 6 code (BP) slots and 2 literal slots
Application running ...
Build target 'Target 1'
compiling main.c...
compiling movebase.c...
user\movebase.c(57): warning:  #68-D: integer conversion resulted in a change of sign
user\movebase.c:       NVIC_InitStructure.NVIC_IRQChannel = SysTick_IRQn;                              //中断中断
user\movebase.c:                                            ^
user\movebase.c: user\movebase.c: 1 warning, 0 errors
compiling system.c...
user\system.c(360): warning:  #177-D: variable "tmpx" was declared but never referenced
user\system.c:          double tmpx = 0.0;
user\system.c:                 ^
user\system.c(361): warning:  #177-D: variable "tmpy" was declared but never referenced
user\system.c:          double tmpy = 0.0;
user\system.c:                 ^
user\system.c: user\system.c: 2 warnings, 0 errors
compiling canopen.c...
linking...
Program Size: Code=27704 RO-data=624 RW-data=124 ZI-data=4572  
FromELF: creating hex file...
".\Obj\STM32-FD-FM.axf" - 0 Error(s), 3 Warning(s).
Load "C:\\Users\\Handy_35\\Desktop\\change_test\\kivafour(draw back test)\\Obj\\STM32-FD-FM.AXF" 
Set JLink Project File to "C:\Users\Handy_35\Desktop\change_test\kivafour(draw back test)\JLinkSettings.ini"
 
JLink info:
------------
DLL: V4.15n, compiled Jun 18 2010 19:55:09
Firmware: J-Link ARM V8 compiled Jan 31 2018 18:34:52
Hardware: V8.00
S/N : 20080643 
Feature(s) : RDI,FlashDL,FlashBP,JFlash,GDBFull 
 
* JLink Info: Found SWD-DP with ID 0x1BA01477
* JLink Info: TPIU fitted.
* JLink Info: ETM fitted.
* JLink Info:   FPUnit: 6 code (BP) slots and 2 literal slots
ROMTableAddr = 0xE00FF003
 
Target info:
------------
Device: STM32F103VE
VTarget = 3.293V
State of Pins: 
TCK: 0, TDI: 0, TDO: 0, TMS: 0, TRES: 1, TRST: 1
* JLink Info: Found SWD-DP with ID 0x1BA01477
* JLink Info: TPIU fitted.
* JLink Info: ETM fitted.
* JLink Info:   FPUnit: 6 code (BP) slots and 2 literal slots
Hardware-Breakpoints: 6
Software-Breakpoints: 2048
Watchpoints:          4
JTAG speed: 2000 kHz
 
Erase Done.
Programming Done.
Verify OK.
* JLink Info: Found SWD-DP with ID 0x1BA01477
* JLink Info: TPIU fitted.
* JLink Info: ETM fitted.
* JLink Info:   FPUnit: 6 code (BP) slots and 2 literal slots
Application running ...
